Archive member included to satisfy reference by file (symbol)

C:\Users\libc0\Desktop\dice\CH573EVT\EVT\EXAM\SRC\StdPeriphDriver\libISP573.a(ISP573.o)
                              ./StdPeriphDriver/CH57x_pwr.o (FLASH_EEPROM_CMD)
C:\Users\libc0\Desktop\dice\CH573EVT\EVT\EXAM\BLE\LIB\libCH57xBLE.a(message.o)
                              ./HAL/MCU.o (tmos_msg_deallocate)
C:\Users\libc0\Desktop\dice\CH573EVT\EVT\EXAM\BLE\LIB\libCH57xBLE.a(tmos.o)
                              ./Profile/devinfoservice.o (tmos_memcpy)
C:\Users\libc0\Desktop\dice\CH573EVT\EVT\EXAM\BLE\LIB\libCH57xBLE.a(tmos_hw.o)
                              C:\Users\libc0\Desktop\dice\CH573EVT\EVT\EXAM\BLE\LIB\libCH57xBLE.a(tmos.o) (RTC_Get32KClock)
C:\Users\libc0\Desktop\dice\CH573EVT\EVT\EXAM\BLE\LIB\libCH57xBLE.a(tmos_snv.o)
                              C:\Users\libc0\Desktop\dice\CH573EVT\EVT\EXAM\BLE\LIB\libCH57xBLE.a(tmos.o) (tmos_snv_init)
C:\Users\libc0\Desktop\dice\CH573EVT\EVT\EXAM\BLE\LIB\libCH57xBLE.a(att.o)
                              ./APP/peripheral.o (ATT_GetMTU)
C:\Users\libc0\Desktop\dice\CH573EVT\EVT\EXAM\BLE\LIB\libCH57xBLE.a(att_client.o)
                              C:\Users\libc0\Desktop\dice\CH573EVT\EVT\EXAM\BLE\LIB\libCH57xBLE.a(att.o) (ATT_HandleValueConfirmation)
C:\Users\libc0\Desktop\dice\CH573EVT\EVT\EXAM\BLE\LIB\libCH57xBLE.a(gap.o)
                              ./APP/peripheral.o (GAP_SetParamValue)
C:\Users\libc0\Desktop\dice\CH573EVT\EVT\EXAM\BLE\LIB\libCH57xBLE.a(gap_central.o)
                              C:\Users\libc0\Desktop\dice\CH573EVT\EVT\EXAM\BLE\LIB\libCH57xBLE.a(gap.o) (GAP_CentralParamInit)
C:\Users\libc0\Desktop\dice\CH573EVT\EVT\EXAM\BLE\LIB\libCH57xBLE.a(gap_peripheral.o)
                              C:\Users\libc0\Desktop\dice\CH573EVT\EVT\EXAM\BLE\LIB\libCH57xBLE.a(gap.o) (GAP_PeripheralParamInit)
C:\Users\libc0\Desktop\dice\CH573EVT\EVT\EXAM\BLE\LIB\libCH57xBLE.a(gapgattserver.o)
                              ./APP/peripheral.o (GGS_SetParameter)
C:\Users\libc0\Desktop\dice\CH573EVT\EVT\EXAM\BLE\LIB\libCH57xBLE.a(gatt.o)
                              ./APP/peripheral.o (GATT_bm_alloc)
C:\Users\libc0\Desktop\dice\CH573EVT\EVT\EXAM\BLE\LIB\libCH57xBLE.a(gatt_uuid.o)
                              C:\Users\libc0\Desktop\dice\CH573EVT\EVT\EXAM\BLE\LIB\libCH57xBLE.a(gatt.o) (serviceChangedUUID)
C:\Users\libc0\Desktop\dice\CH573EVT\EVT\EXAM\BLE\LIB\libCH57xBLE.a(gattclientapp.o)
                              C:\Users\libc0\Desktop\dice\CH573EVT\EVT\EXAM\BLE\LIB\libCH57xBLE.a(gatt.o) (gattGetClientStatus)
C:\Users\libc0\Desktop\dice\CH573EVT\EVT\EXAM\BLE\LIB\libCH57xBLE.a(gattservapp.o)
                              ./Profile/gattprofile.o (GATTServApp_ReadCharCfg)
C:\Users\libc0\Desktop\dice\CH573EVT\EVT\EXAM\BLE\LIB\libCH57xBLE.a(l2cap.o)
                              C:\Users\libc0\Desktop\dice\CH573EVT\EVT\EXAM\BLE\LIB\libCH57xBLE.a(att.o) (L2CAP_GetMTU)
C:\Users\libc0\Desktop\dice\CH573EVT\EVT\EXAM\BLE\LIB\libCH57xBLE.a(l2cap_input.o)
                              C:\Users\libc0\Desktop\dice\CH573EVT\EVT\EXAM\BLE\LIB\libCH57xBLE.a(l2cap.o) (l2capProcessRxData)
C:\Users\libc0\Desktop\dice\CH573EVT\EVT\EXAM\BLE\LIB\libCH57xBLE.a(l2cap_output.o)
                              C:\Users\libc0\Desktop\dice\CH573EVT\EVT\EXAM\BLE\LIB\libCH57xBLE.a(l2cap_input.o) (l2capNotifyData)
C:\Users\libc0\Desktop\dice\CH573EVT\EVT\EXAM\BLE\LIB\libCH57xBLE.a(l2cap_sdu.o)
                              C:\Users\libc0\Desktop\dice\CH573EVT\EVT\EXAM\BLE\LIB\libCH57xBLE.a(l2cap_input.o) (l2capBuildDisconnectRsp)
C:\Users\libc0\Desktop\dice\CH573EVT\EVT\EXAM\BLE\LIB\libCH57xBLE.a(linkdb.o)
                              C:\Users\libc0\Desktop\dice\CH573EVT\EVT\EXAM\BLE\LIB\libCH57xBLE.a(l2cap.o) (linkDB_Init)
C:\Users\libc0\Desktop\dice\CH573EVT\EVT\EXAM\BLE\LIB\libCH57xBLE.a(sm.o)
                              C:\Users\libc0\Desktop\dice\CH573EVT\EVT\EXAM\BLE\LIB\libCH57xBLE.a(gap.o) (smStartEncryption)
C:\Users\libc0\Desktop\dice\CH573EVT\EVT\EXAM\BLE\LIB\libCH57xBLE.a(host_input.o)
                              C:\Users\libc0\Desktop\dice\CH573EVT\EVT\EXAM\BLE\LIB\libCH57xBLE.a(gap.o) (gBleHostPara)
C:\Users\libc0\Desktop\dice\CH573EVT\EVT\EXAM\BLE\LIB\libCH57xBLE.a(host_output.o)
                              C:\Users\libc0\Desktop\dice\CH573EVT\EVT\EXAM\BLE\LIB\libCH57xBLE.a(gap.o) (HCI_DisconnectCmd)
C:\Users\libc0\Desktop\dice\CH573EVT\EVT\EXAM\BLE\LIB\libCH57xBLE.a(ll_connect.o)
                              C:\Users\libc0\Desktop\dice\CH573EVT\EVT\EXAM\BLE\LIB\libCH57xBLE.a(tmos.o) (LL_GetNextConnectEventTime)
C:\Users\libc0\Desktop\dice\CH573EVT\EVT\EXAM\BLE\LIB\libCH57xBLE.a(ll_core.o)
                              C:\Users\libc0\Desktop\dice\CH573EVT\EVT\EXAM\BLE\LIB\libCH57xBLE.a(ll_connect.o) (LL_CoreGetCore)
C:\Users\libc0\Desktop\dice\CH573EVT\EVT\EXAM\BLE\LIB\libCH57xBLE.a(ll_hop.o)
[...]
Memory Configuration

Name             Origin             Length             Attributes
FLASH            0x0000000000000000 0x0000000000070000 xr
RAM              0x0000000020003800 0x0000000000004800 xrw
*default*        0x0000000000000000 0xffffffffffffffff

Linker script and memory map

LOAD ./StdPeriphDriver/CH57x_adc.o
LOAD ./StdPeriphDriver/CH57x_clk.o
LOAD ./StdPeriphDriver/CH57x_flash.o
LOAD ./StdPeriphDriver/CH57x_gpio.o
LOAD ./StdPeriphDriver/CH57x_pwr.o
LOAD ./StdPeriphDriver/CH57x_spi0.o
LOAD ./StdPeriphDriver/CH57x_sys.o
LOAD ./StdPeriphDriver/CH57x_timer0.o
LOAD ./StdPeriphDriver/CH57x_uart0.o
LOAD ./Startup/startup_CH573.o
LOAD ./RVMSIS/core_riscv.o
LOAD ./Profile/devinfoservice.o
LOAD ./Profile/gattprofile.o
LOAD ./HAL/MCU.o
LOAD ./HAL/RTC.o
LOAD ./HAL/SLEEP.o
LOAD ./APP/ble_uart_service/ble_uart_service_16bit.o
LOAD ./APP/app_drv_fifo/app_drv_fifo.o
LOAD ./APP/apa102.o
LOAD ./APP/dice_misc.o
LOAD ./APP/i2c.o
LOAD ./APP/lis2dw12_glue.o
LOAD ./APP/lis2dw12_reg.o
LOAD ./APP/peripheral.o
LOAD ./APP/peripheral_main.o
LOAD C:\Users\libc0\Desktop\dice\CH573EVT\EVT\EXAM\SRC\StdPeriphDriver\libISP573.a
LOAD C:\Users\libc0\Desktop\dice\CH573EVT\EVT\EXAM\BLE\LIB\libCH57xBLE.a
LOAD c:/mounriver/mounriver_studio/toolchain/risc-v embedded gcc/bin/../lib/gcc/riscv-none-embed/8.2.0/rv32imac/ilp32\libgcc.a
LOAD c:/mounriver/mounriver_studio/toolchain/risc-v embedded gcc/bin/../lib/gcc/riscv-none-embed/8.2.0/../../../../riscv-none-embed/lib/rv32imac/ilp32\libg_nano.a
LOAD c:/mounriver/mounriver_studio/toolchain/risc-v embedded gcc/bin/../lib/gcc/riscv-none-embed/8.2.0/../../../../riscv-none-embed/lib/rv32imac/ilp32\libc_nano.a
LOAD c:/mounriver/mounriver_studio/toolchain/risc-v embedded gcc/bin/../lib/gcc/riscv-none-embed/8.2.0/rv32imac/ilp32\libgcc.a
START GROUP
LOAD c:/mounriver/mounriver_studio/toolchain/risc-v embedded gcc/bin/../lib/gcc/riscv-none-embed/8.2.0/rv32imac/ilp32\libgcc.a
LOAD c:/mounriver/mounriver_studio/toolchain/risc-v embedded gcc/bin/../lib/gcc/riscv-none-embed/8.2.0/../../../../riscv-none-embed/lib/rv32imac/ilp32\libc_nano.a
LOAD c:/mounriver/mounriver_studio/toolchain/risc-v embedded gcc/bin/../lib/gcc/riscv-none-embed/8.2.0/../../../../riscv-none-embed/lib/rv32imac/ilp32\libnosys.a
END GROUP
START GROUP
LOAD c:/mounriver/mounriver_studio/toolchain/risc-v embedded gcc/bin/../lib/gcc/riscv-none-embed/8.2.0/rv32imac/ilp32\libgcc.a
LOAD c:/mounriver/mounriver_studio/toolchain/risc-v embedded gcc/bin/../lib/gcc/riscv-none-embed/8.2.0/../../../../riscv-none-embed/lib/rv32imac/ilp32\libc_nano.a
LOAD c:/mounriver/mounriver_studio/toolchain/risc-v embedded gcc/bin/../lib/gcc/riscv-none-embed/8.2.0/../../../../riscv-none-embed/lib/rv32imac/ilp32\libnosys.a
END GROUP

.init           0x0000000000000000        0x4
                0x0000000000000000                _sinit = .
                0x0000000000000000                . = ALIGN (0x4)
 *(SORT_NONE(.init))
 .init          0x0000000000000000        0x4 ./Startup/startup_CH573.o
                0x0000000000000000                _start
                0x0000000000000004                . = ALIGN (0x4)
                0x0000000000000004                _einit = .

.highcodelalign
                0x0000000000000004        0x0
                0x0000000000000004                . = ALIGN (0x4)
                0x0000000000000004                PROVIDE (_highcode_lma = .)

.highcode       0x0000000020003800     0x1484 load address 0x0000000000000004
                0x0000000020003800                . = ALIGN (0x4)
                0x0000000020003800                PROVIDE (_highcode_vma_start = .)
 *(.vector)
 .vector        0x0000000020003800       0x90 ./Startup/startup_CH573.o
 *(SORT_NONE(.vector_handler))
 .vector_handler
                0x0000000020003890       0x2c ./Startup/startup_CH573.o
                0x0000000020003890                NMI_Handler
                0x0000000020003894                SysTick_Handler
                0x0000000020003896                SW_Handler
                0x0000000020003898                TMR0_IRQHandler
                0x000000002000389a                GPIOA_IRQHandler
                0x000000002000389c                GPIOB_IRQHandler
                0x000000002000389e                SPI0_IRQHandler
                0x00000000200038a0                BB_IRQHandler
                0x00000000200038a2                LLE_IRQHandler
                0x00000000200038a4                USB_IRQHandler
                0x00000000200038a6                TMR1_IRQHandler
                0x00000000200038a8                TMR2_IRQHandler
                0x00000000200038aa                UART0_IRQHandler
                0x00000000200038ac                UART1_IRQHandler
                0x00000000200038b0                ADC_IRQHandler
                0x00000000200038b2                PWMX_IRQHandler
                0x00000000200038b4                TMR3_IRQHandler
                0x00000000200038b6                UART2_IRQHandler
                0x00000000200038b8                UART3_IRQHandler
                0x00000000200038ba                WDOG_BAT_IRQHandler
 *(.highcode)
 .highcode      0x00000000200038bc       0x4a ./StdPeriphDriver/CH57x_clk.o
                0x00000000200038bc                Get_Calibration_Cnt_RAM
 .highcode      0x0000000020003906      0x2b8 ./StdPeriphDriver/CH57x_pwr.o
                0x0000000020003906                LowPower_Idle
                0x0000000020003944                LowPower_Halt
                0x0000000020003a00                LowPower_Sleep
                0x0000000020003af0                LowPower_Shutdown
 .highcode      0x0000000020003bbe      0x1a8 ./StdPeriphDriver/CH57x_sys.o
                0x0000000020003bbe                SetSysClock
                0x0000000020003cba                SYS_ResetExecute
                0x0000000020003cf2                HardFault_Handler
                0x0000000020003d30                mDelayuS
                0x0000000020003d3e                mDelaymS
 .highcode      0x0000000020003d66       0x16 ./HAL/RTC.o
                0x0000000020003d66                RTC_IRQHandler
 .highcode      0x0000000020003d7c        0x8 ./APP/peripheral_main.o
                0x0000000020003d7c                Main_Circulation
 .highcode      0x0000000020003d84      0x3ee C:\Users\libc0\Desktop\dice\CH573EVT\EVT\EXAM\SRC\StdPeriphDriver\libISP573.a(ISP573.o)
                0x0000000020003d84                FLASH_ROM_BEG
                0x0000000020003d96                FLASH_ROM_END
                0x0000000020003da4                FLASH_ROM_IN
                0x0000000020003db2                FLASH_ROM_OUT
                0x0000000020003dc0                FLASH_ROM_ADDR
                0x0000000020003e08                FLASH_ROM_WAIT
                0x0000000020003e40                FLASH_EEPROM_CMD
 .highcode      0x0000000020004172      0x230 C:\Users\libc0\Desktop\dice\CH573EVT\EVT\EXAM\BLE\LIB\libCH57xBLE.a(tmos.o)
                0x000000002000418e                tmos_memcpy
                0x00000000200041ae                tmos_memcpy_word
                0x00000000200041ca                TMOS_SystemProcess
 .highcode      0x00000000200043a2       0xc2 C:\Users\libc0\Desktop\dice\CH573EVT\EVT\EXAM\BLE\LIB\libCH57xBLE.a(tmos_hw.o)
                0x00000000200043a2                BLE_GetHSEClock
                0x00000000200043e0                RTC_Get32KClock
                0x00000000200043f8                SYS_GetTickCount
 .highcode      0x0000000020004464      0x138 C:\Users\libc0\Desktop\dice\CH573EVT\EVT\EXAM\BLE\LIB\libCH57xBLE.a(ll_connect.o)
                0x0000000020004464                ll_connect_process_data
                0x00000000200044b2                ll_connect_event_continue
 .highcode      0x000000002000459c      0x1c4 C:\Users\libc0\Desktop\dice\CH573EVT\EVT\EXAM\BLE\LIB\libCH57xBLE.a(bb.o)
                0x000000002000459c                BB_IRQLibHandler
                0x0000000020004716                BB_IRQLibFunction
 .highcode      0x0000000020004760      0x198 C:\Users\libc0\Desktop\dice\CH573EVT\EVT\EXAM\BLE\LIB\libCH57xBLE.a(ip.o)
                0x0000000020004760                ll_tx_wait_finish
                0x000000002000478c                ll_tx_wait_tx_dma
                0x00000000200047ea                ll_rx_wait_finish
                0x0000000020004820                ll_rx_wait_tx_dma
                0x000000002000486e                ble_ll_chkcrc
 .highcode      0x00000000200048f8      0x1a4 C:\Users\libc0\Desktop\dice\CH573EVT\EVT\EXAM\BLE\LIB\libCH57xBLE.a(lle.o)
                0x00000000200048f8                LLE_IRQLibHandler
                0x0000000020004a52                LLE_IRQLibFunction
 .highcode      0x0000000020004a9c       0x82 C:\Users\libc0\Desktop\dice\CH573EVT\EVT\EXAM\BLE\LIB\libCH57xBLE.a(rf_fh.o)
                0x0000000020004a9c                RF_HopGetChannel
 .highcode      0x0000000020004b1e       0x2c C:\Users\libc0\Desktop\dice\CH573EVT\EVT\EXAM\BLE\LIB\libCH57xBLE.a(rfend.o)
                0x0000000020004b1e                RFEND_WaitTune
 .highcode      0x0000000020004b4a      0x13a C:\Users\libc0\Desktop\dice\CH573EVT\EVT\EXAM\BLE\LIB\libCH57xBLE.a(memory.o)
                0x0000000020004b4a                tmos_memory_allocate
                0x0000000020004be4                tmos_memory_free
 *(.highcode.*)
                0x0000000020004c84                . = ALIGN (0x4)
 *fill*         0x0000000020004c84        0x0 
                0x0000000020004c84                PROVIDE (_highcode_vma_end = .)

.text           0x0000000000001488    0x1ebe4
                0x0000000000001488                . = ALIGN (0x4)
 *(SORT_NONE(.handle_reset))
 .handle_reset  0x0000000000001488       0xa2 ./Startup/startup_CH573.o
                0x0000000000001488                handle_reset
 *(.text)
 .text          0x000000000000152a       0xa8 c:/mounriver/mounriver_studio/toolchain/risc-v embedded gcc/bin/../lib/gcc/riscv-none-embed/8.2.0/../../../../riscv-none-embed/lib/rv32imac/ilp32\libg_nano.a(lib_a-memset.o)
                0x000000000000152a                memset
 *(.text.*)
 .text.ADC_DataCalib_Rough
                0x00000000000015d2       0x84 ./StdPeriphDriver/CH57x_adc.o
                0x00000000000015d2                ADC_DataCalib_Rough
 .text.ADC_ExtSingleChSampInit
                0x0000000000001656       0x24 ./StdPeriphDriver/CH57x_adc.o
                0x0000000000001656                ADC_ExtSingleChSampInit
 .text.ADC_InterTSSampInit
                0x000000000000167a       0x28 ./StdPeriphDriver/CH57x_adc.o
                0x000000000000167a                ADC_InterTSSampInit
 .text.ADC_ExcutSingleConver
                0x00000000000016a2       0x20 ./StdPeriphDriver/CH57x_adc.o
                0x00000000000016a2                ADC_ExcutSingleConver
 .text.adc_to_temperature_celsius
                0x00000000000016c2       0x24 ./StdPeriphDriver/CH57x_adc.o
                0x00000000000016c2                adc_to_temperature_celsius
 .text.Calibration_LSI_FLASH
                0x00000000000016e6      0x284 ./StdPeriphDriver/CH57x_clk.o
                0x00000000000016e6                Calibration_LSI_FLASH
 .text.Calibration_LSI_RAM
                0x000000000000196a      0x23e ./StdPeriphDriver/CH57x_clk.o
                0x000000000000196a                Calibration_LSI_RAM
 .text.RTC_InitTime
                0x0000000000001ba8      0x134 ./StdPeriphDriver/CH57x_clk.o
                0x0000000000001ba8                RTC_InitTime
 .text.GPIOA_ModeCfg
                0x0000000000001cdc       0xa6 ./StdPeriphDriver/CH57x_gpio.o
                0x0000000000001cdc                GPIOA_ModeCfg
 .text.GPIOB_ModeCfg
                0x0000000000001d82       0xa6 ./StdPeriphDriver/CH57x_gpio.o
                0x0000000000001d82                GPIOB_ModeCfg
 .text.PWR_DCDCCfg
                0x0000000000001e28       0x7c ./StdPeriphDriver/CH57x_pwr.o
                0x0000000000001e28                PWR_DCDCCfg
 .text.SPI0_MasterDefInit
                0x0000000000001ea4       0x32 ./StdPeriphDriver/CH57x_spi0.o
                0x0000000000001ea4                SPI0_MasterDefInit
 .text.SPI0_DataMode
                0x0000000000001ed6       0x6a ./StdPeriphDriver/CH57x_spi0.o
                0x0000000000001ed6                SPI0_DataMode
 .text.SPI0_MasterDMATrans
                0x0000000000001f40       0x50 ./StdPeriphDriver/CH57x_spi0.o
                0x0000000000001f40                SPI0_MasterDMATrans
 .text.GetSysClock
                0x0000000000001f90       0x42 ./StdPeriphDriver/CH57x_sys.o
                0x0000000000001f90                GetSysClock
 .text.SYS_GetSysTickCnt
                0x0000000000001fd2        0xa ./StdPeriphDriver/CH57x_sys.o
                0x0000000000001fd2                SYS_GetSysTickCnt
 .text._write   0x0000000000001fdc       0x28 ./StdPeriphDriver/CH57x_sys.o
                0x0000000000001fdc                _write
 .text.UART0_BaudRateCfg
                0x0000000000002004       0x30 ./StdPeriphDriver/CH57x_uart0.o
                0x0000000000002004                UART0_BaudRateCfg
 .text.UART0_DefInit
                0x0000000000002034       0x32 ./StdPeriphDriver/CH57x_uart0.o
                0x0000000000002034                UART0_DefInit
 .text.devInfo_ReadAttrCB
                0x0000000000002066      0x190 ./Profile/devinfoservice.o
 .text.DevInfo_AddService
                0x00000000000021f6       0x18 ./Profile/devinfoservice.o
                0x00000000000021f6                DevInfo_AddService
 .text.Lib_Calibration_LSI
                0x000000000000220e       0x30 ./HAL/MCU.o
                0x000000000000220e                Lib_Calibration_LSI
 .text.Lib_Read_Flash
                0x000000000000223e       0x1c ./HAL/MCU.o
                0x000000000000223e                Lib_Read_Flash
 .text.Lib_Write_Flash
                0x000000000000225a       0x40 ./HAL/MCU.o
                0x000000000000225a                Lib_Write_Flash
 .text.HAL_GetInterTempValue
                0x000000000000229a       0x72 ./HAL/MCU.o
                0x000000000000229a                HAL_GetInterTempValue
 .text.HAL_ProcessEvent
                0x000000000000230c       0x7e ./HAL/MCU.o
                0x000000000000230c                HAL_ProcessEvent
 .text.CH57X_BLEInit
                0x000000000000238a      0x12c ./HAL/MCU.o
                0x000000000000238a                CH57X_BLEInit
 .text.HAL_Init
                0x00000000000024b6       0x34 ./HAL/MCU.o
                0x00000000000024b6                HAL_Init
 .text.HAL_TimeInit
                0x00000000000024ea       0x5e ./HAL/RTC.o
                0x00000000000024ea                HAL_TimeInit
 .text.ble_uart_WriteAttrCB
                0x0000000000002548       0xba ./APP/ble_uart_service/ble_uart_service_16bit.o
 .text.ble_uart_ReadAttrCB
                0x0000000000002602       0x6e ./APP/ble_uart_service/ble_uart_service_16bit.o
 .text.ble_uart_HandleConnStatusCB
                0x0000000000002670       0x3e ./APP/ble_uart_service/ble_uart_service_16bit.o
 .text.ble_uart_add_service
                0x00000000000026ae       0x5a ./APP/ble_uart_service/ble_uart_service_16bit.o
                0x00000000000026ae                ble_uart_add_service
 .text.ble_uart_notify_is_ready
                0x0000000000002708       0x18 ./APP/ble_uart_service/ble_uart_service_16bit.o
                0x0000000000002708                ble_uart_notify_is_ready
 .text.ble_uart_notify
                0x0000000000002720       0x46 ./APP/ble_uart_service/ble_uart_service_16bit.o
                0x0000000000002720                ble_uart_notify
 .text.app_drv_fifo_length
                0x0000000000002766       0x12 ./APP/app_drv_fifo/app_drv_fifo.o
                0x0000000000002766                app_drv_fifo_length
 .text.app_drv_fifo_init
                0x0000000000002778       0x26 ./APP/app_drv_fifo/app_drv_fifo.o
                0x0000000000002778                app_drv_fifo_init
 .text.app_drv_fifo_flush
                0x000000000000279e        0x6 ./APP/app_drv_fifo/app_drv_fifo.o
                0x000000000000279e                app_drv_fifo_flush
 .text.app_drv_fifo_is_empty
                0x00000000000027a4       0x12 ./APP/app_drv_fifo/app_drv_fifo.o
                0x00000000000027a4                app_drv_fifo_is_empty
 .text.app_drv_fifo_write
                0x00000000000027b6       0x72 ./APP/app_drv_fifo/app_drv_fifo.o
                0x00000000000027b6                app_drv_fifo_write
 .text.app_drv_fifo_read
                0x0000000000002828       0x62 ./APP/app_drv_fifo/app_drv_fifo.o
                0x0000000000002828                app_drv_fifo_read
 .text.apa102_set_rgb
                0x000000000000288a       0x2c ./APP/apa102.o
                0x000000000000288a                apa102_set_rgb
 .text.apa102_set_color
                0x00000000000028b6       0x32 ./APP/apa102.o
                0x00000000000028b6                apa102_set_color
 .text.apa102_set_color_all
                0x00000000000028e8       0x34 ./APP/apa102.o
                0x00000000000028e8                apa102_set_color_all
 .text.apa102_turn_off_all
                0x000000000000291c       0x2c ./APP/apa102.o
                0x000000000000291c                apa102_turn_off_all
 .text.apa102_update
                0x0000000000002948       0x10 ./APP/apa102.o
                0x0000000000002948                apa102_update
 .text.apa102_power_enable
                0x0000000000002958       0x30 ./APP/apa102.o
                0x0000000000002958                apa102_power_enable
 .text.apa102_spi0_init
                0x0000000000002988       0x3e ./APP/apa102.o
                0x0000000000002988                apa102_spi0_init
 .text.dice_ori_push
                0x00000000000029c6       0x24 ./APP/dice_misc.o
                0x00000000000029c6                dice_ori_push
 .text.dice_ori_seq_stable
                0x00000000000029ea       0x22 ./APP/dice_misc.o
                0x00000000000029ea                dice_ori_seq_stable
 .text.dice_set_led_by_ori
                0x0000000000002a0c       0x94 ./APP/dice_misc.o
                0x0000000000002a0c                dice_set_led_by_ori
 .text.dice_process_init
                0x0000000000002aa0       0x7a ./APP/dice_misc.o
                0x0000000000002aa0                dice_process_init
 .text.pin_init
                0x0000000000002b1a       0x70 ./APP/dice_misc.o
                0x0000000000002b1a                pin_init
 .text.pin_init_sleep
                0x0000000000002b8a       0x54 ./APP/dice_misc.o
                0x0000000000002b8a                pin_init_sleep
 .text.get_internal_temperature
                0x0000000000002bde       0x32 ./APP/dice_misc.o
                0x0000000000002bde                get_internal_temperature
 .text.get_battery_voltage_mv
                0x0000000000002c10       0x6a ./APP/dice_misc.o
                0x0000000000002c10                get_battery_voltage_mv
 .text.dice_gen_ble_report_msg
                0x0000000000002c7a       0x54 ./APP/dice_misc.o
                0x0000000000002c7a                dice_gen_ble_report_msg
 .text.get_led_color_by_battery
                0x0000000000002cce       0x4a ./APP/dice_misc.o
                0x0000000000002cce                get_led_color_by_battery
 .text.omni_rgb
                0x0000000000002d18      0x1d2 ./APP/dice_misc.o
                0x0000000000002d18                omni_rgb
 .text.dice_ProcessEvent
                0x0000000000002eea      0x32e ./APP/dice_misc.o
                0x0000000000002eea                dice_ProcessEvent
 .text.I2C_delay
                0x0000000000003218        0xa ./APP/i2c.o
                0x0000000000003218                I2C_delay
 .text.I2C_Start
                0x0000000000003222       0x6e ./APP/i2c.o
                0x0000000000003222                I2C_Start
 .text.I2C_Stop
                0x0000000000003290       0x58 ./APP/i2c.o
                0x0000000000003290                I2C_Stop
 .text.I2C_Ack  0x00000000000032e8       0x52 ./APP/i2c.o
                0x00000000000032e8                I2C_Ack
 .text.I2C_NoAck
                0x000000000000333a       0x50 ./APP/i2c.o
                0x000000000000333a                I2C_NoAck
 .text.I2C_WaitAck
                0x000000000000338a       0x56 ./APP/i2c.o
                0x000000000000338a                I2C_WaitAck
 .text.I2C_SendByte
                0x00000000000033e0       0x96 ./APP/i2c.o
                0x00000000000033e0                I2C_SendByte
 .text.I2C_ReadByte
                0x0000000000003476       0x96 ./APP/i2c.o
                0x0000000000003476                I2C_ReadByte
 .text.platform_write
                0x000000000000350c       0x5e ./APP/lis2dw12_glue.o
 .text.platform_read
                0x000000000000356a       0x78 ./APP/lis2dw12_glue.o
 .text.acc_low_power
                0x00000000000035e2       0x1c ./APP/lis2dw12_glue.o
                0x00000000000035e2                acc_low_power
 .text.acce_get_8d
                0x00000000000035fe      0x15e ./APP/lis2dw12_glue.o
                0x00000000000035fe                acce_get_8d
 .text.acce_get_int_event
                0x000000000000375c       0x40 ./APP/lis2dw12_glue.o
                0x000000000000375c                acce_get_int_event
 .text.acc_init
                0x000000000000379c       0xfe ./APP/lis2dw12_glue.o
                0x000000000000379c                acc_init
 .text.lis2dw12_read_reg
                0x000000000000389a        0x8 ./APP/lis2dw12_reg.o
                0x000000000000389a                lis2dw12_read_reg
 .text.lis2dw12_write_reg
                0x00000000000038a2        0x8 ./APP/lis2dw12_reg.o
                0x00000000000038a2                lis2dw12_write_reg
 .text.lis2dw12_from_fs2_to_mg
                0x00000000000038aa       0x1c ./APP/lis2dw12_reg.o
                0x00000000000038aa                lis2dw12_from_fs2_to_mg
 .text.lis2dw12_power_mode_set
                0x00000000000038c6       0x72 ./APP/lis2dw12_reg.o
                0x00000000000038c6                lis2dw12_power_mode_set
 .text.lis2dw12_data_rate_set
                0x0000000000003938       0x6a ./APP/lis2dw12_reg.o
                0x0000000000003938                lis2dw12_data_rate_set
 .text.lis2dw12_block_data_update_set
                0x00000000000039a2       0x3e ./APP/lis2dw12_reg.o
                0x00000000000039a2                lis2dw12_block_data_update_set
 .text.lis2dw12_full_scale_set
                0x00000000000039e0       0x40 ./APP/lis2dw12_reg.o
                0x00000000000039e0                lis2dw12_full_scale_set
 .text.lis2dw12_flag_data_ready_get
                0x0000000000003a20       0x22 ./APP/lis2dw12_reg.o
                0x0000000000003a20                lis2dw12_flag_data_ready_get
 .text.lis2dw12_all_sources_get
                0x0000000000003a42        0xa ./APP/lis2dw12_reg.o
                0x0000000000003a42                lis2dw12_all_sources_get
 .text.lis2dw12_acceleration_raw_get
                0x0000000000003a4c       0x4a ./APP/lis2dw12_reg.o
                0x0000000000003a4c                lis2dw12_acceleration_raw_get
 .text.lis2dw12_device_id_get
                0x0000000000003a96        0x8 ./APP/lis2dw12_reg.o
                0x0000000000003a96                lis2dw12_device_id_get
 .text.lis2dw12_reset_set
                0x0000000000003a9e       0x40 ./APP/lis2dw12_reg.o
                0x0000000000003a9e                lis2dw12_reset_set
 .text.lis2dw12_reset_get
                0x0000000000003ade       0x24 ./APP/lis2dw12_reg.o
                0x0000000000003ade                lis2dw12_reset_get
 .text.lis2dw12_pin_int1_route_set
                0x0000000000003b02       0x8e ./APP/lis2dw12_reg.o
                0x0000000000003b02                lis2dw12_pin_int1_route_set
 .text.lis2dw12_pin_int1_route_get
                0x0000000000003b90        0xc ./APP/lis2dw12_reg.o
                0x0000000000003b90                lis2dw12_pin_int1_route_get
 .text.lis2dw12_tap_threshold_x_set
                0x0000000000003b9c       0x40 ./APP/lis2dw12_reg.o
                0x0000000000003b9c                lis2dw12_tap_threshold_x_set
 .text.lis2dw12_tap_threshold_y_set
                0x0000000000003bdc       0x40 ./APP/lis2dw12_reg.o
                0x0000000000003bdc                lis2dw12_tap_threshold_y_set
 .text.lis2dw12_tap_threshold_z_set
                0x0000000000003c1c       0x40 ./APP/lis2dw12_reg.o
                0x0000000000003c1c                lis2dw12_tap_threshold_z_set
 .text.lis2dw12_tap_detection_on_z_set
                0x0000000000003c5c       0x44 ./APP/lis2dw12_reg.o
                0x0000000000003c5c                lis2dw12_tap_detection_on_z_set
 .text.lis2dw12_tap_detection_on_y_set
                0x0000000000003ca0       0x44 ./APP/lis2dw12_reg.o
                0x0000000000003ca0                lis2dw12_tap_detection_on_y_set
 .text.lis2dw12_tap_detection_on_x_set
                0x0000000000003ce4       0x42 ./APP/lis2dw12_reg.o
                0x0000000000003ce4                lis2dw12_tap_detection_on_x_set
 .text.lis2dw12_tap_shock_set
                0x0000000000003d26       0x40 ./APP/lis2dw12_reg.o
                0x0000000000003d26                lis2dw12_tap_shock_set
 .text.lis2dw12_tap_quiet_set
                0x0000000000003d66       0x42 ./APP/lis2dw12_reg.o
                0x0000000000003d66                lis2dw12_tap_quiet_set
 .text.lis2dw12_tap_dur_set
                0x0000000000003da8       0x40 ./APP/lis2dw12_reg.o
                0x0000000000003da8                lis2dw12_tap_dur_set
 .text.lis2dw12_tap_mode_set
                0x0000000000003de8       0x42 ./APP/lis2dw12_reg.o
                0x0000000000003de8                lis2dw12_tap_mode_set
 .text.lis2dw12_ff_dur_set
                0x0000000000003e2a       0x76 ./APP/lis2dw12_reg.o
                0x0000000000003e2a                lis2dw12_ff_dur_set
 .text.lis2dw12_ff_threshold_set
                0x0000000000003ea0       0x40 ./APP/lis2dw12_reg.o
                0x0000000000003ea0                lis2dw12_ff_threshold_set
 .text.peripheralRssiCB
                0x0000000000003ee0       0x12 ./APP/peripheral.o
 .text.on_bleuartServiceEvt
                0x0000000000003ef2       0x5c ./APP/peripheral.o
                0x0000000000003ef2                on_bleuartServiceEvt
 .text.peripheralParamUpdateCB
                0x0000000000003f4e       0x30 ./APP/peripheral.o
 .text.Peripheral_LinkTerminated
                0x0000000000003f7e       0x44 ./APP/peripheral.o
 .text.Peripheral_ProcessEvent
                0x0000000000003fc2      0x206 ./APP/peripheral.o
                0x0000000000003fc2                Peripheral_ProcessEvent
 .text.peripheralStateNotificationCB
                0x00000000000041c8      0x12e ./APP/peripheral.o
 .text.app_uart_init
                0x00000000000042f6       0x28 ./APP/peripheral.o
                0x00000000000042f6                app_uart_init
 .text.patch_mac_addr_to_ble_conf
                0x000000000000431e       0x66 ./APP/peripheral.o
                0x000000000000431e                patch_mac_addr_to_ble_conf
 .text.dice_update_advert_data
                0x0000000000004384       0x56 ./APP/peripheral.o
                0x0000000000004384                dice_update_advert_data
 .text.Peripheral_Init
                0x00000000000043da      0x13a ./APP/peripheral.o
                0x00000000000043da                Peripheral_Init
 .text.startup.main
                0x0000000000004514      0x122 ./APP/peripheral_main.o
                0x0000000000004514                main
 .text.tmos_msg_enqueue
                0x0000000000004636       0x1e C:\Users\libc0\Desktop\dice\CH573EVT\EVT\EXAM\BLE\LIB\libCH57xBLE.a(message.o)
                0x0000000000004636                tmos_msg_enqueue
 .text.tmos_msg_deallocate
                0x0000000000004654       0x2c C:\Users\libc0\Desktop\dice\CH573EVT\EVT\EXAM\BLE\LIB\libCH57xBLE.a(message.o)
                0x0000000000004654                tmos_msg_deallocate
 .text.tmos_msg_allocate
                0x0000000000004680       0x3e C:\Users\libc0\Desktop\dice\CH573EVT\EVT\EXAM\BLE\LIB\libCH57xBLE.a(message.o)
                0x0000000000004680                tmos_msg_allocate
 .text.tmos_msg_receive
                0x00000000000046be       0x68 C:\Users\libc0\Desktop\dice\CH573EVT\EVT\EXAM\BLE\LIB\libCH57xBLE.a(message.o)
                0x00000000000046be                tmos_msg_receive
 .text.tmos_msg_send
                0x0000000000004726       0x5c C:\Users\libc0\Desktop\dice\CH573EVT\EVT\EXAM\BLE\LIB\libCH57xBLE.a(message.o)
                0x0000000000004726                tmos_msg_send
 .text.tmos_msg_init
                0x0000000000004782        0x6 C:\Users\libc0\Desktop\dice\CH573EVT\EVT\EXAM\BLE\LIB\libCH57xBLE.a(message.o)
                0x0000000000004782                tmos_msg_init
 .text.tmosFindTask
                0x0000000000004788       0x20 C:\Users\libc0\Desktop\dice\CH573EVT\EVT\EXAM\BLE\LIB\libCH57xBLE.a(tmos.o)
 .text.TMOS_CbTimerProcessEvent
                0x00000000000047a8       0x80 C:\Users\libc0\Desktop\dice\CH573EVT\EVT\EXAM\BLE\LIB\libCH57xBLE.a(tmos.o)
                0x00000000000047a8                TMOS_CbTimerProcessEvent
 .text.tmos_rand
                0x0000000000004828       0x54 C:\Users\libc0\Desktop\dice\CH573EVT\EVT\EXAM\BLE\LIB\libCH57xBLE.a(tmos.o)
                0x0000000000004828                tmos_rand
 .text.tmos_query_sleep_time
                0x000000000000487c      0x178 C:\Users\libc0\Desktop\dice\CH573EVT\EVT\EXAM\BLE\LIB\libCH57xBLE.a(tmos.o)
                0x000000000000487c                tmos_query_sleep_time
 .text.tmos_memset
                0x00000000000049f4       0x12 C:\Users\libc0\Desktop\dice\CH573EVT\EVT\EXAM\BLE\LIB\libCH57xBLE.a(tmos.o)
                0x00000000000049f4                tmos_memset
 .text.tmos_strlen
                0x0000000000004a06       0x14 C:\Users\libc0\Desktop\dice\CH573EVT\EVT\EXAM\BLE\LIB\libCH57xBLE.a(tmos.o)
                0x0000000000004a06                tmos_strlen
 .text.tmos_memdup
                0x0000000000004a1a       0x3c C:\Users\libc0\Desktop\dice\CH573EVT\EVT\EXAM\BLE\LIB\libCH57xBLE.a(tmos.o)
                0x0000000000004a1a                tmos_memdup
 .text.tmos_memcmp
                0x0000000000004a56       0x24 C:\Users\libc0\Desktop\dice\CH573EVT\EVT\EXAM\BLE\LIB\libCH57xBLE.a(tmos.o)
                0x0000000000004a56                tmos_memcmp
 .text.tmos_revmemcpy
                0x0000000000004a7a       0x1c C:\Users\libc0\Desktop\dice\CH573EVT\EVT\EXAM\BLE\LIB\libCH57xBLE.a(tmos.o)
                0x0000000000004a7a                tmos_revmemcpy
 .text.tmos_isbufset
                0x0000000000004a96       0x1e C:\Users\libc0\Desktop\dice\CH573EVT\EVT\EXAM\BLE\LIB\libCH57xBLE.a(tmos.o)
                0x0000000000004a96                tmos_isbufset
 .text.tmos_set_event
                0x0000000000004ab4       0x2a C:\Users\libc0\Desktop\dice\CH573EVT\EVT\EXAM\BLE\LIB\libCH57xBLE.a(tmos.o)
                0x0000000000004ab4                tmos_set_event
 .text.tmos_query_system_time
                0x0000000000004ade       0xd2 C:\Users\libc0\Desktop\dice\CH573EVT\EVT\EXAM\BLE\LIB\libCH57xBLE.a(tmos.o)
                0x0000000000004ade                tmos_query_system_time
 .text.tmos_clear_event
                0x0000000000004bb0       0x2e C:\Users\libc0\Desktop\dice\CH573EVT\EVT\EXAM\BLE\LIB\libCH57xBLE.a(tmos.o)
                0x0000000000004bb0                tmos_clear_event
 .text.tmos_start_task
                0x0000000000004bde       0x90 C:\Users\libc0\Desktop\dice\CH573EVT\EVT\EXAM\BLE\LIB\libCH57xBLE.a(tmos.o)
                0x0000000000004bde                tmos_start_task
 .text.tmos_start_callback_task
                0x0000000000004c6e       0xae C:\Users\libc0\Desktop\dice\CH573EVT\EVT\EXAM\BLE\LIB\libCH57xBLE.a(tmos.o)
                0x0000000000004c6e                tmos_start_callback_task
 .text.tmos_start_reload_task
                0x0000000000004d1c       0x32 C:\Users\libc0\Desktop\dice\CH573EVT\EVT\EXAM\BLE\LIB\libCH57xBLE.a(tmos.o)
                0x0000000000004d1c                tmos_start_reload_task
 .text.tmos_stop_task
                0x0000000000004d4e       0x44 C:\Users\libc0\Desktop\dice\CH573EVT\EVT\EXAM\BLE\LIB\libCH57xBLE.a(tmos.o)
                0x0000000000004d4e                tmos_stop_task
 .text.tmos_stop_callback_task
                0x0000000000004d92       0x5e C:\Users\libc0\Desktop\dice\CH573EVT\EVT\EXAM\BLE\LIB\libCH57xBLE.a(tmos.o)
                0x0000000000004d92                tmos_stop_callback_task
 .text.tmos_get_task_timer
                0x0000000000004df0       0x16 C:\Users\libc0\Desktop\dice\CH573EVT\EVT\EXAM\BLE\LIB\libCH57xBLE.a(tmos.o)
                0x0000000000004df0                tmos_get_task_timer
 .text.tmos_update_callback_timer
                0x0000000000004e06       0x66 C:\Users\libc0\Desktop\dice\CH573EVT\EVT\EXAM\BLE\LIB\libCH57xBLE.a(tmos.o)
                0x0000000000004e06                tmos_update_callback_timer
 .text.TMOS_Set32KTuneValue
                0x0000000000004e6c        0xa C:\Users\libc0\Desktop\dice\CH573EVT\EVT\EXAM\BLE\LIB\libCH57xBLE.a(tmos.o)
                0x0000000000004e6c                TMOS_Set32KTuneValue
 .text.TMOS_TimerRegister
                0x0000000000004e76       0x1a C:\Users\libc0\Desktop\dice\CH573EVT\EVT\EXAM\BLE\LIB\libCH57xBLE.a(tmos.o)
                0x0000000000004e76                TMOS_TimerRegister
 .text.TMOS_ProcessRegister
                0x0000000000004e90       0x16 C:\Users\libc0\Desktop\dice\CH573EVT\EVT\EXAM\BLE\LIB\libCH57xBLE.a(tmos.o)
                0x0000000000004e90                TMOS_ProcessRegister
 .text.TMOS_Init
                0x0000000000004ea6       0xea C:\Users\libc0\Desktop\dice\CH573EVT\EVT\EXAM\BLE\LIB\libCH57xBLE.a(tmos.o)
                0x0000000000004ea6                TMOS_Init
 .text.TMOS_ProcessEventRegister
                0x0000000000004f90       0x38 C:\Users\libc0\Desktop\dice\CH573EVT\EVT\EXAM\BLE\LIB\libCH57xBLE.a(tmos.o)
                0x0000000000004f90                TMOS_ProcessEventRegister
 .text.BLE_LibInit
                0x0000000000004fc8      0x1a6 C:\Users\libc0\Desktop\dice\CH573EVT\EVT\EXAM\BLE\LIB\libCH57xBLE.a(tmos.o)
                0x0000000000004fc8                BLE_LibInit
 .text.ble_ll_common_rand8
                0x000000000000516e       0x24 C:\Users\libc0\Desktop\dice\CH573EVT\EVT\EXAM\BLE\LIB\libCH57xBLE.a(tmos_hw.o)
                0x000000000000516e                ble_ll_common_rand8
 .text.ble_ll_common_rand16
                0x0000000000005192       0x24 C:\Users\libc0\Desktop\dice\CH573EVT\EVT\EXAM\BLE\LIB\libCH57xBLE.a(tmos_hw.o)
                0x0000000000005192                ble_ll_common_rand16
 .text.ble_ll_common_rand32
                0x00000000000051b6       0x20 C:\Users\libc0\Desktop\dice\CH573EVT\EVT\EXAM\BLE\LIB\libCH57xBLE.a(tmos_hw.o)
                0x00000000000051b6                ble_ll_common_rand32
 .text.ll_hw_temp_sample
                0x00000000000051d6       0xc0 C:\Users\libc0\Desktop\dice\CH573EVT\EVT\EXAM\BLE\LIB\libCH57xBLE.a(tmos_hw.o)
                0x00000000000051d6                ll_hw_temp_sample
 .text.TMOS_TimerInit
                0x0000000000005296       0x5e C:\Users\libc0\Desktop\dice\CH573EVT\EVT\EXAM\BLE\LIB\libCH57xBLE.a(tmos_hw.o)
                0x0000000000005296                TMOS_TimerInit
 .text.tmos_snv_init
                0x00000000000052f4       0xbc C:\Users\libc0\Desktop\dice\CH573EVT\EVT\EXAM\BLE\LIB\libCH57xBLE.a(tmos_snv.o)
                0x00000000000052f4                tmos_snv_init
 .text.tmos_snv_clear
                0x00000000000053b0       0xae C:\Users\libc0\Desktop\dice\CH573EVT\EVT\EXAM\BLE\LIB\libCH57xBLE.a(tmos_snv.o)
                0x00000000000053b0                tmos_snv_clear
 .text.tmos_snv_read
                0x000000000000545e      0x292 C:\Users\libc0\Desktop\dice\CH573EVT\EVT\EXAM\BLE\LIB\libCH57xBLE.a(tmos_snv.o)
                0x000000000000545e                tmos_snv_read
 .text.tmos_snv_notify
                0x00000000000056f0       0x5a C:\Users\libc0\Desktop\dice\CH573EVT\EVT\EXAM\BLE\LIB\libCH57xBLE.a(tmos_snv.o)
                0x00000000000056f0                tmos_snv_notify
 .text.tmos_snv_write
                0x000000000000574a      0x2ce C:\Users\libc0\Desktop\dice\CH573EVT\EVT\EXAM\BLE\LIB\libCH57xBLE.a(tmos_snv.o)
                0x000000000000574a                tmos_snv_write
 .text.tmos_snv_compact
                0x0000000000005a18        0x4 C:\Users\libc0\Desktop\dice\CH573EVT\EVT\EXAM\BLE\LIB\libCH57xBLE.a(tmos_snv.o)
                0x0000000000005a18                tmos_snv_compact
 .text.ATT_BuildErrorRsp
                0x0000000000005a1c       0x26 C:\Users\libc0\Desktop\dice\CH573EVT\EVT\EXAM\BLE\LIB\libCH57xBLE.a(att.o)
                0x0000000000005a1c                ATT_BuildErrorRsp
 .text.ATT_ParamInit
                0x0000000000005a42        0xa C:\Users\libc0\Desktop\dice\CH573EVT\EVT\EXAM\BLE\LIB\libCH57xBLE.a(att.o)
                0x0000000000005a42                ATT_ParamInit
 .text.ATT_ConvertUUIDto128
                0x0000000000005a4c       0x46 C:\Users\libc0\Desktop\dice\CH573EVT\EVT\EXAM\BLE\LIB\libCH57xBLE.a(att.o)
                0x0000000000005a4c                ATT_ConvertUUIDto128
 .text.ATT_CompareUUID
                0x0000000000005a92       0x66 C:\Users\libc0\Desktop\dice\CH573EVT\EVT\EXAM\BLE\LIB\libCH57xBLE.a(att.o)
                0x0000000000005a92                ATT_CompareUUID
 .text.ATT_RegisterServer
                0x0000000000005af8        0x6 C:\Users\libc0\Desktop\dice\CH573EVT\EVT\EXAM\BLE\LIB\libCH57xBLE.a(att.o)
                0x0000000000005af8                ATT_RegisterServer
 .text.ATT_ParsePacket
                0x0000000000005afe       0x94 C:\Users\libc0\Desktop\dice\CH573EVT\EVT\EXAM\BLE\LIB\libCH57xBLE.a(att.o)
                0x0000000000005afe                ATT_ParsePacket
 .text.ATT_UpdateMTU
                0x0000000000005b92       0x3c C:\Users\libc0\Desktop\dice\CH573EVT\EVT\EXAM\BLE\LIB\libCH57xBLE.a(att.o)
                0x0000000000005b92                ATT_UpdateMTU
 .text.ATT_GetMTU
                0x0000000000005bce       0x1e C:\Users\libc0\Desktop\dice\CH573EVT\EVT\EXAM\BLE\LIB\libCH57xBLE.a(att.o)
                0x0000000000005bce                ATT_GetMTU
 .text.attSendMsg
                0x0000000000005bec       0xb8 C:\Users\libc0\Desktop\dice\CH573EVT\EVT\EXAM\BLE\LIB\libCH57xBLE.a(att.o)
                0x0000000000005bec                attSendMsg
 .text.attSendRspMsg
                0x0000000000005ca4       0x48 C:\Users\libc0\Desktop\dice\CH573EVT\EVT\EXAM\BLE\LIB\libCH57xBLE.a(att.o)
                0x0000000000005ca4                attSendRspMsg
 .text.ATT_ErrorRsp
                0x0000000000005cec       0x12 C:\Users\libc0\Desktop\dice\CH573EVT\EVT\EXAM\BLE\LIB\libCH57xBLE.a(att.o)
                0x0000000000005cec                ATT_ErrorRsp
 .text.disconnectNext
                0x0000000000005cfe       0x22 C:\Users\libc0\Desktop\dice\CH573EVT\EVT\EXAM\BLE\LIB\libCH57xBLE.a(gap.o)
 .text.GAP_ParamInit
                0x0000000000005d20       0x80 C:\Users\libc0\Desktop\dice\CH573EVT\EVT\EXAM\BLE\LIB\libCH57xBLE.a(gap.o)
                0x0000000000005d20                GAP_ParamInit
 .text.sendTerminateEvent
                0x0000000000005da0       0x58 C:\Users\libc0\Desktop\dice\CH573EVT\EVT\EXAM\BLE\LIB\libCH57xBLE.a(gap.o)
                0x0000000000005da0                sendTerminateEvent
 .text.gapRegisterCentral
                0x0000000000005df8        0x6 C:\Users\libc0\Desktop\dice\CH573EVT\EVT\EXAM\BLE\LIB\libCH57xBLE.a(gap.o)
                0x0000000000005df8                gapRegisterCentral
 .text.gapRegisterCentralConn
                0x0000000000005dfe        0x6 C:\Users\libc0\Desktop\dice\CH573EVT\EVT\EXAM\BLE\LIB\libCH57xBLE.a(gap.o)
                0x0000000000005dfe                gapRegisterCentralConn
 .text.gapRegisterPeripheral
                0x0000000000005e04        0x6 C:\Users\libc0\Desktop\dice\CH573EVT\EVT\EXAM\BLE\LIB\libCH57xBLE.a(gap.o)
                0x0000000000005e04                gapRegisterPeripheral
 .text.gapRegisterPeripheralConn
                0x0000000000005e0a        0x6 C:\Users\libc0\Desktop\dice\CH573EVT\EVT\EXAM\BLE\LIB\libCH57xBLE.a(gap.o)
                0x0000000000005e0a                gapRegisterPeripheralConn
 .text.smGenerateRandBuf
                0x0000000000005e10       0x56 C:\Users\libc0\Desktop\dice\CH573EVT\EVT\EXAM\BLE\LIB\libCH57xBLE.a(gap.o)
                0x0000000000005e10                smGenerateRandBuf
 .text.gapL2capConnParamUpdateReq
                0x0000000000005e66       0x32 C:\Users\libc0\Desktop\dice\CH573EVT\EVT\EXAM\BLE\LIB\libCH57xBLE.a(gap.o)
                0x0000000000005e66                gapL2capConnParamUpdateReq
 .text.gapValidADType
                0x0000000000005e98       0x16 C:\Users\libc0\Desktop\dice\CH573EVT\EVT\EXAM\BLE\LIB\libCH57xBLE.a(gap.o)
                0x0000000000005e98                gapValidADType
 .text.gapFindADType
                0x0000000000005eae       0x90 C:\Users\libc0\Desktop\dice\CH573EVT\EVT\EXAM\BLE\LIB\libCH57xBLE.a(gap.o)
                0x0000000000005eae                gapFindADType
 .text.GAP_SecParamsInit
                0x0000000000005f3e       0x9e C:\Users\libc0\Desktop\dice\CH573EVT\EVT\EXAM\BLE\LIB\libCH57xBLE.a(gap.o)
                0x0000000000005f3e                GAP_SecParamsInit
 .text.GAP_ParamsInit
                0x0000000000005fdc       0x48 C:\Users\libc0\Desktop\dice\CH573EVT\EVT\EXAM\BLE\LIB\libCH57xBLE.a(gap.o)
                0x0000000000005fdc                GAP_ParamsInit
 .text.gapAddAddrAdj
                0x0000000000006024       0x48 C:\Users\libc0\Desktop\dice\CH573EVT\EVT\EXAM\BLE\LIB\libCH57xBLE.a(gap.o)
                0x0000000000006024                gapAddAddrAdj
 .text.gapDetermineAddrType
                0x000000000000606c       0x28 C:\Users\libc0\Desktop\dice\CH573EVT\EVT\EXAM\BLE\LIB\libCH57xBLE.a(gap.o)
                0x000000000000606c                gapDetermineAddrType
 .text.gapFreeAuthLink
                0x0000000000006094       0x4a C:\Users\libc0\Desktop\dice\CH573EVT\EVT\EXAM\BLE\LIB\libCH57xBLE.a(gap.o)
                0x0000000000006094                gapFreeAuthLink
 .text.gapGetDevAddress
                0x00000000000060de       0x24 C:\Users\libc0\Desktop\dice\CH573EVT\EVT\EXAM\BLE\LIB\libCH57xBLE.a(gap.o)
                0x00000000000060de                gapGetDevAddress
 .text.gapGetDevAddressMode
                0x0000000000006102        0xa C:\Users\libc0\Desktop\dice\CH573EVT\EVT\EXAM\BLE\LIB\libCH57xBLE.a(gap.o)
                0x0000000000006102                gapGetDevAddressMode
 .text.gapGetIRK
                0x000000000000610c        0xc C:\Users\libc0\Desktop\dice\CH573EVT\EVT\EXAM\BLE\LIB\libCH57xBLE.a(gap.o)
                0x000000000000610c                gapGetIRK
 .text.gapGetSRK
                0x0000000000006118        0xc C:\Users\libc0\Desktop\dice\CH573EVT\EVT\EXAM\BLE\LIB\libCH57xBLE.a(gap.o)
                0x0000000000006118                gapGetSRK
 .text.gapGetSignCounter
                0x0000000000006124        0xe C:\Users\libc0\Desktop\dice\CH573EVT\EVT\EXAM\BLE\LIB\libCH57xBLE.a(gap.o)
                0x0000000000006124                gapGetSignCounter
 .text.gapIncSignCounter
                0x0000000000006132       0x28 C:\Users\libc0\Desktop\dice\CH573EVT\EVT\EXAM\BLE\LIB\libCH57xBLE.a(gap.o)
                0x0000000000006132                gapIncSignCounter
 .text.gapProcessConnEvt
                0x000000000000615a       0x48 C:\Users\libc0\Desktop\dice\CH573EVT\EVT\EXAM\BLE\LIB\libCH57xBLE.a(gap.o)
                0x000000000000615a                gapProcessConnEvt
 .text.gapProcessDisconnectCompleteEvt
                0x00000000000061a2       0xaa C:\Users\libc0\Desktop\dice\CH573EVT\EVT\EXAM\BLE\LIB\libCH57xBLE.a(gap.o)
                0x00000000000061a2                gapProcessDisconnectCompleteEvt
 .text.sendAuthEvent
                0x000000000000624c      0x11c C:\Users\libc0\Desktop\dice\CH573EVT\EVT\EXAM\BLE\LIB\libCH57xBLE.a(gap.o)
                0x000000000000624c                sendAuthEvent
 .text.gapSendBondCompleteEvent
                0x0000000000006368       0x70 C:\Users\libc0\Desktop\dice\CH573EVT\EVT\EXAM\BLE\LIB\libCH57xBLE.a(gap.o)
                0x0000000000006368                gapSendBondCompleteEvent
 .text.gapSendPairingReqEvent
                0x00000000000063d8       0x92 C:\Users\libc0\Desktop\dice\CH573EVT\EVT\EXAM\BLE\LIB\libCH57xBLE.a(gap.o)
                0x00000000000063d8                gapSendPairingReqEvent
 .text.gapSendSlaveSecurityReqEvent
                0x000000000000646a       0x68 C:\Users\libc0\Desktop\dice\CH573EVT\EVT\EXAM\BLE\LIB\libCH57xBLE.a(gap.o)
                0x000000000000646a                gapSendSlaveSecurityReqEvent
 .text.gapSendDeviceInitDoneEvent
                0x00000000000064d2       0x88 C:\Users\libc0\Desktop\dice\CH573EVT\EVT\EXAM\BLE\LIB\libCH57xBLE.a(gap.o)
                0x00000000000064d2                gapSendDeviceInitDoneEvent
 .text.gapSendLinkUpdateEvent
                0x000000000000655a       0x84 C:\Users\libc0\Desktop\dice\CH573EVT\EVT\EXAM\BLE\LIB\libCH57xBLE.a(gap.o)
                0x000000000000655a                gapSendLinkUpdateEvent
 .text.gapSendEstLinkEvent
                0x00000000000065de       0xb8 C:\Users\libc0\Desktop\dice\CH573EVT\EVT\EXAM\BLE\LIB\libCH57xBLE.a(gap.o)
                0x00000000000065de                gapSendEstLinkEvent
 .text.gapProcessNewAddr
                0x0000000000006696       0x3e C:\Users\libc0\Desktop\dice\CH573EVT\EVT\EXAM\BLE\LIB\libCH57xBLE.a(gap.o)
                0x0000000000006696                gapProcessNewAddr
 .text.gapProcessRandomAddrComplete
                0x00000000000066d4       0xb6 C:\Users\libc0\Desktop\dice\CH573EVT\EVT\EXAM\BLE\LIB\libCH57xBLE.a(gap.o)
                0x00000000000066d4                gapProcessRandomAddrComplete
 .text.GAP_Authenticate
                0x000000000000678a       0xd2 C:\Users\libc0\Desktop\dice\CH573EVT\EVT\EXAM\BLE\LIB\libCH57xBLE.a(gap.o)
                0x000000000000678a                GAP_Authenticate
 .text.GAP_Bond
                0x000000000000685c       0xa2 C:\Users\libc0\Desktop\dice\CH573EVT\EVT\EXAM\BLE\LIB\libCH57xBLE.a(gap.o)
                0x000000000000685c                GAP_Bond
 .text.GAP_GetParamValue
                0x00000000000068fe       0x1e C:\Users\libc0\Desktop\dice\CH573EVT\EVT\EXAM\BLE\LIB\libCH57xBLE.a(gap.o)
                0x00000000000068fe                GAP_GetParamValue
 .text.GAP_PasscodeUpdate
                0x000000000000691c       0x50 C:\Users\libc0\Desktop\dice\CH573EVT\EVT\EXAM\BLE\LIB\libCH57xBLE.a(gap.o)
                0x000000000000691c                GAP_PasscodeUpdate
 .text.GAP_RegisterForMsgs
                0x000000000000696c        0x6 C:\Users\libc0\Desktop\dice\CH573EVT\EVT\EXAM\BLE\LIB\libCH57xBLE.a(gap.o)
                0x000000000000696c                GAP_RegisterForMsgs
 .text.GAP_ResolvePrivateAddr
                0x0000000000006972        0x4 C:\Users\libc0\Desktop\dice\CH573EVT\EVT\EXAM\BLE\LIB\libCH57xBLE.a(gap.o)
                0x0000000000006972                GAP_ResolvePrivateAddr
 .text.gapPairingCompleteCB
                0x0000000000006976      0x188 C:\Users\libc0\Desktop\dice\CH573EVT\EVT\EXAM\BLE\LIB\libCH57xBLE.a(gap.o)
                0x0000000000006976                gapPairingCompleteCB
 .text.gapPasskeyNeededCB
                0x0000000000006afe       0x8e C:\Users\libc0\Desktop\dice\CH573EVT\EVT\EXAM\BLE\LIB\libCH57xBLE.a(gap.o)
                0x0000000000006afe                gapPasskeyNeededCB
 .text.gapFreeEstLink
                0x0000000000006b8c       0x20 C:\Users\libc0\Desktop\dice\CH573EVT\EVT\EXAM\BLE\LIB\libCH57xBLE.a(gap.o)
                0x0000000000006b8c                gapFreeEstLink
 .text.gapUpdateConnSignCounter
                0x0000000000006bac       0x7a C:\Users\libc0\Desktop\dice\CH573EVT\EVT\EXAM\BLE\LIB\libCH57xBLE.a(gap.o)
                0x0000000000006bac                gapUpdateConnSignCounter
 .text.GAP_SendSlaveSecurityRequest
                0x0000000000006c26       0x4c C:\Users\libc0\Desktop\dice\CH573EVT\EVT\EXAM\BLE\LIB\libCH57xBLE.a(gap.o)
                0x0000000000006c26                GAP_SendSlaveSecurityRequest
 .text.GAP_Signable
                0x0000000000006c72       0x66 C:\Users\libc0\Desktop\dice\CH573EVT\EVT\EXAM\BLE\LIB\libCH57xBLE.a(gap.o)
                0x0000000000006c72                GAP_Signable
 .text.GAP_TerminateAuth
                0x0000000000006cd8       0x2a C:\Users\libc0\Desktop\dice\CH573EVT\EVT\EXAM\BLE\LIB\libCH57xBLE.a(gap.o)
                0x0000000000006cd8                GAP_TerminateAuth
 .text.GAP_NumActiveConnections
                0x0000000000006d02        0x4 C:\Users\libc0\Desktop\dice\CH573EVT\EVT\EXAM\BLE\LIB\libCH57xBLE.a(gap.o)
                0x0000000000006d02                GAP_NumActiveConnections
 .text.GAP_TerminateLinkReq
                0x0000000000006d06       0x8e C:\Users\libc0\Desktop\dice\CH573EVT\EVT\EXAM\BLE\LIB\libCH57xBLE.a(gap.o)
                0x0000000000006d06                GAP_TerminateLinkReq
 .text.GAP_SetParamValue
                0x0000000000006d94       0x4a C:\Users\libc0\Desktop\dice\CH573EVT\EVT\EXAM\BLE\LIB\libCH57xBLE.a(gap.o)
                0x0000000000006d94                GAP_SetParamValue
 .text.GAP_Init
                0x0000000000006dde       0x44 C:\Users\libc0\Desktop\dice\CH573EVT\EVT\EXAM\BLE\LIB\libCH57xBLE.a(gap.o)
                0x0000000000006dde                GAP_Init
 .text.GAP_ProcessEvent
                0x0000000000006e22      0x578 C:\Users\libc0\Desktop\dice\CH573EVT\EVT\EXAM\BLE\LIB\libCH57xBLE.a(gap.o)
                0x0000000000006e22                GAP_ProcessEvent
 .text.gapSendScanEnable
                0x000000000000739a       0x1e C:\Users\libc0\Desktop\dice\CH573EVT\EVT\EXAM\BLE\LIB\libCH57xBLE.a(gap_central.o)
 .text.gapCentProcessConnEvt
                0x00000000000073b8      0x148 C:\Users\libc0\Desktop\dice\CH573EVT\EVT\EXAM\BLE\LIB\libCH57xBLE.a(gap_central.o)
                0x00000000000073b8                gapCentProcessConnEvt
 .text.gapCancelLinkReq
                0x0000000000007500       0x38 C:\Users\libc0\Desktop\dice\CH573EVT\EVT\EXAM\BLE\LIB\libCH57xBLE.a(gap_central.o)
                0x0000000000007500                gapCancelLinkReq
 .text.GAP_CentralParamInit
                0x0000000000007538       0x4c C:\Users\libc0\Desktop\dice\CH573EVT\EVT\EXAM\BLE\LIB\libCH57xBLE.a(gap_central.o)
                0x0000000000007538                GAP_CentralParamInit
 .text.gapProcessAdvertDevInfo
                0x0000000000007584      0x23a C:\Users\libc0\Desktop\dice\CH573EVT\EVT\EXAM\BLE\LIB\libCH57xBLE.a(gap_central.o)
                0x0000000000007584                gapProcessAdvertDevInfo
 .text.gapFreeScanRecs
                0x00000000000077be       0xa2 C:\Users\libc0\Desktop\dice\CH573EVT\EVT\EXAM\BLE\LIB\libCH57xBLE.a(gap_central.o)
                0x00000000000077be                gapFreeScanRecs
 .text.gapSendDevDiscEvent
                0x0000000000007860      0x126 C:\Users\libc0\Desktop\dice\CH573EVT\EVT\EXAM\BLE\LIB\libCH57xBLE.a(gap_central.o)
                0x0000000000007860                gapSendDevDiscEvent
 .text.gapSetScanParamStatus.part.2
                0x0000000000007986       0x42 C:\Users\libc0\Desktop\dice\CH573EVT\EVT\EXAM\BLE\LIB\libCH57xBLE.a(gap_central.o)
 .text.gapCentProcessHCICmdEvt
                0x00000000000079c8       0x3e C:\Users\libc0\Desktop\dice\CH573EVT\EVT\EXAM\BLE\LIB\libCH57xBLE.a(gap_central.o)
                0x00000000000079c8                gapCentProcessHCICmdEvt
 .text.gapProcessScanningEvt
                0x0000000000007a06      0x110 C:\Users\libc0\Desktop\dice\CH573EVT\EVT\EXAM\BLE\LIB\libCH57xBLE.a(gap_central.o)
                0x0000000000007a06                gapProcessScanningEvt
 .text.gapProcessScanningDirectEvt
                0x0000000000007b16       0xfe C:\Users\libc0\Desktop\dice\CH573EVT\EVT\EXAM\BLE\LIB\libCH57xBLE.a(gap_central.o)
                0x0000000000007b16                gapProcessScanningDirectEvt
 .text.GAP_CentConnRegister
                0x0000000000007c14       0x12 C:\Users\libc0\Desktop\dice\CH573EVT\EVT\EXAM\BLE\LIB\libCH57xBLE.a(gap_central.o)
                0x0000000000007c14                GAP_CentConnRegister
 .text.GAP_CentDevMgrInit
                0x0000000000007c26       0x94 C:\Users\libc0\Desktop\dice\CH573EVT\EVT\EXAM\BLE\LIB\libCH57xBLE.a(gap_central.o)
                0x0000000000007c26                GAP_CentDevMgrInit
 .text.gapFreeAdvertState
                0x0000000000007cba       0x20 C:\Users\libc0\Desktop\dice\CH573EVT\EVT\EXAM\BLE\LIB\libCH57xBLE.a(gap_peripheral.o)
 .text.gapPeriProcessConnEvt
                0x0000000000007cda       0xbc C:\Users\libc0\Desktop\dice\CH573EVT\EVT\EXAM\BLE\LIB\libCH57xBLE.a(gap_peripheral.o)
 .text.gapSetAdvParams
                0x0000000000007d96       0x7e C:\Users\libc0\Desktop\dice\CH573EVT\EVT\EXAM\BLE\LIB\libCH57xBLE.a(gap_peripheral.o)
 .text.GAP_PeripheralParamInit
                0x0000000000007e14       0x4a C:\Users\libc0\Desktop\dice\CH573EVT\EVT\EXAM\BLE\LIB\libCH57xBLE.a(gap_peripheral.o)
                0x0000000000007e14                GAP_PeripheralParamInit
 .text.gapSendMakeDiscEvent
                0x0000000000007e5e       0x50 C:\Users\libc0\Desktop\dice\CH573EVT\EVT\EXAM\BLE\LIB\libCH57xBLE.a(gap_peripheral.o)
                0x0000000000007e5e                gapSendMakeDiscEvent
 .text.gapPeriProcessHCICmdCompleteEvt
                0x0000000000007eae      0x194 C:\Users\libc0\Desktop\dice\CH573EVT\EVT\EXAM\BLE\LIB\libCH57xBLE.a(gap_peripheral.o)
 .text.GAP_MakeDiscoverable
                0x0000000000008042       0xf0 C:\Users\libc0\Desktop\dice\CH573EVT\EVT\EXAM\BLE\LIB\libCH57xBLE.a(gap_peripheral.o)
                0x0000000000008042                GAP_MakeDiscoverable
 .text.GAP_EndDiscoverable
                0x0000000000008132       0x5c C:\Users\libc0\Desktop\dice\CH573EVT\EVT\EXAM\BLE\LIB\libCH57xBLE.a(gap_peripheral.o)
                0x0000000000008132                GAP_EndDiscoverable
 .text.gapProcessAdvertisingEvt
                0x000000000000818e       0x90 C:\Users\libc0\Desktop\dice\CH573EVT\EVT\EXAM\BLE\LIB\libCH57xBLE.a(gap_peripheral.o)
 .text.GAP_UpdateAdvertisingData
                0x000000000000821e       0xb8 C:\Users\libc0\Desktop\dice\CH573EVT\EVT\EXAM\BLE\LIB\libCH57xBLE.a(gap_peripheral.o)
                0x000000000000821e                GAP_UpdateAdvertisingData
 .text.GAP_PeriConnRegister
                0x00000000000082d6       0x2a C:\Users\libc0\Desktop\dice\CH573EVT\EVT\EXAM\BLE\LIB\libCH57xBLE.a(gap_peripheral.o)
                0x00000000000082d6                GAP_PeriConnRegister
 .text.GAP_PeriDevMgrInit
                0x0000000000008300       0xbc C:\Users\libc0\Desktop\dice\CH573EVT\EVT\EXAM\BLE\LIB\libCH57xBLE.a(gap_peripheral.o)
                0x0000000000008300                GAP_PeriDevMgrInit
 .text.ggs_SetAttrWPermit
                0x00000000000083bc       0x68 C:\Users\libc0\Desktop\dice\CH573EVT\EVT\EXAM\BLE\LIB\libCH57xBLE.a(gapgattserver.o)
 .text.ggs_ReadAttrCB
                0x0000000000008424      0x152 C:\Users\libc0\Desktop\dice\CH573EVT\EVT\EXAM\BLE\LIB\libCH57xBLE.a(gapgattserver.o)
 .text.ggs_WriteAttrCB
                0x0000000000008576      0x154 C:\Users\libc0\Desktop\dice\CH573EVT\EVT\EXAM\BLE\LIB\libCH57xBLE.a(gapgattserver.o)
 .text.GGS_ParamInit
                0x00000000000086ca      0x23a C:\Users\libc0\Desktop\dice\CH573EVT\EVT\EXAM\BLE\LIB\libCH57xBLE.a(gapgattserver.o)
                0x00000000000086ca                GGS_ParamInit
 .text.GGS_SetParameter
                0x0000000000008904       0xde C:\Users\libc0\Desktop\dice\CH573EVT\EVT\EXAM\BLE\LIB\libCH57xBLE.a(gapgattserver.o)
                0x0000000000008904                GGS_SetParameter
 .text.GGS_AddService
                0x00000000000089e2       0x2c C:\Users\libc0\Desktop\dice\CH573EVT\EVT\EXAM\BLE\LIB\libCH57xBLE.a(gapgattserver.o)
                0x00000000000089e2                GGS_AddService
 .text.GAP_DeviceInit
                0x0000000000008a0e       0xd8 C:\Users\libc0\Desktop\dice\CH573EVT\EVT\EXAM\BLE\LIB\libCH57xBLE.a(gapgattserver.o)
                0x0000000000008a0e                GAP_DeviceInit
 .text.gattGetPayload
                0x0000000000008ae6       0x7e C:\Users\libc0\Desktop\dice\CH573EVT\EVT\EXAM\BLE\LIB\libCH57xBLE.a(gatt.o)
                0x0000000000008ae6                gattGetPayload
 .text.gattNotifyEvent
                0x0000000000008b64       0x80 C:\Users\libc0\Desktop\dice\CH573EVT\EVT\EXAM\BLE\LIB\libCH57xBLE.a(gatt.o)
                0x0000000000008b64                gattNotifyEvent
 .text.gattSendFlowCtrlEvt
                0x0000000000008be4       0x4a C:\Users\libc0\Desktop\dice\CH573EVT\EVT\EXAM\BLE\LIB\libCH57xBLE.a(gatt.o)
                0x0000000000008be4                gattSendFlowCtrlEvt
 .text.gattStartTimer
                0x0000000000008c2e        0xc C:\Users\libc0\Desktop\dice\CH573EVT\EVT\EXAM\BLE\LIB\libCH57xBLE.a(gatt.o)
                0x0000000000008c2e                gattStartTimer
 .text.gattStopTimer
                0x0000000000008c3a       0x32 C:\Users\libc0\Desktop\dice\CH573EVT\EVT\EXAM\BLE\LIB\libCH57xBLE.a(gatt.o)
                0x0000000000008c3a                gattStopTimer
 .text.GATT_AppCompletedMsg
                0x0000000000008c6c       0x30 C:\Users\libc0\Desktop\dice\CH573EVT\EVT\EXAM\BLE\LIB\libCH57xBLE.a(gatt.o)
                0x0000000000008c6c                GATT_AppCompletedMsg
 .text.GATT_NotifyEvent
                0x0000000000008c9c       0x4e C:\Users\libc0\Desktop\dice\CH573EVT\EVT\EXAM\BLE\LIB\libCH57xBLE.a(gatt.o)
                0x0000000000008c9c                GATT_NotifyEvent
 .text.gattRegisterServer
                0x0000000000008cea        0x6 C:\Users\libc0\Desktop\dice\CH573EVT\EVT\EXAM\BLE\LIB\libCH57xBLE.a(gatt.o)
                0x0000000000008cea                gattRegisterServer
 .text.GATT_UpdateMTU
                0x0000000000008cf0       0x5c C:\Users\libc0\Desktop\dice\CH573EVT\EVT\EXAM\BLE\LIB\libCH57xBLE.a(gatt.o)
                0x0000000000008cf0                GATT_UpdateMTU
 .text.GATT_bm_alloc
                0x0000000000008d4c       0xe8 C:\Users\libc0\Desktop\dice\CH573EVT\EVT\EXAM\BLE\LIB\libCH57xBLE.a(gatt.o)
                0x0000000000008d4c                GATT_bm_alloc
 .text.GATT_ServiceChangedInd
                0x0000000000008e34       0x94 C:\Users\libc0\Desktop\dice\CH573EVT\EVT\EXAM\BLE\LIB\libCH57xBLE.a(gatt.o)
                0x0000000000008e34                GATT_ServiceChangedInd
 .text.GATT_bm_free
                0x0000000000008ec8       0x1c C:\Users\libc0\Desktop\dice\CH573EVT\EVT\EXAM\BLE\LIB\libCH57xBLE.a(gatt.o)
                0x0000000000008ec8                GATT_bm_free
 .text.GATT_RegisterForPeriMsgs
                0x0000000000008ee4        0x6 C:\Users\libc0\Desktop\dice\CH573EVT\EVT\EXAM\BLE\LIB\libCH57xBLE.a(gatt.o)
                0x0000000000008ee4                GATT_RegisterForPeriMsgs
 .text.GATT_Init
                0x0000000000008eea       0x30 C:\Users\libc0\Desktop\dice\CH573EVT\EVT\EXAM\BLE\LIB\libCH57xBLE.a(gatt.o)
                0x0000000000008eea                GATT_Init
 .text.GATT_ProcessEvent
                0x0000000000008f1a      0x136 C:\Users\libc0\Desktop\dice\CH573EVT\EVT\EXAM\BLE\LIB\libCH57xBLE.a(gatt.o)
                0x0000000000008f1a                GATT_ProcessEvent
 .text.gattProcessExchangeMTUReq
                0x0000000000009050        0x4 C:\Users\libc0\Desktop\dice\CH573EVT\EVT\EXAM\BLE\LIB\libCH57xBLE.a(gattservapp.o)
 .text.gattServApp_FindCharCfgItem
                0x0000000000009054       0x20 C:\Users\libc0\Desktop\dice\CH573EVT\EVT\EXAM\BLE\LIB\libCH57xBLE.a(gattservapp.o)
 .text.gattServerHandleTimerCB
                0x0000000000009074       0x3c C:\Users\libc0\Desktop\dice\CH573EVT\EVT\EXAM\BLE\LIB\libCH57xBLE.a(gattservapp.o)
 .text.GATTServApp_InitCharCfg.part.12
                0x00000000000090b0       0x1c C:\Users\libc0\Desktop\dice\CH573EVT\EVT\EXAM\BLE\LIB\libCH57xBLE.a(gattservapp.o)
 .text.gattProcessExecuteWriteReq
                0x00000000000090cc        0x4 C:\Users\libc0\Desktop\dice\CH573EVT\EVT\EXAM\BLE\LIB\libCH57xBLE.a(gattservapp.o)
 .text.GATTServApp_ParamInit
                0x00000000000090d0       0xd4 C:\Users\libc0\Desktop\dice\CH573EVT\EVT\EXAM\BLE\LIB\libCH57xBLE.a(gattservapp.o)
                0x00000000000090d0                GATTServApp_ParamInit
 .text.GATTServApp_ReadCharCfg
                0x00000000000091a4       0x18 C:\Users\libc0\Desktop\dice\CH573EVT\EVT\EXAM\BLE\LIB\libCH57xBLE.a(gattservapp.o)
                0x00000000000091a4                GATTServApp_ReadCharCfg
 .text.GATTServApp_WriteCharCfg
                0x00000000000091bc       0x3c C:\Users\libc0\Desktop\dice\CH573EVT\EVT\EXAM\BLE\LIB\libCH57xBLE.a(gattservapp.o)
                0x00000000000091bc                GATTServApp_WriteCharCfg
 .text.GATTServApp_ProcessCCCWriteReq
                0x00000000000091f8       0x60 C:\Users\libc0\Desktop\dice\CH573EVT\EVT\EXAM\BLE\LIB\libCH57xBLE.a(gattservapp.o)
                0x00000000000091f8                GATTServApp_ProcessCCCWriteReq
 .text.gattServApp_WriteAttrCB
                0x0000000000009258       0x34 C:\Users\libc0\Desktop\dice\CH573EVT\EVT\EXAM\BLE\LIB\libCH57xBLE.a(gattservapp.o)
                0x0000000000009258                gattServApp_WriteAttrCB
 .text.GATTServApp_SendCCCUpdatedEvent
                0x000000000000928c       0x5e C:\Users\libc0\Desktop\dice\CH573EVT\EVT\EXAM\BLE\LIB\libCH57xBLE.a(gattservapp.o)
                0x000000000000928c                GATTServApp_SendCCCUpdatedEvent
 .text.GATTServApp_SendServiceChangedInd
                0x00000000000092ea       0x36 C:\Users\libc0\Desktop\dice\CH573EVT\EVT\EXAM\BLE\LIB\libCH57xBLE.a(gattservapp.o)
                0x00000000000092ea                GATTServApp_SendServiceChangedInd
 .text.gattServApp_ClearPrepareWriteQ
                0x0000000000009320       0x4c C:\Users\libc0\Desktop\dice\CH573EVT\EVT\EXAM\BLE\LIB\libCH57xBLE.a(gattservapp.o)
                0x0000000000009320                gattServApp_ClearPrepareWriteQ
 .text.gattServApp_FindPrepareWriteQ
                0x000000000000936c       0x2c C:\Users\libc0\Desktop\dice\CH573EVT\EVT\EXAM\BLE\LIB\libCH57xBLE.a(gattservapp.o)
                0x000000000000936c                gattServApp_FindPrepareWriteQ
 .text.gattServApp_FindServiceCBs
                0x0000000000009398       0x18 C:\Users\libc0\Desktop\dice\CH573EVT\EVT\EXAM\BLE\LIB\libCH57xBLE.a(gattservapp.o)
                0x0000000000009398                gattServApp_FindServiceCBs
 .text.gattServApp_FindAuthorizeAttrCB
                0x00000000000093b0       0x16 C:\Users\libc0\Desktop\dice\CH573EVT\EVT\EXAM\BLE\LIB\libCH57xBLE.a(gattservapp.o)
                0x00000000000093b0                gattServApp_FindAuthorizeAttrCB
 .text.gattServApp_IsWriteLong
                0x00000000000093c6       0xe6 C:\Users\libc0\Desktop\dice\CH573EVT\EVT\EXAM\BLE\LIB\libCH57xBLE.a(gattservapp.o)
                0x00000000000093c6                gattServApp_IsWriteLong
 .text.gattFindService
                0x00000000000094ac       0x1c C:\Users\libc0\Desktop\dice\CH573EVT\EVT\EXAM\BLE\LIB\libCH57xBLE.a(gattservapp.o)
                0x00000000000094ac                gattFindService
 .text.GATT_ServiceNumAttrs
                0x00000000000094c8       0x18 C:\Users\libc0\Desktop\dice\CH573EVT\EVT\EXAM\BLE\LIB\libCH57xBLE.a(gattservapp.o)
                0x00000000000094c8                GATT_ServiceNumAttrs
 .text.GATT_ServiceEncKeySize
                0x00000000000094e0       0x18 C:\Users\libc0\Desktop\dice\CH573EVT\EVT\EXAM\BLE\LIB\libCH57xBLE.a(gattservapp.o)
                0x00000000000094e0                GATT_ServiceEncKeySize
 .text.GATT_VerifyWritePermissions.part.7
                0x00000000000094f8       0x2e C:\Users\libc0\Desktop\dice\CH573EVT\EVT\EXAM\BLE\LIB\libCH57xBLE.a(gattservapp.o)
 .text.gattResetServerInfo
                0x0000000000009526       0x1c C:\Users\libc0\Desktop\dice\CH573EVT\EVT\EXAM\BLE\LIB\libCH57xBLE.a(gattservapp.o)
                0x0000000000009526                gattResetServerInfo
 .text.gattFindServerInfo
                0x0000000000009542       0x26 C:\Users\libc0\Desktop\dice\CH573EVT\EVT\EXAM\BLE\LIB\libCH57xBLE.a(gattservapp.o)
                0x0000000000009542                gattFindServerInfo
 .text.gattServerHandleConnStatusCB
                0x0000000000009568       0x98 C:\Users\libc0\Desktop\dice\CH573EVT\EVT\EXAM\BLE\LIB\libCH57xBLE.a(gattservapp.o)
                0x0000000000009568                gattServerHandleConnStatusCB
 .text.gattServerProcessMsgCB
                0x0000000000009600      0x1c0 C:\Users\libc0\Desktop\dice\CH573EVT\EVT\EXAM\BLE\LIB\libCH57xBLE.a(gattservapp.o)
                0x0000000000009600                gattServerProcessMsgCB
 .text.gattServerNotifyTxCB
                0x00000000000097c0       0x28 C:\Users\libc0\Desktop\dice\CH573EVT\EVT\EXAM\BLE\LIB\libCH57xBLE.a(gattservapp.o)
 .text.GATT_FindHandle
                0x00000000000097e8       0x4a C:\Users\libc0\Desktop\dice\CH573EVT\EVT\EXAM\BLE\LIB\libCH57xBLE.a(gattservapp.o)
                0x00000000000097e8                GATT_FindHandle
 .text.GATTServApp_WriteAttr
                0x0000000000009832       0xa8 C:\Users\libc0\Desktop\dice\CH573EVT\EVT\EXAM\BLE\LIB\libCH57xBLE.a(gattservapp.o)
                0x0000000000009832                GATTServApp_WriteAttr
 .text.gattServApp_ProcessExecuteWriteReq
                0x00000000000098da      0x100 C:\Users\libc0\Desktop\dice\CH573EVT\EVT\EXAM\BLE\LIB\libCH57xBLE.a(gattservapp.o)
                0x00000000000098da                gattServApp_ProcessExecuteWriteReq
 .text.GATTServApp_UpdateCharCfg
                0x00000000000099da       0x1e C:\Users\libc0\Desktop\dice\CH573EVT\EVT\EXAM\BLE\LIB\libCH57xBLE.a(gattservapp.o)
                0x00000000000099da                GATTServApp_UpdateCharCfg
 .text.gattServApp_ProcessPrepareWriteReq
                0x00000000000099f8      0x10e C:\Users\libc0\Desktop\dice\CH573EVT\EVT\EXAM\BLE\LIB\libCH57xBLE.a(gattservapp.o)
                0x00000000000099f8                gattServApp_ProcessPrepareWriteReq
 .text.gattServApp_ProcessWriteReq
                0x0000000000009b06       0xb0 C:\Users\libc0\Desktop\dice\CH573EVT\EVT\EXAM\BLE\LIB\libCH57xBLE.a(gattservapp.o)
                0x0000000000009b06                gattServApp_ProcessWriteReq
 .text.GATT_Indication
                0x0000000000009bb6       0xa4 C:\Users\libc0\Desktop\dice\CH573EVT\EVT\EXAM\BLE\LIB\libCH57xBLE.a(gattservapp.o)
                0x0000000000009bb6                GATT_Indication
 .text.GATT_FindHandleUUID
                0x0000000000009c5a       0x94 C:\Users\libc0\Desktop\dice\CH573EVT\EVT\EXAM\BLE\LIB\libCH57xBLE.a(gattservapp.o)
                0x0000000000009c5a                GATT_FindHandleUUID
 .text.gattProcessReadByGrpTypeReq
                0x0000000000009cee       0x60 C:\Users\libc0\Desktop\dice\CH573EVT\EVT\EXAM\BLE\LIB\libCH57xBLE.a(gattservapp.o)
 .text.gattProcessReadByTypeReq
                0x0000000000009d4e       0x34 C:\Users\libc0\Desktop\dice\CH573EVT\EVT\EXAM\BLE\LIB\libCH57xBLE.a(gattservapp.o)
 .text.gattProcessFindByTypeValueReq
                0x0000000000009d82       0x34 C:\Users\libc0\Desktop\dice\CH573EVT\EVT\EXAM\BLE\LIB\libCH57xBLE.a(gattservapp.o)
 .text.gattProcessFindInfoReq
                0x0000000000009db6      0x1aa C:\Users\libc0\Desktop\dice\CH573EVT\EVT\EXAM\BLE\LIB\libCH57xBLE.a(gattservapp.o)
 .text.GATT_Notification
                0x0000000000009f60       0x70 C:\Users\libc0\Desktop\dice\CH573EVT\EVT\EXAM\BLE\LIB\libCH57xBLE.a(gattservapp.o)
                0x0000000000009f60                GATT_Notification
 .text.GATT_VerifyWritePermissions
                0x0000000000009fd0       0x6a C:\Users\libc0\Desktop\dice\CH573EVT\EVT\EXAM\BLE\LIB\libCH57xBLE.a(gattservapp.o)
                0x0000000000009fd0                GATT_VerifyWritePermissions
 .text.gattProcessWriteReq
                0x000000000000a03a       0x36 C:\Users\libc0\Desktop\dice\CH573EVT\EVT\EXAM\BLE\LIB\libCH57xBLE.a(gattservapp.o)
 .text.GATT_VerifyPrepareWritePermissions
                0x000000000000a070       0x56 C:\Users\libc0\Desktop\dice\CH573EVT\EVT\EXAM\BLE\LIB\libCH57xBLE.a(gattservapp.o)
                0x000000000000a070                GATT_VerifyPrepareWritePermissions
 .text.gattProcessPrepareWriteReq
                0x000000000000a0c6       0x36 C:\Users\libc0\Desktop\dice\CH573EVT\EVT\EXAM\BLE\LIB\libCH57xBLE.a(gattservapp.o)
 .text.GATT_FindNextAttr
                0x000000000000a0fc       0xc2 C:\Users\libc0\Desktop\dice\CH573EVT\EVT\EXAM\BLE\LIB\libCH57xBLE.a(gattservapp.o)
                0x000000000000a0fc                GATT_FindNextAttr
 .text.GATTServApp_ReadAttr
                0x000000000000a1be      0x2e2 C:\Users\libc0\Desktop\dice\CH573EVT\EVT\EXAM\BLE\LIB\libCH57xBLE.a(gattservapp.o)
                0x000000000000a1be                GATTServApp_ReadAttr
 .text.gattServApp_ProcessReadMultiReq
                0x000000000000a4a0      0x16e C:\Users\libc0\Desktop\dice\CH573EVT\EVT\EXAM\BLE\LIB\libCH57xBLE.a(gattservapp.o)
                0x000000000000a4a0                gattServApp_ProcessReadMultiReq
 .text.gattServApp_ProcessFindByTypeValueReq
                0x000000000000a60e      0x19c C:\Users\libc0\Desktop\dice\CH573EVT\EVT\EXAM\BLE\LIB\libCH57xBLE.a(gattservapp.o)
                0x000000000000a60e                gattServApp_ProcessFindByTypeValueReq
 .text.GATT_VerifyReadPermissions
                0x000000000000a7aa       0x68 C:\Users\libc0\Desktop\dice\CH573EVT\EVT\EXAM\BLE\LIB\libCH57xBLE.a(gattservapp.o)
                0x000000000000a7aa                GATT_VerifyReadPermissions
 .text.gattProcessReadMultiReq
                0x000000000000a812       0xae C:\Users\libc0\Desktop\dice\CH573EVT\EVT\EXAM\BLE\LIB\libCH57xBLE.a(gattservapp.o)
 .text.gattProcessReadReq
                0x000000000000a8c0       0x30 C:\Users\libc0\Desktop\dice\CH573EVT\EVT\EXAM\BLE\LIB\libCH57xBLE.a(gattservapp.o)
 .text.gattServApp_ProcessReadByGrpTypeReq
                0x000000000000a8f0      0x21c C:\Users\libc0\Desktop\dice\CH573EVT\EVT\EXAM\BLE\LIB\libCH57xBLE.a(gattservapp.o)
                0x000000000000a8f0                gattServApp_ProcessReadByGrpTypeReq
 .text.gattServApp_ProcessReadByTypeReq
                0x000000000000ab0c      0x1ae C:\Users\libc0\Desktop\dice\CH573EVT\EVT\EXAM\BLE\LIB\libCH57xBLE.a(gattservapp.o)
                0x000000000000ab0c                gattServApp_ProcessReadByTypeReq
 .text.GATT_RegisterService
                0x000000000000acba       0xee C:\Users\libc0\Desktop\dice\CH573EVT\EVT\EXAM\BLE\LIB\libCH57xBLE.a(gattservapp.o)
                0x000000000000acba                GATT_RegisterService
 .text.GATTServApp_RegisterService
                0x000000000000ada8       0x7c C:\Users\libc0\Desktop\dice\CH573EVT\EVT\EXAM\BLE\LIB\libCH57xBLE.a(gattservapp.o)
                0x000000000000ada8                GATTServApp_RegisterService
 .text.GATTServApp_AddService
                0x000000000000ae24       0x2c C:\Users\libc0\Desktop\dice\CH573EVT\EVT\EXAM\BLE\LIB\libCH57xBLE.a(gattservapp.o)
                0x000000000000ae24                GATTServApp_AddService
 .text.GATTServApp_RegisterForMsg
                0x000000000000ae50        0x6 C:\Users\libc0\Desktop\dice\CH573EVT\EVT\EXAM\BLE\LIB\libCH57xBLE.a(gattservapp.o)
                0x000000000000ae50                GATTServApp_RegisterForMsg
 .text.GATTServApp_InitCharCfg
                0x000000000000ae56       0x28 C:\Users\libc0\Desktop\dice\CH573EVT\EVT\EXAM\BLE\LIB\libCH57xBLE.a(gattservapp.o)
                0x000000000000ae56                GATTServApp_InitCharCfg
 .text.gattServApp_HandleConnStatusCB
                0x000000000000ae7e       0x74 C:\Users\libc0\Desktop\dice\CH573EVT\EVT\EXAM\BLE\LIB\libCH57xBLE.a(gattservapp.o)
                0x000000000000ae7e                gattServApp_HandleConnStatusCB
 .text.GATT_InitServer
                0x000000000000aef2       0xf2 C:\Users\libc0\Desktop\dice\CH573EVT\EVT\EXAM\BLE\LIB\libCH57xBLE.a(gattservapp.o)
                0x000000000000aef2                GATT_InitServer
 .text.GATTServApp_Init
                0x000000000000afe4       0x34 C:\Users\libc0\Desktop\dice\CH573EVT\EVT\EXAM\BLE\LIB\libCH57xBLE.a(gattservapp.o)
                0x000000000000afe4                GATTServApp_Init
 .text.GATTServApp_ProcessEvent
                0x000000000000b018      0x366 C:\Users\libc0\Desktop\dice\CH573EVT\EVT\EXAM\BLE\LIB\libCH57xBLE.a(gattservapp.o)
                0x000000000000b018                GATTServApp_ProcessEvent
 .text.l2capAllocConnChannel
                0x000000000000b37e       0xd8 C:\Users\libc0\Desktop\dice\CH573EVT\EVT\EXAM\BLE\LIB\libCH57xBLE.a(l2cap.o)
                0x000000000000b37e                l2capAllocConnChannel
 .text.l2capFindLocalCID
                0x000000000000b456       0x2c C:\Users\libc0\Desktop\dice\CH573EVT\EVT\EXAM\BLE\LIB\libCH57xBLE.a(l2cap.o)
                0x000000000000b456                l2capFindLocalCID
 .text.l2capFindLocalId
                0x000000000000b482       0x30 C:\Users\libc0\Desktop\dice\CH573EVT\EVT\EXAM\BLE\LIB\libCH57xBLE.a(l2cap.o)
                0x000000000000b482                l2capFindLocalId
 .text.l2capFindPsm
                0x000000000000b4b2       0x2c C:\Users\libc0\Desktop\dice\CH573EVT\EVT\EXAM\BLE\LIB\libCH57xBLE.a(l2cap.o)
                0x000000000000b4b2                l2capFindPsm
 .text.l2capFindRemoteCID
                0x000000000000b4de       0x3c C:\Users\libc0\Desktop\dice\CH573EVT\EVT\EXAM\BLE\LIB\libCH57xBLE.a(l2cap.o)
                0x000000000000b4de                l2capFindRemoteCID
 .text.l2capFreeChannel
                0x000000000000b51a       0x4a C:\Users\libc0\Desktop\dice\CH573EVT\EVT\EXAM\BLE\LIB\libCH57xBLE.a(l2cap.o)
                0x000000000000b51a                l2capFreeChannel
 .text.l2capDisconnectChannel
                0x000000000000b564       0x28 C:\Users\libc0\Desktop\dice\CH573EVT\EVT\EXAM\BLE\LIB\libCH57xBLE.a(l2cap.o)
                0x000000000000b564                l2capDisconnectChannel
 .text.l2capHandleTimerCB
                0x000000000000b58c       0x2c C:\Users\libc0\Desktop\dice\CH573EVT\EVT\EXAM\BLE\LIB\libCH57xBLE.a(l2cap.o)
                0x000000000000b58c                l2capHandleTimerCB
 .text.l2capFreePendingPkt
                0x000000000000b5b8       0x58 C:\Users\libc0\Desktop\dice\CH573EVT\EVT\EXAM\BLE\LIB\libCH57xBLE.a(l2cap.o)
                0x000000000000b5b8                l2capFreePendingPkt
 .text.l2capGetCoChannelInfo
                0x000000000000b610       0x7e C:\Users\libc0\Desktop\dice\CH573EVT\EVT\EXAM\BLE\LIB\libCH57xBLE.a(l2cap.o)
                0x000000000000b610                l2capGetCoChannelInfo
 .text.l2capNumActiveChannnels
                0x000000000000b68e       0x44 C:\Users\libc0\Desktop\dice\CH573EVT\EVT\EXAM\BLE\LIB\libCH57xBLE.a(l2cap.o)
                0x000000000000b68e                l2capNumActiveChannnels
 .text.l2capStartTimer
                0x000000000000b6d2       0x1a C:\Users\libc0\Desktop\dice\CH573EVT\EVT\EXAM\BLE\LIB\libCH57xBLE.a(l2cap.o)
                0x000000000000b6d2                l2capStartTimer
 .text.l2capStopTimer
                0x000000000000b6ec       0x1e C:\Users\libc0\Desktop\dice\CH573EVT\EVT\EXAM\BLE\LIB\libCH57xBLE.a(l2cap.o)
                0x000000000000b6ec                l2capStopTimer
 .text.l2capDisconnectAllChannels
                0x000000000000b70a       0xdc C:\Users\libc0\Desktop\dice\CH573EVT\EVT\EXAM\BLE\LIB\libCH57xBLE.a(l2cap.o)
                0x000000000000b70a                l2capDisconnectAllChannels
 .text.l2capHandleConnStatusCB
                0x000000000000b7e6       0x3c C:\Users\libc0\Desktop\dice\CH573EVT\EVT\EXAM\BLE\LIB\libCH57xBLE.a(l2cap.o)
                0x000000000000b7e6                l2capHandleConnStatusCB
 .text.l2capHandleRxError
                0x000000000000b822        0x6 C:\Users\libc0\Desktop\dice\CH573EVT\EVT\EXAM\BLE\LIB\libCH57xBLE.a(l2cap.o)
                0x000000000000b822                l2capHandleRxError
 .text.L2CAP_GetMTU
                0x000000000000b828        0x6 C:\Users\libc0\Desktop\dice\CH573EVT\EVT\EXAM\BLE\LIB\libCH57xBLE.a(l2cap.o)
                0x000000000000b828                L2CAP_GetMTU
 .text.L2CAP_HostNumCompletedPkts
                0x000000000000b82e       0x28 C:\Users\libc0\Desktop\dice\CH573EVT\EVT\EXAM\BLE\LIB\libCH57xBLE.a(l2cap.o)
                0x000000000000b82e                L2CAP_HostNumCompletedPkts
 .text.L2CAP_ParseConnectReq
                0x000000000000b856       0x5e C:\Users\libc0\Desktop\dice\CH573EVT\EVT\EXAM\BLE\LIB\libCH57xBLE.a(l2cap.o)
                0x000000000000b856                L2CAP_ParseConnectReq
 .text.L2CAP_ParseFlowCtrlCredit
                0x000000000000b8b4       0x2e C:\Users\libc0\Desktop\dice\CH573EVT\EVT\EXAM\BLE\LIB\libCH57xBLE.a(l2cap.o)
                0x000000000000b8b4                L2CAP_ParseFlowCtrlCredit
 .text.L2CAP_RegisterApp
                0x000000000000b8e2       0x30 C:\Users\libc0\Desktop\dice\CH573EVT\EVT\EXAM\BLE\LIB\libCH57xBLE.a(l2cap.o)
                0x000000000000b8e2                L2CAP_RegisterApp
 .text.L2CAP_SetBufSize
                0x000000000000b912       0x1e C:\Users\libc0\Desktop\dice\CH573EVT\EVT\EXAM\BLE\LIB\libCH57xBLE.a(l2cap.o)
                0x000000000000b912                L2CAP_SetBufSize
 .text.L2CAP_bm_alloc
                0x000000000000b930       0x2a C:\Users\libc0\Desktop\dice\CH573EVT\EVT\EXAM\BLE\LIB\libCH57xBLE.a(l2cap.o)
                0x000000000000b930                L2CAP_bm_alloc
 .text.L2CAP_Init
                0x000000000000b95a       0xf0 C:\Users\libc0\Desktop\dice\CH573EVT\EVT\EXAM\BLE\LIB\libCH57xBLE.a(l2cap.o)
                0x000000000000b95a                L2CAP_Init
 .text.L2CAP_ProcessEvent
                0x000000000000ba4a       0xc8 C:\Users\libc0\Desktop\dice\CH573EVT\EVT\EXAM\BLE\LIB\libCH57xBLE.a(l2cap.o)
                0x000000000000ba4a                L2CAP_ProcessEvent
 .text.l2capParseCmdReject
                0x000000000000bb12       0x5e C:\Users\libc0\Desktop\dice\CH573EVT\EVT\EXAM\BLE\LIB\libCH57xBLE.a(l2cap_input.o)
                0x000000000000bb12                l2capParseCmdReject
 .text.l2capParseDisconnectReq
                0x000000000000bb70       0x2e C:\Users\libc0\Desktop\dice\CH573EVT\EVT\EXAM\BLE\LIB\libCH57xBLE.a(l2cap_input.o)
                0x000000000000bb70                l2capParseDisconnectReq
 .text.l2capParseDisconnectRsp
                0x000000000000bb9e       0x2e C:\Users\libc0\Desktop\dice\CH573EVT\EVT\EXAM\BLE\LIB\libCH57xBLE.a(l2cap_input.o)
                0x000000000000bb9e                l2capParseDisconnectRsp
 .text.L2CAP_ParseParamUpdateReq
                0x000000000000bbcc       0x4e C:\Users\libc0\Desktop\dice\CH573EVT\EVT\EXAM\BLE\LIB\libCH57xBLE.a(l2cap_input.o)
                0x000000000000bbcc                L2CAP_ParseParamUpdateReq
 .text.l2capParseParamUpdateRsp
                0x000000000000bc1a       0x1e C:\Users\libc0\Desktop\dice\CH573EVT\EVT\EXAM\BLE\LIB\libCH57xBLE.a(l2cap_input.o)
                0x000000000000bc1a                l2capParseParamUpdateRsp
 .text.l2capProcessConnectReq
                0x000000000000bc38       0xfc C:\Users\libc0\Desktop\dice\CH573EVT\EVT\EXAM\BLE\LIB\libCH57xBLE.a(l2cap_input.o)
                0x000000000000bc38                l2capProcessConnectReq
 .text.l2capParseConnectRsp
                0x000000000000bd34       0x5e C:\Users\libc0\Desktop\dice\CH573EVT\EVT\EXAM\BLE\LIB\libCH57xBLE.a(l2cap_input.o)
                0x000000000000bd34                l2capParseConnectRsp
 .text.l2capParseSignalHdr
                0x000000000000bd92       0x22 C:\Users\libc0\Desktop\dice\CH573EVT\EVT\EXAM\BLE\LIB\libCH57xBLE.a(l2cap_input.o)
                0x000000000000bd92                l2capParseSignalHdr
 .text.l2capParsePacket
                0x000000000000bdb4       0x8c C:\Users\libc0\Desktop\dice\CH573EVT\EVT\EXAM\BLE\LIB\libCH57xBLE.a(l2cap_input.o)
                0x000000000000bdb4                l2capParsePacket
 .text.l2capProcessReq
                0x000000000000be40      0x15a C:\Users\libc0\Desktop\dice\CH573EVT\EVT\EXAM\BLE\LIB\libCH57xBLE.a(l2cap_input.o)
                0x000000000000be40                l2capProcessReq
 .text.l2capProcessRsp
                0x000000000000bf9a      0x150 C:\Users\libc0\Desktop\dice\CH573EVT\EVT\EXAM\BLE\LIB\libCH57xBLE.a(l2cap_input.o)
                0x000000000000bf9a                l2capProcessRsp
 .text.l2capProcessRxData
                0x000000000000c0ea       0xf8 C:\Users\libc0\Desktop\dice\CH573EVT\EVT\EXAM\BLE\LIB\libCH57xBLE.a(l2cap_input.o)
                0x000000000000c0ea                l2capProcessRxData
 .text.l2capNotifyData
                0x000000000000c1e2       0x5a C:\Users\libc0\Desktop\dice\CH573EVT\EVT\EXAM\BLE\LIB\libCH57xBLE.a(l2cap_output.o)
                0x000000000000c1e2                l2capNotifyData
 .text.l2capNotifySignal
                0x000000000000c23c       0x76 C:\Users\libc0\Desktop\dice\CH573EVT\EVT\EXAM\BLE\LIB\libCH57xBLE.a(l2cap_output.o)
                0x000000000000c23c                l2capNotifySignal
 .text.l2capNotifyCreditEvt
                0x000000000000c2b2       0x9c C:\Users\libc0\Desktop\dice\CH573EVT\EVT\EXAM\BLE\LIB\libCH57xBLE.a(l2cap_output.o)
                0x000000000000c2b2                l2capNotifyCreditEvt
 .text.l2capNotifyChannelEstEvt
                0x000000000000c34e       0x58 C:\Users\libc0\Desktop\dice\CH573EVT\EVT\EXAM\BLE\LIB\libCH57xBLE.a(l2cap_output.o)
                0x000000000000c34e                l2capNotifyChannelEstEvt
 .text.l2capNotifyChannelTermEvt
                0x000000000000c3a6       0x3e C:\Users\libc0\Desktop\dice\CH573EVT\EVT\EXAM\BLE\LIB\libCH57xBLE.a(l2cap_output.o)
                0x000000000000c3a6                l2capNotifyChannelTermEvt
 .text.l2capNotifyEvent
                0x000000000000c3e4       0x66 C:\Users\libc0\Desktop\dice\CH573EVT\EVT\EXAM\BLE\LIB\libCH57xBLE.a(l2cap_output.o)
                0x000000000000c3e4                l2capNotifyEvent
 .text.l2capStoreFCPkt
                0x000000000000c44a       0x32 C:\Users\libc0\Desktop\dice\CH573EVT\EVT\EXAM\BLE\LIB\libCH57xBLE.a(l2cap_output.o)
                0x000000000000c44a                l2capStoreFCPkt
 .text.l2capFreeTxSDU
                0x000000000000c47c       0x9a C:\Users\libc0\Desktop\dice\CH573EVT\EVT\EXAM\BLE\LIB\libCH57xBLE.a(l2cap_output.o)
                0x000000000000c47c                l2capFreeTxSDU
 .text.l2capReassembleSegment
                0x000000000000c516      0x174 C:\Users\libc0\Desktop\dice\CH573EVT\EVT\EXAM\BLE\LIB\libCH57xBLE.a(l2cap_output.o)
                0x000000000000c516                l2capReassembleSegment
 .text.l2capEncapSendData
                0x000000000000c68a       0xec C:\Users\libc0\Desktop\dice\CH573EVT\EVT\EXAM\BLE\LIB\libCH57xBLE.a(l2cap_output.o)
                0x000000000000c68a                l2capEncapSendData
 .text.l2capSendFCPkt.part.3
                0x000000000000c776       0x70 C:\Users\libc0\Desktop\dice\CH573EVT\EVT\EXAM\BLE\LIB\libCH57xBLE.a(l2cap_output.o)
 .text.l2capSendSegment
                0x000000000000c7e6      0x108 C:\Users\libc0\Desktop\dice\CH573EVT\EVT\EXAM\BLE\LIB\libCH57xBLE.a(l2cap_output.o)
                0x000000000000c7e6                l2capSendSegment
 .text.l2capSendNextSegment
                0x000000000000c8ee       0xb4 C:\Users\libc0\Desktop\dice\CH573EVT\EVT\EXAM\BLE\LIB\libCH57xBLE.a(l2cap_output.o)
                0x000000000000c8ee                l2capSendNextSegment
 .text.l2capSendPkt
                0x000000000000c9a2       0x3a C:\Users\libc0\Desktop\dice\CH573EVT\EVT\EXAM\BLE\LIB\libCH57xBLE.a(l2cap_output.o)
                0x000000000000c9a2                l2capSendPkt
 .text.L2CAP_SendData
                0x000000000000c9dc       0x82 C:\Users\libc0\Desktop\dice\CH573EVT\EVT\EXAM\BLE\LIB\libCH57xBLE.a(l2cap_output.o)
                0x000000000000c9dc                L2CAP_SendData
 .text.l2capSendCmd
                0x000000000000ca5e       0x8a C:\Users\libc0\Desktop\dice\CH573EVT\EVT\EXAM\BLE\LIB\libCH57xBLE.a(l2cap_output.o)
                0x000000000000ca5e                l2capSendCmd
 .text.l2capSendReq
                0x000000000000cae8       0xbc C:\Users\libc0\Desktop\dice\CH573EVT\EVT\EXAM\BLE\LIB\libCH57xBLE.a(l2cap_output.o)
                0x000000000000cae8                l2capSendReq
 .text.l2capBuildDisconnectReq
                0x000000000000cba4       0x28 C:\Users\libc0\Desktop\dice\CH573EVT\EVT\EXAM\BLE\LIB\libCH57xBLE.a(l2cap_sdu.o)
 .text.l2capBuildParamUpdateReq
                0x000000000000cbcc       0x4c C:\Users\libc0\Desktop\dice\CH573EVT\EVT\EXAM\BLE\LIB\libCH57xBLE.a(l2cap_sdu.o)
 .text.l2capBuildParamUpdateRsp
                0x000000000000cc18       0x16 C:\Users\libc0\Desktop\dice\CH573EVT\EVT\EXAM\BLE\LIB\libCH57xBLE.a(l2cap_sdu.o)
 .text.l2capBuildConnectRsp
                0x000000000000cc2e       0x5e C:\Users\libc0\Desktop\dice\CH573EVT\EVT\EXAM\BLE\LIB\libCH57xBLE.a(l2cap_sdu.o)
 .text.l2capBuildCmdReject
                0x000000000000cc8c       0x62 C:\Users\libc0\Desktop\dice\CH573EVT\EVT\EXAM\BLE\LIB\libCH57xBLE.a(l2cap_sdu.o)
                0x000000000000cc8c                l2capBuildCmdReject
 .text.l2capBuildDisconnectRsp
                0x000000000000ccee       0x28 C:\Users\libc0\Desktop\dice\CH573EVT\EVT\EXAM\BLE\LIB\libCH57xBLE.a(l2cap_sdu.o)
                0x000000000000ccee                l2capBuildDisconnectRsp
 .text.l2capSendConnectRsp
                0x000000000000cd16       0xa2 C:\Users\libc0\Desktop\dice\CH573EVT\EVT\EXAM\BLE\LIB\libCH57xBLE.a(l2cap_sdu.o)
                0x000000000000cd16                l2capSendConnectRsp
 .text.L2CAP_CmdReject
                0x000000000000cdb8       0x12 C:\Users\libc0\Desktop\dice\CH573EVT\EVT\EXAM\BLE\LIB\libCH57xBLE.a(l2cap_sdu.o)
                0x000000000000cdb8                L2CAP_CmdReject
 .text.L2CAP_DisconnectReq
                0x000000000000cdca       0x2a C:\Users\libc0\Desktop\dice\CH573EVT\EVT\EXAM\BLE\LIB\libCH57xBLE.a(l2cap_sdu.o)
                0x000000000000cdca                L2CAP_DisconnectReq
 .text.L2CAP_ConnParamUpdateReq
                0x000000000000cdf4       0x16 C:\Users\libc0\Desktop\dice\CH573EVT\EVT\EXAM\BLE\LIB\libCH57xBLE.a(l2cap_sdu.o)
                0x000000000000cdf4                L2CAP_ConnParamUpdateReq
 .text.L2CAP_ConnParamUpdateRsp
                0x000000000000ce0a       0x12 C:\Users\libc0\Desktop\dice\CH573EVT\EVT\EXAM\BLE\LIB\libCH57xBLE.a(l2cap_sdu.o)
                0x000000000000ce0a                L2CAP_ConnParamUpdateRsp
 .text.reportStatusChange
                0x000000000000ce1c       0x3e C:\Users\libc0\Desktop\dice\CH573EVT\EVT\EXAM\BLE\LIB\libCH57xBLE.a(linkdb.o)
 .text.linkDB_Init
                0x000000000000ce5a       0x8e C:\Users\libc0\Desktop\dice\CH573EVT\EVT\EXAM\BLE\LIB\libCH57xBLE.a(linkdb.o)
                0x000000000000ce5a                linkDB_Init
 .text.linkDB_Find
                0x000000000000cee8       0x2c C:\Users\libc0\Desktop\dice\CH573EVT\EVT\EXAM\BLE\LIB\libCH57xBLE.a(linkdb.o)
                0x000000000000cee8                linkDB_Find
 .text.linkDB_Authen
                0x000000000000cf14       0x5c C:\Users\libc0\Desktop\dice\CH573EVT\EVT\EXAM\BLE\LIB\libCH57xBLE.a(linkdb.o)
                0x000000000000cf14                linkDB_Authen
 .text.linkDB_FindByAddr
                0x000000000000cf70       0x76 C:\Users\libc0\Desktop\dice\CH573EVT\EVT\EXAM\BLE\LIB\libCH57xBLE.a(linkdb.o)
                0x000000000000cf70                linkDB_FindByAddr
 .text.linkDB_FindFirst
                0x000000000000cfe6       0x38 C:\Users\libc0\Desktop\dice\CH573EVT\EVT\EXAM\BLE\LIB\libCH57xBLE.a(linkdb.o)
                0x000000000000cfe6                linkDB_FindFirst
 .text.linkDB_MTU
                0x000000000000d01e       0x18 C:\Users\libc0\Desktop\dice\CH573EVT\EVT\EXAM\BLE\LIB\libCH57xBLE.a(linkdb.o)
                0x000000000000d01e                linkDB_MTU
 .text.linkDB_NumActive
                0x000000000000d036       0x2e C:\Users\libc0\Desktop\dice\CH573EVT\EVT\EXAM\BLE\LIB\libCH57xBLE.a(linkdb.o)
                0x000000000000d036                linkDB_NumActive
 .text.linkDB_NumConns
                0x000000000000d064        0x6 C:\Users\libc0\Desktop\dice\CH573EVT\EVT\EXAM\BLE\LIB\libCH57xBLE.a(linkdb.o)
                0x000000000000d064                linkDB_NumConns
 .text.linkDB_Register
                0x000000000000d06a       0x28 C:\Users\libc0\Desktop\dice\CH573EVT\EVT\EXAM\BLE\LIB\libCH57xBLE.a(linkdb.o)
                0x000000000000d06a                linkDB_Register
 .text.linkDB_Remove
                0x000000000000d092       0x48 C:\Users\libc0\Desktop\dice\CH573EVT\EVT\EXAM\BLE\LIB\libCH57xBLE.a(linkdb.o)
                0x000000000000d092                linkDB_Remove
 .text.linkDB_Role
                0x000000000000d0da       0x18 C:\Users\libc0\Desktop\dice\CH573EVT\EVT\EXAM\BLE\LIB\libCH57xBLE.a(linkdb.o)
                0x000000000000d0da                linkDB_Role
 .text.linkDB_State
                0x000000000000d0f2       0x30 C:\Users\libc0\Desktop\dice\CH573EVT\EVT\EXAM\BLE\LIB\libCH57xBLE.a(linkdb.o)
                0x000000000000d0f2                linkDB_State
 .text.linkDB_UpdateMTU
                0x000000000000d122       0x28 C:\Users\libc0\Desktop\dice\CH573EVT\EVT\EXAM\BLE\LIB\libCH57xBLE.a(linkdb.o)
                0x000000000000d122                linkDB_UpdateMTU
 .text.linkDB_PerformFunc
                0x000000000000d14a       0x52 C:\Users\libc0\Desktop\dice\CH573EVT\EVT\EXAM\BLE\LIB\libCH57xBLE.a(linkdb.o)
                0x000000000000d14a                linkDB_PerformFunc
 .text.linkDB_PeripheralLinkNum
                0x000000000000d19c       0x3e C:\Users\libc0\Desktop\dice\CH573EVT\EVT\EXAM\BLE\LIB\libCH57xBLE.a(linkdb.o)
                0x000000000000d19c                linkDB_PeripheralLinkNum
 .text.linkDB_GetSMEvtID
                0x000000000000d1da       0x58 C:\Users\libc0\Desktop\dice\CH573EVT\EVT\EXAM\BLE\LIB\libCH57xBLE.a(linkdb.o)
                0x000000000000d1da                linkDB_GetSMEvtID
 .text.linkDB_Add
                0x000000000000d232       0xb2 C:\Users\libc0\Desktop\dice\CH573EVT\EVT\EXAM\BLE\LIB\libCH57xBLE.a(linkdb.o)
                0x000000000000d232                linkDB_Add
 .text.linkDB_GetHandleFromSMEvtID
                0x000000000000d2e4       0x32 C:\Users\libc0\Desktop\dice\CH573EVT\EVT\EXAM\BLE\LIB\libCH57xBLE.a(linkdb.o)
                0x000000000000d2e4                linkDB_GetHandleFromSMEvtID
 .text.linkDB_GetPairingParam
                0x000000000000d316       0x54 C:\Users\libc0\Desktop\dice\CH573EVT\EVT\EXAM\BLE\LIB\libCH57xBLE.a(linkdb.o)
                0x000000000000d316                linkDB_GetPairingParam
 .text.linkDB_NeedSendKey
                0x000000000000d36a       0x42 C:\Users\libc0\Desktop\dice\CH573EVT\EVT\EXAM\BLE\LIB\libCH57xBLE.a(linkdb.o)
                0x000000000000d36a                linkDB_NeedSendKey
 .text.smpBuildPairingFailed
                0x000000000000d3ac       0x1a C:\Users\libc0\Desktop\dice\CH573EVT\EVT\EXAM\BLE\LIB\libCH57xBLE.a(sm.o)
                0x000000000000d3ac                smpBuildPairingFailed
 .text.SM_StartEncryption
                0x000000000000d3c6       0x98 C:\Users\libc0\Desktop\dice\CH573EVT\EVT\EXAM\BLE\LIB\libCH57xBLE.a(sm.o)
                0x000000000000d3c6                SM_StartEncryption
 .text.smpBuildEncInfo
                0x000000000000d45e       0x30 C:\Users\libc0\Desktop\dice\CH573EVT\EVT\EXAM\BLE\LIB\libCH57xBLE.a(sm.o)
                0x000000000000d45e                smpBuildEncInfo
 .text.smpBuildIdentityAddrInfo
                0x000000000000d48e       0x3a C:\Users\libc0\Desktop\dice\CH573EVT\EVT\EXAM\BLE\LIB\libCH57xBLE.a(sm.o)
                0x000000000000d48e                smpBuildIdentityAddrInfo
 .text.smpBuildIdentityInfo
                0x000000000000d4c8       0x30 C:\Users\libc0\Desktop\dice\CH573EVT\EVT\EXAM\BLE\LIB\libCH57xBLE.a(sm.o)
                0x000000000000d4c8                smpBuildIdentityInfo
 .text.smpBuildMasterID
                0x000000000000d4f8       0x44 C:\Users\libc0\Desktop\dice\CH573EVT\EVT\EXAM\BLE\LIB\libCH57xBLE.a(sm.o)
                0x000000000000d4f8                smpBuildMasterID
 .text.smpBuildPairingConfirm
                0x000000000000d53c       0x30 C:\Users\libc0\Desktop\dice\CH573EVT\EVT\EXAM\BLE\LIB\libCH57xBLE.a(sm.o)
                0x000000000000d53c                smpBuildPairingConfirm
 .text.smpBuildPairingRandom