Archive member included to satisfy reference by file (symbol)

C:\Users\bc-win10server\Desktop\dice\CH573EVT\EVT\EXAM\SRC\StdPeriphDriver\libISP573.a(ISP573.o)
                              ./StdPeriphDriver/CH57x_pwr.o (FLASH_EEPROM_CMD)
C:\Users\bc-win10server\Desktop\dice\CH573EVT\EVT\EXAM\BLE\LIB\libCH57xBLE.a(message.o)
                              ./HAL/MCU.o (tmos_msg_deallocate)
C:\Users\bc-win10server\Desktop\dice\CH573EVT\EVT\EXAM\BLE\LIB\libCH57xBLE.a(tmos.o)
                              ./Profile/devinfoservice.o (tmos_memcpy)
C:\Users\bc-win10server\Desktop\dice\CH573EVT\EVT\EXAM\BLE\LIB\libCH57xBLE.a(tmos_hw.o)
                              C:\Users\bc-win10server\Desktop\dice\CH573EVT\EVT\EXAM\BLE\LIB\libCH57xBLE.a(tmos.o) (RTC_Get32KClock)
C:\Users\bc-win10server\Desktop\dice\CH573EVT\EVT\EXAM\BLE\LIB\libCH57xBLE.a(tmos_snv.o)
                              C:\Users\bc-win10server\Desktop\dice\CH573EVT\EVT\EXAM\BLE\LIB\libCH57xBLE.a(tmos.o) (tmos_snv_init)
C:\Users\bc-win10server\Desktop\dice\CH573EVT\EVT\EXAM\BLE\LIB\libCH57xBLE.a(att.o)
                              ./APP/peripheral.o (ATT_GetMTU)
C:\Users\bc-win10server\Desktop\dice\CH573EVT\EVT\EXAM\BLE\LIB\libCH57xBLE.a(att_client.o)
                              C:\Users\bc-win10server\Desktop\dice\CH573EVT\EVT\EXAM\BLE\LIB\libCH57xBLE.a(att.o) (ATT_HandleValueConfirmation)
C:\Users\bc-win10server\Desktop\dice\CH573EVT\EVT\EXAM\BLE\LIB\libCH57xBLE.a(gap.o)
                              ./APP/peripheral.o (GAP_SetParamValue)
C:\Users\bc-win10server\Desktop\dice\CH573EVT\EVT\EXAM\BLE\LIB\libCH57xBLE.a(gap_central.o)
                              C:\Users\bc-win10server\Desktop\dice\CH573EVT\EVT\EXAM\BLE\LIB\libCH57xBLE.a(gap.o) (GAP_CentralParamInit)
C:\Users\bc-win10server\Desktop\dice\CH573EVT\EVT\EXAM\BLE\LIB\libCH57xBLE.a(gap_peripheral.o)
                              C:\Users\bc-win10server\Desktop\dice\CH573EVT\EVT\EXAM\BLE\LIB\libCH57xBLE.a(gap.o) (GAP_PeripheralParamInit)
C:\Users\bc-win10server\Desktop\dice\CH573EVT\EVT\EXAM\BLE\LIB\libCH57xBLE.a(gapgattserver.o)
                              ./APP/peripheral.o (GGS_SetParameter)
C:\Users\bc-win10server\Desktop\dice\CH573EVT\EVT\EXAM\BLE\LIB\libCH57xBLE.a(gatt.o)
                              ./APP/peripheral.o (GATT_bm_alloc)
C:\Users\bc-win10server\Desktop\dice\CH573EVT\EVT\EXAM\BLE\LIB\libCH57xBLE.a(gatt_uuid.o)
                              C:\Users\bc-win10server\Desktop\dice\CH573EVT\EVT\EXAM\BLE\LIB\libCH57xBLE.a(gatt.o) (serviceChangedUUID)
C:\Users\bc-win10server\Desktop\dice\CH573EVT\EVT\EXAM\BLE\LIB\libCH57xBLE.a(gattclientapp.o)
                              C:\Users\bc-win10server\Desktop\dice\CH573EVT\EVT\EXAM\BLE\LIB\libCH57xBLE.a(gatt.o) (gattGetClientStatus)
C:\Users\bc-win10server\Desktop\dice\CH573EVT\EVT\EXAM\BLE\LIB\libCH57xBLE.a(gattservapp.o)
                              ./Profile/gattprofile.o (GATTServApp_ReadCharCfg)
C:\Users\bc-win10server\Desktop\dice\CH573EVT\EVT\EXAM\BLE\LIB\libCH57xBLE.a(l2cap.o)
                              C:\Users\bc-win10server\Desktop\dice\CH573EVT\EVT\EXAM\BLE\LIB\libCH57xBLE.a(att.o) (L2CAP_GetMTU)
C:\Users\bc-win10server\Desktop\dice\CH573EVT\EVT\EXAM\BLE\LIB\libCH57xBLE.a(l2cap_input.o)
                              C:\Users\bc-win10server\Desktop\dice\CH573EVT\EVT\EXAM\BLE\LIB\libCH57xBLE.a(l2cap.o) (l2capProcessRxData)
C:\Users\bc-win10server\Desktop\dice\CH573EVT\EVT\EXAM\BLE\LIB\libCH57xBLE.a(l2cap_output.o)
                              C:\Users\bc-win10server\Desktop\dice\CH573EVT\EVT\EXAM\BLE\LIB\libCH57xBLE.a(l2cap_input.o) (l2capNotifyData)
C:\Users\bc-win10server\Desktop\dice\CH573EVT\EVT\EXAM\BLE\LIB\libCH57xBLE.a(l2cap_sdu.o)
                              C:\Users\bc-win10server\Desktop\dice\CH573EVT\EVT\EXAM\BLE\LIB\libCH57xBLE.a(l2cap_input.o) (l2capBuildDisconnectRsp)
C:\Users\bc-win10server\Desktop\dice\CH573EVT\EVT\EXAM\BLE\LIB\libCH57xBLE.a(linkdb.o)
                              C:\Users\bc-win10server\Desktop\dice\CH573EVT\EVT\EXAM\BLE\LIB\libCH57xBLE.a(l2cap.o) (linkDB_Init)
C:\Users\bc-win10server\Desktop\dice\CH573EVT\EVT\EXAM\BLE\LIB\libCH57xBLE.a(sm.o)
                              C:\Users\bc-win10server\Desktop\dice\CH573EVT\EVT\EXAM\BLE\LIB\libCH57xBLE.a(gap.o) (smStartEncryption)
C:\Users\bc-win10server\Desktop\dice\CH573EVT\EVT\EXAM\BLE\LIB\libCH57xBLE.a(host_input.o)
                              C:\Users\bc-win10server\Desktop\dice\CH573EVT\EVT\EXAM\BLE\LIB\libCH57xBLE.a(gap.o) (gBleHostPara)
C:\Users\bc-win10server\Desktop\dice\CH573EVT\EVT\EXAM\BLE\LIB\libCH57xBLE.a(host_output.o)
                              C:\Users\bc-win10server\Desktop\dice\CH573EVT\EVT\EXAM\BLE\LIB\libCH57xBLE.a(gap.o) (HCI_DisconnectCmd)
C:\Users\bc-win10server\Desktop\dice\CH573EVT\EVT\EXAM\BLE\LIB\libCH57xBLE.a(ll_connect.o)
[...]
Memory Configuration

Name             Origin             Length             Attributes
FLASH            0x0000000000000000 0x0000000000070000 xr
RAM              0x0000000020003800 0x0000000000004800 xrw
*default*        0x0000000000000000 0xffffffffffffffff

Linker script and memory map

LOAD ./StdPeriphDriver/CH57x_adc.o
LOAD ./StdPeriphDriver/CH57x_clk.o
LOAD ./StdPeriphDriver/CH57x_flash.o
LOAD ./StdPeriphDriver/CH57x_gpio.o
LOAD ./StdPeriphDriver/CH57x_pwr.o
LOAD ./StdPeriphDriver/CH57x_sys.o
LOAD ./StdPeriphDriver/CH57x_timer0.o
LOAD ./StdPeriphDriver/CH57x_uart0.o
LOAD ./StdPeriphDriver/CH57x_uart1.o
LOAD ./StdPeriphDriver/CH57x_uart3.o
LOAD ./Startup/startup_CH573.o
LOAD ./RVMSIS/core_riscv.o
LOAD ./Profile/devinfoservice.o
LOAD ./Profile/gattprofile.o
LOAD ./HAL/MCU.o
LOAD ./HAL/RTC.o
LOAD ./HAL/SLEEP.o
LOAD ./APP/ble_uart_service/ble_uart_service_16bit.o
LOAD ./APP/app_drv_fifo/app_drv_fifo.o
LOAD ./APP/peripheral.o
LOAD ./APP/peripheral_main.o
LOAD C:\Users\bc-win10server\Desktop\dice\CH573EVT\EVT\EXAM\SRC\StdPeriphDriver\libISP573.a
LOAD C:\Users\bc-win10server\Desktop\dice\CH573EVT\EVT\EXAM\BLE\LIB\libCH57xBLE.a
LOAD d:/app/mounriver/mounriver_studio/toolchain/risc-v embedded gcc/bin/../lib/gcc/riscv-none-embed/8.2.0/rv32imac/ilp32\libgcc.a
LOAD d:/app/mounriver/mounriver_studio/toolchain/risc-v embedded gcc/bin/../lib/gcc/riscv-none-embed/8.2.0/../../../../riscv-none-embed/lib/rv32imac/ilp32\libg_nano.a
LOAD d:/app/mounriver/mounriver_studio/toolchain/risc-v embedded gcc/bin/../lib/gcc/riscv-none-embed/8.2.0/../../../../riscv-none-embed/lib/rv32imac/ilp32\libc_nano.a
LOAD d:/app/mounriver/mounriver_studio/toolchain/risc-v embedded gcc/bin/../lib/gcc/riscv-none-embed/8.2.0/rv32imac/ilp32\libgcc.a
START GROUP
LOAD d:/app/mounriver/mounriver_studio/toolchain/risc-v embedded gcc/bin/../lib/gcc/riscv-none-embed/8.2.0/rv32imac/ilp32\libgcc.a
LOAD d:/app/mounriver/mounriver_studio/toolchain/risc-v embedded gcc/bin/../lib/gcc/riscv-none-embed/8.2.0/../../../../riscv-none-embed/lib/rv32imac/ilp32\libc_nano.a
LOAD d:/app/mounriver/mounriver_studio/toolchain/risc-v embedded gcc/bin/../lib/gcc/riscv-none-embed/8.2.0/../../../../riscv-none-embed/lib/rv32imac/ilp32\libnosys.a
END GROUP
START GROUP
LOAD d:/app/mounriver/mounriver_studio/toolchain/risc-v embedded gcc/bin/../lib/gcc/riscv-none-embed/8.2.0/rv32imac/ilp32\libgcc.a
LOAD d:/app/mounriver/mounriver_studio/toolchain/risc-v embedded gcc/bin/../lib/gcc/riscv-none-embed/8.2.0/../../../../riscv-none-embed/lib/rv32imac/ilp32\libc_nano.a
LOAD d:/app/mounriver/mounriver_studio/toolchain/risc-v embedded gcc/bin/../lib/gcc/riscv-none-embed/8.2.0/../../../../riscv-none-embed/lib/rv32imac/ilp32\libnosys.a
END GROUP

.init           0x0000000000000000        0x4
                0x0000000000000000                _sinit = .
                0x0000000000000000                . = ALIGN (0x4)
 *(SORT_NONE(.init))
 .init          0x0000000000000000        0x4 ./Startup/startup_CH573.o
                0x0000000000000000                _start
                0x0000000000000004                . = ALIGN (0x4)
                0x0000000000000004                _einit = .

.highcodelalign
                0x0000000000000004        0x0
                0x0000000000000004                . = ALIGN (0x4)
                0x0000000000000004                PROVIDE (_highcode_lma = .)

.highcode       0x0000000020003800     0x1240 load address 0x0000000000000004
                0x0000000020003800                . = ALIGN (0x4)
                0x0000000020003800                PROVIDE (_highcode_vma_start = .)
 *(.vector)
 .vector        0x0000000020003800       0x90 ./Startup/startup_CH573.o
 *(SORT_NONE(.vector_handler))
 .vector_handler
                0x0000000020003890       0x2c ./Startup/startup_CH573.o
                0x0000000020003890                NMI_Handler
                0x0000000020003894                SysTick_Handler
                0x0000000020003896                SW_Handler
                0x0000000020003898                TMR0_IRQHandler
                0x000000002000389a                GPIOA_IRQHandler
                0x000000002000389c                GPIOB_IRQHandler
                0x000000002000389e                SPI0_IRQHandler
                0x00000000200038a0                BB_IRQHandler
                0x00000000200038a2                LLE_IRQHandler
                0x00000000200038a4                USB_IRQHandler
                0x00000000200038a6                TMR1_IRQHandler
                0x00000000200038a8                TMR2_IRQHandler
                0x00000000200038aa                UART0_IRQHandler
                0x00000000200038ac                UART1_IRQHandler
                0x00000000200038b0                ADC_IRQHandler
                0x00000000200038b2                PWMX_IRQHandler
                0x00000000200038b4                TMR3_IRQHandler
                0x00000000200038b6                UART2_IRQHandler
                0x00000000200038ba                WDOG_BAT_IRQHandler
 *(.highcode)
 .highcode      0x00000000200038bc       0x4a ./StdPeriphDriver/CH57x_clk.o
                0x00000000200038bc                Get_Calibration_Cnt_RAM
 .highcode      0x0000000020003906      0x1a8 ./StdPeriphDriver/CH57x_sys.o
                0x0000000020003906                SetSysClock
                0x0000000020003a02                SYS_ResetExecute
                0x0000000020003a3a                HardFault_Handler
                0x0000000020003a78                mDelayuS
                0x0000000020003a86                mDelaymS
 .highcode      0x0000000020003aae       0x16 ./HAL/RTC.o
                0x0000000020003aae                RTC_IRQHandler
 .highcode      0x0000000020003ac4       0x6a ./APP/peripheral.o
                0x0000000020003ac4                UART3_IRQHandler
 .highcode      0x0000000020003b2e       0x10 ./APP/peripheral_main.o
                0x0000000020003b2e                Main_Circulation
 .highcode      0x0000000020003b3e      0x3ee C:\Users\bc-win10server\Desktop\dice\CH573EVT\EVT\EXAM\SRC\StdPeriphDriver\libISP573.a(ISP573.o)
                0x0000000020003b3e                FLASH_ROM_BEG
                0x0000000020003b50                FLASH_ROM_END
                0x0000000020003b5e                FLASH_ROM_IN
                0x0000000020003b6c                FLASH_ROM_OUT
                0x0000000020003b7a                FLASH_ROM_ADDR
                0x0000000020003bc2                FLASH_ROM_WAIT
                0x0000000020003bfa                FLASH_EEPROM_CMD
 .highcode      0x0000000020003f2c      0x230 C:\Users\bc-win10server\Desktop\dice\CH573EVT\EVT\EXAM\BLE\LIB\libCH57xBLE.a(tmos.o)
                0x0000000020003f48                tmos_memcpy
                0x0000000020003f68                tmos_memcpy_word
                0x0000000020003f84                TMOS_SystemProcess
 .highcode      0x000000002000415c       0xc2 C:\Users\bc-win10server\Desktop\dice\CH573EVT\EVT\EXAM\BLE\LIB\libCH57xBLE.a(tmos_hw.o)
                0x000000002000415c                BLE_GetHSEClock
                0x000000002000419a                RTC_Get32KClock
                0x00000000200041b2                SYS_GetTickCount
 .highcode      0x000000002000421e      0x138 C:\Users\bc-win10server\Desktop\dice\CH573EVT\EVT\EXAM\BLE\LIB\libCH57xBLE.a(ll_connect.o)
                0x000000002000421e                ll_connect_process_data
                0x000000002000426c                ll_connect_event_continue
 .highcode      0x0000000020004356      0x1c4 C:\Users\bc-win10server\Desktop\dice\CH573EVT\EVT\EXAM\BLE\LIB\libCH57xBLE.a(bb.o)
                0x0000000020004356                BB_IRQLibHandler
                0x00000000200044d0                BB_IRQLibFunction
 .highcode      0x000000002000451a      0x198 C:\Users\bc-win10server\Desktop\dice\CH573EVT\EVT\EXAM\BLE\LIB\libCH57xBLE.a(ip.o)
                0x000000002000451a                ll_tx_wait_finish
                0x0000000020004546                ll_tx_wait_tx_dma
                0x00000000200045a4                ll_rx_wait_finish
                0x00000000200045da                ll_rx_wait_tx_dma
                0x0000000020004628                ble_ll_chkcrc
 .highcode      0x00000000200046b2      0x1a4 C:\Users\bc-win10server\Desktop\dice\CH573EVT\EVT\EXAM\BLE\LIB\libCH57xBLE.a(lle.o)
                0x00000000200046b2                LLE_IRQLibHandler
                0x000000002000480c                LLE_IRQLibFunction
 .highcode      0x0000000020004856       0x82 C:\Users\bc-win10server\Desktop\dice\CH573EVT\EVT\EXAM\BLE\LIB\libCH57xBLE.a(rf_fh.o)
                0x0000000020004856                RF_HopGetChannel
 .highcode      0x00000000200048d8       0x2c C:\Users\bc-win10server\Desktop\dice\CH573EVT\EVT\EXAM\BLE\LIB\libCH57xBLE.a(rfend.o)
                0x00000000200048d8                RFEND_WaitTune
 .highcode      0x0000000020004904      0x13a C:\Users\bc-win10server\Desktop\dice\CH573EVT\EVT\EXAM\BLE\LIB\libCH57xBLE.a(memory.o)
                0x0000000020004904                tmos_memory_allocate
                0x000000002000499e                tmos_memory_free
 *(.highcode.*)
                0x0000000020004a40                . = ALIGN (0x4)
 *fill*         0x0000000020004a3e        0x2 
                0x0000000020004a40                PROVIDE (_highcode_vma_end = .)

.text           0x0000000000001248    0x1c500
                0x0000000000001248                . = ALIGN (0x4)
 *(SORT_NONE(.handle_reset))
 .handle_reset  0x0000000000001248       0xa2 ./Startup/startup_CH573.o
                0x0000000000001248                handle_reset
 *(.text)
 .text          0x00000000000012ea       0xa8 d:/app/mounriver/mounriver_studio/toolchain/risc-v embedded gcc/bin/../lib/gcc/riscv-none-embed/8.2.0/../../../../riscv-none-embed/lib/rv32imac/ilp32\libg_nano.a(lib_a-memset.o)
                0x00000000000012ea                memset
 *(.text.*)
 .text.ADC_InterTSSampInit
                0x0000000000001392       0x28 ./StdPeriphDriver/CH57x_adc.o
                0x0000000000001392                ADC_InterTSSampInit
 .text.Calibration_LSI_FLASH
                0x00000000000013ba      0x284 ./StdPeriphDriver/CH57x_clk.o
                0x00000000000013ba                Calibration_LSI_FLASH
 .text.Calibration_LSI_RAM
                0x000000000000163e      0x23e ./StdPeriphDriver/CH57x_clk.o
                0x000000000000163e                Calibration_LSI_RAM
 .text.RTC_InitTime
                0x000000000000187c      0x134 ./StdPeriphDriver/CH57x_clk.o
                0x000000000000187c                RTC_InitTime
 .text.GPIOA_ModeCfg
                0x00000000000019b0       0xa6 ./StdPeriphDriver/CH57x_gpio.o
                0x00000000000019b0                GPIOA_ModeCfg
 .text.GetSysClock
                0x0000000000001a56       0x42 ./StdPeriphDriver/CH57x_sys.o
                0x0000000000001a56                GetSysClock
 .text.SYS_DisableAllIrq
                0x0000000000001a98       0x1c ./StdPeriphDriver/CH57x_sys.o
                0x0000000000001a98                SYS_DisableAllIrq
 .text.SYS_RecoverIrq
                0x0000000000001ab4       0x14 ./StdPeriphDriver/CH57x_sys.o
                0x0000000000001ab4                SYS_RecoverIrq
 .text.SYS_GetSysTickCnt
                0x0000000000001ac8        0xa ./StdPeriphDriver/CH57x_sys.o
                0x0000000000001ac8                SYS_GetSysTickCnt
 .text._write   0x0000000000001ad2       0x28 ./StdPeriphDriver/CH57x_sys.o
                0x0000000000001ad2                _write
 .text.UART0_BaudRateCfg
                0x0000000000001afa       0x30 ./StdPeriphDriver/CH57x_uart0.o
                0x0000000000001afa                UART0_BaudRateCfg
 .text.UART0_DefInit
                0x0000000000001b2a       0x32 ./StdPeriphDriver/CH57x_uart0.o
                0x0000000000001b2a                UART0_DefInit
 .text.UART3_BaudRateCfg
                0x0000000000001b5c       0x30 ./StdPeriphDriver/CH57x_uart3.o
                0x0000000000001b5c                UART3_BaudRateCfg
 .text.UART3_DefInit
                0x0000000000001b8c       0x32 ./StdPeriphDriver/CH57x_uart3.o
                0x0000000000001b8c                UART3_DefInit
 .text.UART3_INTCfg
                0x0000000000001bbe       0x2a ./StdPeriphDriver/CH57x_uart3.o
                0x0000000000001bbe                UART3_INTCfg
 .text.devInfo_ReadAttrCB
                0x0000000000001be8      0x196 ./Profile/devinfoservice.o
 .text.DevInfo_AddService
                0x0000000000001d7e       0x18 ./Profile/devinfoservice.o
                0x0000000000001d7e                DevInfo_AddService
 .text.Lib_Calibration_LSI
                0x0000000000001d96       0x2c ./HAL/MCU.o
                0x0000000000001d96                Lib_Calibration_LSI
 .text.Lib_Read_Flash
                0x0000000000001dc2       0x1c ./HAL/MCU.o
                0x0000000000001dc2                Lib_Read_Flash
 .text.Lib_Write_Flash
                0x0000000000001dde       0x40 ./HAL/MCU.o
                0x0000000000001dde                Lib_Write_Flash
 .text.HAL_GetInterTempValue
                0x0000000000001e1e       0x72 ./HAL/MCU.o
                0x0000000000001e1e                HAL_GetInterTempValue
 .text.HAL_ProcessEvent
                0x0000000000001e90       0x7e ./HAL/MCU.o
                0x0000000000001e90                HAL_ProcessEvent
 .text.CH57X_BLEInit
                0x0000000000001f0e      0x12c ./HAL/MCU.o
                0x0000000000001f0e                CH57X_BLEInit
 .text.HAL_Init
                0x000000000000203a       0x34 ./HAL/MCU.o
                0x000000000000203a                HAL_Init
 .text.HAL_TimeInit
                0x000000000000206e       0x5e ./HAL/RTC.o
                0x000000000000206e                HAL_TimeInit
 .text.ble_uart_WriteAttrCB
                0x00000000000020cc       0xba ./APP/ble_uart_service/ble_uart_service_16bit.o
 .text.ble_uart_ReadAttrCB
                0x0000000000002186       0x6e ./APP/ble_uart_service/ble_uart_service_16bit.o
 .text.ble_uart_HandleConnStatusCB
                0x00000000000021f4       0x3e ./APP/ble_uart_service/ble_uart_service_16bit.o
 .text.ble_uart_add_service
                0x0000000000002232       0x5a ./APP/ble_uart_service/ble_uart_service_16bit.o
                0x0000000000002232                ble_uart_add_service
 .text.ble_uart_notify_is_ready
                0x000000000000228c       0x18 ./APP/ble_uart_service/ble_uart_service_16bit.o
                0x000000000000228c                ble_uart_notify_is_ready
 .text.ble_uart_notify
                0x00000000000022a4       0x46 ./APP/ble_uart_service/ble_uart_service_16bit.o
                0x00000000000022a4                ble_uart_notify
 .text.app_drv_fifo_length
                0x00000000000022ea       0x12 ./APP/app_drv_fifo/app_drv_fifo.o
                0x00000000000022ea                app_drv_fifo_length
 .text.app_drv_fifo_init
                0x00000000000022fc       0x26 ./APP/app_drv_fifo/app_drv_fifo.o
                0x00000000000022fc                app_drv_fifo_init
 .text.app_drv_fifo_flush
                0x0000000000002322        0x6 ./APP/app_drv_fifo/app_drv_fifo.o
                0x0000000000002322                app_drv_fifo_flush
 .text.app_drv_fifo_write
                0x0000000000002328       0x72 ./APP/app_drv_fifo/app_drv_fifo.o
                0x0000000000002328                app_drv_fifo_write
 .text.app_drv_fifo_write_from_same_addr
                0x000000000000239a       0x60 ./APP/app_drv_fifo/app_drv_fifo.o
                0x000000000000239a                app_drv_fifo_write_from_same_addr
 .text.app_drv_fifo_read
                0x00000000000023fa       0x62 ./APP/app_drv_fifo/app_drv_fifo.o
                0x00000000000023fa                app_drv_fifo_read
 .text.app_drv_fifo_read_to_same_addr
                0x000000000000245c       0x4e ./APP/app_drv_fifo/app_drv_fifo.o
                0x000000000000245c                app_drv_fifo_read_to_same_addr
 .text.peripheralRssiCB
                0x00000000000024aa       0x12 ./APP/peripheral.o
 .text.peripheralParamUpdateCB
                0x00000000000024bc       0x30 ./APP/peripheral.o
 .text.Peripheral_LinkTerminated
                0x00000000000024ec       0x44 ./APP/peripheral.o
 .text.Peripheral_ProcessEvent
                0x0000000000002530      0x1f8 ./APP/peripheral.o
                0x0000000000002530                Peripheral_ProcessEvent
 .text.peripheralStateNotificationCB
                0x0000000000002728      0x12a ./APP/peripheral.o
 .text.app_uart_process
                0x0000000000002852       0x50 ./APP/peripheral.o
                0x0000000000002852                app_uart_process
 .text.app_uart_init
                0x00000000000028a2       0x72 ./APP/peripheral.o
                0x00000000000028a2                app_uart_init
 .text.app_uart_tx_data
                0x0000000000002914       0x1c ./APP/peripheral.o
                0x0000000000002914                app_uart_tx_data
 .text.on_bleuartServiceEvt
                0x0000000000002930       0x7a ./APP/peripheral.o
                0x0000000000002930                on_bleuartServiceEvt
 .text.Peripheral_Init
                0x00000000000029aa      0x134 ./APP/peripheral.o
                0x00000000000029aa                Peripheral_Init
 .text.startup.main
                0x0000000000002ade       0x52 ./APP/peripheral_main.o
                0x0000000000002ade                main
 .text.tmos_msg_enqueue
                0x0000000000002b30       0x1e C:\Users\bc-win10server\Desktop\dice\CH573EVT\EVT\EXAM\BLE\LIB\libCH57xBLE.a(message.o)
                0x0000000000002b30                tmos_msg_enqueue
 .text.tmos_msg_deallocate
                0x0000000000002b4e       0x2c C:\Users\bc-win10server\Desktop\dice\CH573EVT\EVT\EXAM\BLE\LIB\libCH57xBLE.a(message.o)
                0x0000000000002b4e                tmos_msg_deallocate
 .text.tmos_msg_allocate
                0x0000000000002b7a       0x3e C:\Users\bc-win10server\Desktop\dice\CH573EVT\EVT\EXAM\BLE\LIB\libCH57xBLE.a(message.o)
                0x0000000000002b7a                tmos_msg_allocate
 .text.tmos_msg_receive
                0x0000000000002bb8       0x68 C:\Users\bc-win10server\Desktop\dice\CH573EVT\EVT\EXAM\BLE\LIB\libCH57xBLE.a(message.o)
                0x0000000000002bb8                tmos_msg_receive
 .text.tmos_msg_send
                0x0000000000002c20       0x56 C:\Users\bc-win10server\Desktop\dice\CH573EVT\EVT\EXAM\BLE\LIB\libCH57xBLE.a(message.o)
                0x0000000000002c20                tmos_msg_send
 .text.tmos_msg_init
                0x0000000000002c76        0x6 C:\Users\bc-win10server\Desktop\dice\CH573EVT\EVT\EXAM\BLE\LIB\libCH57xBLE.a(message.o)
                0x0000000000002c76                tmos_msg_init
 .text.tmosFindTask
                0x0000000000002c7c       0x20 C:\Users\bc-win10server\Desktop\dice\CH573EVT\EVT\EXAM\BLE\LIB\libCH57xBLE.a(tmos.o)
 .text.TMOS_CbTimerProcessEvent
                0x0000000000002c9c       0x7c C:\Users\bc-win10server\Desktop\dice\CH573EVT\EVT\EXAM\BLE\LIB\libCH57xBLE.a(tmos.o)
                0x0000000000002c9c                TMOS_CbTimerProcessEvent
 .text.tmos_rand
                0x0000000000002d18       0x54 C:\Users\bc-win10server\Desktop\dice\CH573EVT\EVT\EXAM\BLE\LIB\libCH57xBLE.a(tmos.o)
                0x0000000000002d18                tmos_rand
 .text.tmos_query_sleep_time
                0x0000000000002d6c      0x178 C:\Users\bc-win10server\Desktop\dice\CH573EVT\EVT\EXAM\BLE\LIB\libCH57xBLE.a(tmos.o)
                0x0000000000002d6c                tmos_query_sleep_time
 .text.tmos_memset
                0x0000000000002ee4       0x12 C:\Users\bc-win10server\Desktop\dice\CH573EVT\EVT\EXAM\BLE\LIB\libCH57xBLE.a(tmos.o)
                0x0000000000002ee4                tmos_memset
 .text.tmos_strlen
                0x0000000000002ef6       0x14 C:\Users\bc-win10server\Desktop\dice\CH573EVT\EVT\EXAM\BLE\LIB\libCH57xBLE.a(tmos.o)
                0x0000000000002ef6                tmos_strlen
 .text.tmos_memdup
                0x0000000000002f0a       0x3c C:\Users\bc-win10server\Desktop\dice\CH573EVT\EVT\EXAM\BLE\LIB\libCH57xBLE.a(tmos.o)
                0x0000000000002f0a                tmos_memdup
 .text.tmos_memcmp
                0x0000000000002f46       0x24 C:\Users\bc-win10server\Desktop\dice\CH573EVT\EVT\EXAM\BLE\LIB\libCH57xBLE.a(tmos.o)
                0x0000000000002f46                tmos_memcmp
 .text.tmos_revmemcpy
                0x0000000000002f6a       0x1c C:\Users\bc-win10server\Desktop\dice\CH573EVT\EVT\EXAM\BLE\LIB\libCH57xBLE.a(tmos.o)
                0x0000000000002f6a                tmos_revmemcpy
 .text.tmos_isbufset
                0x0000000000002f86       0x1e C:\Users\bc-win10server\Desktop\dice\CH573EVT\EVT\EXAM\BLE\LIB\libCH57xBLE.a(tmos.o)
                0x0000000000002f86                tmos_isbufset
 .text.tmos_set_event
                0x0000000000002fa4       0x2a C:\Users\bc-win10server\Desktop\dice\CH573EVT\EVT\EXAM\BLE\LIB\libCH57xBLE.a(tmos.o)
                0x0000000000002fa4                tmos_set_event
 .text.tmos_query_system_time
                0x0000000000002fce       0xce C:\Users\bc-win10server\Desktop\dice\CH573EVT\EVT\EXAM\BLE\LIB\libCH57xBLE.a(tmos.o)
                0x0000000000002fce                tmos_query_system_time
 .text.tmos_clear_event
                0x000000000000309c       0x2e C:\Users\bc-win10server\Desktop\dice\CH573EVT\EVT\EXAM\BLE\LIB\libCH57xBLE.a(tmos.o)
                0x000000000000309c                tmos_clear_event
 .text.tmos_start_task
                0x00000000000030ca       0x8e C:\Users\bc-win10server\Desktop\dice\CH573EVT\EVT\EXAM\BLE\LIB\libCH57xBLE.a(tmos.o)
                0x00000000000030ca                tmos_start_task
 .text.tmos_start_callback_task
                0x0000000000003158       0xac C:\Users\bc-win10server\Desktop\dice\CH573EVT\EVT\EXAM\BLE\LIB\libCH57xBLE.a(tmos.o)
                0x0000000000003158                tmos_start_callback_task
 .text.tmos_start_reload_task
                0x0000000000003204       0x30 C:\Users\bc-win10server\Desktop\dice\CH573EVT\EVT\EXAM\BLE\LIB\libCH57xBLE.a(tmos.o)
                0x0000000000003204                tmos_start_reload_task
 .text.tmos_stop_task
                0x0000000000003234       0x42 C:\Users\bc-win10server\Desktop\dice\CH573EVT\EVT\EXAM\BLE\LIB\libCH57xBLE.a(tmos.o)
                0x0000000000003234                tmos_stop_task
 .text.tmos_stop_callback_task
                0x0000000000003276       0x5c C:\Users\bc-win10server\Desktop\dice\CH573EVT\EVT\EXAM\BLE\LIB\libCH57xBLE.a(tmos.o)
                0x0000000000003276                tmos_stop_callback_task
 .text.tmos_get_task_timer
                0x00000000000032d2       0x16 C:\Users\bc-win10server\Desktop\dice\CH573EVT\EVT\EXAM\BLE\LIB\libCH57xBLE.a(tmos.o)
                0x00000000000032d2                tmos_get_task_timer
 .text.tmos_update_callback_timer
                0x00000000000032e8       0x62 C:\Users\bc-win10server\Desktop\dice\CH573EVT\EVT\EXAM\BLE\LIB\libCH57xBLE.a(tmos.o)
                0x00000000000032e8                tmos_update_callback_timer
 .text.TMOS_Set32KTuneValue
                0x000000000000334a        0xa C:\Users\bc-win10server\Desktop\dice\CH573EVT\EVT\EXAM\BLE\LIB\libCH57xBLE.a(tmos.o)
                0x000000000000334a                TMOS_Set32KTuneValue
 .text.TMOS_TimerRegister
                0x0000000000003354       0x1a C:\Users\bc-win10server\Desktop\dice\CH573EVT\EVT\EXAM\BLE\LIB\libCH57xBLE.a(tmos.o)
                0x0000000000003354                TMOS_TimerRegister
 .text.TMOS_ProcessRegister
                0x000000000000336e       0x16 C:\Users\bc-win10server\Desktop\dice\CH573EVT\EVT\EXAM\BLE\LIB\libCH57xBLE.a(tmos.o)
                0x000000000000336e                TMOS_ProcessRegister
 .text.TMOS_Init
                0x0000000000003384       0xe6 C:\Users\bc-win10server\Desktop\dice\CH573EVT\EVT\EXAM\BLE\LIB\libCH57xBLE.a(tmos.o)
                0x0000000000003384                TMOS_Init
 .text.TMOS_ProcessEventRegister
                0x000000000000346a       0x38 C:\Users\bc-win10server\Desktop\dice\CH573EVT\EVT\EXAM\BLE\LIB\libCH57xBLE.a(tmos.o)
                0x000000000000346a                TMOS_ProcessEventRegister
 .text.BLE_LibInit
                0x00000000000034a2      0x1a4 C:\Users\bc-win10server\Desktop\dice\CH573EVT\EVT\EXAM\BLE\LIB\libCH57xBLE.a(tmos.o)
                0x00000000000034a2                BLE_LibInit
 .text.ble_ll_common_rand8
                0x0000000000003646       0x24 C:\Users\bc-win10server\Desktop\dice\CH573EVT\EVT\EXAM\BLE\LIB\libCH57xBLE.a(tmos_hw.o)
                0x0000000000003646                ble_ll_common_rand8
 .text.ble_ll_common_rand16
                0x000000000000366a       0x24 C:\Users\bc-win10server\Desktop\dice\CH573EVT\EVT\EXAM\BLE\LIB\libCH57xBLE.a(tmos_hw.o)
                0x000000000000366a                ble_ll_common_rand16
 .text.ble_ll_common_rand32
                0x000000000000368e       0x20 C:\Users\bc-win10server\Desktop\dice\CH573EVT\EVT\EXAM\BLE\LIB\libCH57xBLE.a(tmos_hw.o)
                0x000000000000368e                ble_ll_common_rand32
 .text.ll_hw_temp_sample
                0x00000000000036ae       0xc0 C:\Users\bc-win10server\Desktop\dice\CH573EVT\EVT\EXAM\BLE\LIB\libCH57xBLE.a(tmos_hw.o)
                0x00000000000036ae                ll_hw_temp_sample
 .text.TMOS_TimerInit
                0x000000000000376e       0x5c C:\Users\bc-win10server\Desktop\dice\CH573EVT\EVT\EXAM\BLE\LIB\libCH57xBLE.a(tmos_hw.o)
                0x000000000000376e                TMOS_TimerInit
 .text.tmos_snv_init
                0x00000000000037ca       0xbc C:\Users\bc-win10server\Desktop\dice\CH573EVT\EVT\EXAM\BLE\LIB\libCH57xBLE.a(tmos_snv.o)
                0x00000000000037ca                tmos_snv_init
 .text.tmos_snv_clear
                0x0000000000003886       0xae C:\Users\bc-win10server\Desktop\dice\CH573EVT\EVT\EXAM\BLE\LIB\libCH57xBLE.a(tmos_snv.o)
                0x0000000000003886                tmos_snv_clear
 .text.tmos_snv_read
                0x0000000000003934      0x292 C:\Users\bc-win10server\Desktop\dice\CH573EVT\EVT\EXAM\BLE\LIB\libCH57xBLE.a(tmos_snv.o)
                0x0000000000003934                tmos_snv_read
 .text.tmos_snv_notify
                0x0000000000003bc6       0x5a C:\Users\bc-win10server\Desktop\dice\CH573EVT\EVT\EXAM\BLE\LIB\libCH57xBLE.a(tmos_snv.o)
                0x0000000000003bc6                tmos_snv_notify
 .text.tmos_snv_write
                0x0000000000003c20      0x2ce C:\Users\bc-win10server\Desktop\dice\CH573EVT\EVT\EXAM\BLE\LIB\libCH57xBLE.a(tmos_snv.o)
                0x0000000000003c20                tmos_snv_write
 .text.tmos_snv_compact
                0x0000000000003eee        0x4 C:\Users\bc-win10server\Desktop\dice\CH573EVT\EVT\EXAM\BLE\LIB\libCH57xBLE.a(tmos_snv.o)
                0x0000000000003eee                tmos_snv_compact
 .text.ATT_BuildErrorRsp
                0x0000000000003ef2       0x26 C:\Users\bc-win10server\Desktop\dice\CH573EVT\EVT\EXAM\BLE\LIB\libCH57xBLE.a(att.o)
                0x0000000000003ef2                ATT_BuildErrorRsp
 .text.ATT_ParamInit
                0x0000000000003f18        0xa C:\Users\bc-win10server\Desktop\dice\CH573EVT\EVT\EXAM\BLE\LIB\libCH57xBLE.a(att.o)
                0x0000000000003f18                ATT_ParamInit
 .text.ATT_ConvertUUIDto128
                0x0000000000003f22       0x46 C:\Users\bc-win10server\Desktop\dice\CH573EVT\EVT\EXAM\BLE\LIB\libCH57xBLE.a(att.o)
                0x0000000000003f22                ATT_ConvertUUIDto128
 .text.ATT_CompareUUID
                0x0000000000003f68       0x62 C:\Users\bc-win10server\Desktop\dice\CH573EVT\EVT\EXAM\BLE\LIB\libCH57xBLE.a(att.o)
                0x0000000000003f68                ATT_CompareUUID
 .text.ATT_RegisterServer
                0x0000000000003fca        0x6 C:\Users\bc-win10server\Desktop\dice\CH573EVT\EVT\EXAM\BLE\LIB\libCH57xBLE.a(att.o)
                0x0000000000003fca                ATT_RegisterServer
 .text.ATT_ParsePacket
                0x0000000000003fd0       0x94 C:\Users\bc-win10server\Desktop\dice\CH573EVT\EVT\EXAM\BLE\LIB\libCH57xBLE.a(att.o)
                0x0000000000003fd0                ATT_ParsePacket
 .text.ATT_UpdateMTU
                0x0000000000004064       0x3c C:\Users\bc-win10server\Desktop\dice\CH573EVT\EVT\EXAM\BLE\LIB\libCH57xBLE.a(att.o)
                0x0000000000004064                ATT_UpdateMTU
 .text.ATT_GetMTU
                0x00000000000040a0       0x1e C:\Users\bc-win10server\Desktop\dice\CH573EVT\EVT\EXAM\BLE\LIB\libCH57xBLE.a(att.o)
                0x00000000000040a0                ATT_GetMTU
 .text.attSendMsg
                0x00000000000040be       0xb6 C:\Users\bc-win10server\Desktop\dice\CH573EVT\EVT\EXAM\BLE\LIB\libCH57xBLE.a(att.o)
                0x00000000000040be                attSendMsg
 .text.attSendRspMsg
                0x0000000000004174       0x46 C:\Users\bc-win10server\Desktop\dice\CH573EVT\EVT\EXAM\BLE\LIB\libCH57xBLE.a(att.o)
                0x0000000000004174                attSendRspMsg
 .text.ATT_ErrorRsp
                0x00000000000041ba       0x10 C:\Users\bc-win10server\Desktop\dice\CH573EVT\EVT\EXAM\BLE\LIB\libCH57xBLE.a(att.o)
                0x00000000000041ba                ATT_ErrorRsp
 .text.disconnectNext
                0x00000000000041ca       0x22 C:\Users\bc-win10server\Desktop\dice\CH573EVT\EVT\EXAM\BLE\LIB\libCH57xBLE.a(gap.o)
 .text.GAP_ParamInit
                0x00000000000041ec       0x80 C:\Users\bc-win10server\Desktop\dice\CH573EVT\EVT\EXAM\BLE\LIB\libCH57xBLE.a(gap.o)
                0x00000000000041ec                GAP_ParamInit
 .text.sendTerminateEvent
                0x000000000000426c       0x58 C:\Users\bc-win10server\Desktop\dice\CH573EVT\EVT\EXAM\BLE\LIB\libCH57xBLE.a(gap.o)
                0x000000000000426c                sendTerminateEvent
 .text.gapRegisterCentral
                0x00000000000042c4        0x6 C:\Users\bc-win10server\Desktop\dice\CH573EVT\EVT\EXAM\BLE\LIB\libCH57xBLE.a(gap.o)
                0x00000000000042c4                gapRegisterCentral
 .text.gapRegisterCentralConn
                0x00000000000042ca        0x6 C:\Users\bc-win10server\Desktop\dice\CH573EVT\EVT\EXAM\BLE\LIB\libCH57xBLE.a(gap.o)
                0x00000000000042ca                gapRegisterCentralConn
 .text.gapRegisterPeripheral
                0x00000000000042d0        0x6 C:\Users\bc-win10server\Desktop\dice\CH573EVT\EVT\EXAM\BLE\LIB\libCH57xBLE.a(gap.o)
                0x00000000000042d0                gapRegisterPeripheral
 .text.gapRegisterPeripheralConn
                0x00000000000042d6        0x6 C:\Users\bc-win10server\Desktop\dice\CH573EVT\EVT\EXAM\BLE\LIB\libCH57xBLE.a(gap.o)
                0x00000000000042d6                gapRegisterPeripheralConn
 .text.smGenerateRandBuf
                0x00000000000042dc       0x56 C:\Users\bc-win10server\Desktop\dice\CH573EVT\EVT\EXAM\BLE\LIB\libCH57xBLE.a(gap.o)
                0x00000000000042dc                smGenerateRandBuf
 .text.gapL2capConnParamUpdateReq
                0x0000000000004332       0x32 C:\Users\bc-win10server\Desktop\dice\CH573EVT\EVT\EXAM\BLE\LIB\libCH57xBLE.a(gap.o)
                0x0000000000004332                gapL2capConnParamUpdateReq
 .text.gapValidADType
                0x0000000000004364       0x16 C:\Users\bc-win10server\Desktop\dice\CH573EVT\EVT\EXAM\BLE\LIB\libCH57xBLE.a(gap.o)
                0x0000000000004364                gapValidADType
 .text.gapFindADType
                0x000000000000437a       0x8e C:\Users\bc-win10server\Desktop\dice\CH573EVT\EVT\EXAM\BLE\LIB\libCH57xBLE.a(gap.o)
                0x000000000000437a                gapFindADType
 .text.GAP_SecParamsInit
                0x0000000000004408       0x9a C:\Users\bc-win10server\Desktop\dice\CH573EVT\EVT\EXAM\BLE\LIB\libCH57xBLE.a(gap.o)
                0x0000000000004408                GAP_SecParamsInit
 .text.GAP_ParamsInit
                0x00000000000044a2       0x48 C:\Users\bc-win10server\Desktop\dice\CH573EVT\EVT\EXAM\BLE\LIB\libCH57xBLE.a(gap.o)
                0x00000000000044a2                GAP_ParamsInit
 .text.gapAddAddrAdj
                0x00000000000044ea       0x48 C:\Users\bc-win10server\Desktop\dice\CH573EVT\EVT\EXAM\BLE\LIB\libCH57xBLE.a(gap.o)
                0x00000000000044ea                gapAddAddrAdj
 .text.gapDetermineAddrType
                0x0000000000004532       0x28 C:\Users\bc-win10server\Desktop\dice\CH573EVT\EVT\EXAM\BLE\LIB\libCH57xBLE.a(gap.o)
                0x0000000000004532                gapDetermineAddrType
 .text.gapFreeAuthLink
                0x000000000000455a       0x4a C:\Users\bc-win10server\Desktop\dice\CH573EVT\EVT\EXAM\BLE\LIB\libCH57xBLE.a(gap.o)
                0x000000000000455a                gapFreeAuthLink
 .text.gapGetDevAddress
                0x00000000000045a4       0x24 C:\Users\bc-win10server\Desktop\dice\CH573EVT\EVT\EXAM\BLE\LIB\libCH57xBLE.a(gap.o)
                0x00000000000045a4                gapGetDevAddress
 .text.gapGetDevAddressMode
                0x00000000000045c8        0xa C:\Users\bc-win10server\Desktop\dice\CH573EVT\EVT\EXAM\BLE\LIB\libCH57xBLE.a(gap.o)
                0x00000000000045c8                gapGetDevAddressMode
 .text.gapGetIRK
                0x00000000000045d2        0xc C:\Users\bc-win10server\Desktop\dice\CH573EVT\EVT\EXAM\BLE\LIB\libCH57xBLE.a(gap.o)
                0x00000000000045d2                gapGetIRK
 .text.gapGetSRK
                0x00000000000045de        0xc C:\Users\bc-win10server\Desktop\dice\CH573EVT\EVT\EXAM\BLE\LIB\libCH57xBLE.a(gap.o)
                0x00000000000045de                gapGetSRK
 .text.gapGetSignCounter
                0x00000000000045ea        0xe C:\Users\bc-win10server\Desktop\dice\CH573EVT\EVT\EXAM\BLE\LIB\libCH57xBLE.a(gap.o)
                0x00000000000045ea                gapGetSignCounter
 .text.gapIncSignCounter
                0x00000000000045f8       0x28 C:\Users\bc-win10server\Desktop\dice\CH573EVT\EVT\EXAM\BLE\LIB\libCH57xBLE.a(gap.o)
                0x00000000000045f8                gapIncSignCounter
 .text.gapProcessConnEvt
                0x0000000000004620       0x48 C:\Users\bc-win10server\Desktop\dice\CH573EVT\EVT\EXAM\BLE\LIB\libCH57xBLE.a(gap.o)
                0x0000000000004620                gapProcessConnEvt
 .text.gapProcessDisconnectCompleteEvt
                0x0000000000004668       0xa8 C:\Users\bc-win10server\Desktop\dice\CH573EVT\EVT\EXAM\BLE\LIB\libCH57xBLE.a(gap.o)
                0x0000000000004668                gapProcessDisconnectCompleteEvt
 .text.sendAuthEvent
                0x0000000000004710      0x11a C:\Users\bc-win10server\Desktop\dice\CH573EVT\EVT\EXAM\BLE\LIB\libCH57xBLE.a(gap.o)
                0x0000000000004710                sendAuthEvent
 .text.gapSendBondCompleteEvent
                0x000000000000482a       0x70 C:\Users\bc-win10server\Desktop\dice\CH573EVT\EVT\EXAM\BLE\LIB\libCH57xBLE.a(gap.o)
                0x000000000000482a                gapSendBondCompleteEvent
 .text.gapSendPairingReqEvent
                0x000000000000489a       0x92 C:\Users\bc-win10server\Desktop\dice\CH573EVT\EVT\EXAM\BLE\LIB\libCH57xBLE.a(gap.o)
                0x000000000000489a                gapSendPairingReqEvent
 .text.gapSendSlaveSecurityReqEvent
                0x000000000000492c       0x68 C:\Users\bc-win10server\Desktop\dice\CH573EVT\EVT\EXAM\BLE\LIB\libCH57xBLE.a(gap.o)
                0x000000000000492c                gapSendSlaveSecurityReqEvent
 .text.gapSendDeviceInitDoneEvent
                0x0000000000004994       0x88 C:\Users\bc-win10server\Desktop\dice\CH573EVT\EVT\EXAM\BLE\LIB\libCH57xBLE.a(gap.o)
                0x0000000000004994                gapSendDeviceInitDoneEvent
 .text.gapSendLinkUpdateEvent
                0x0000000000004a1c       0x84 C:\Users\bc-win10server\Desktop\dice\CH573EVT\EVT\EXAM\BLE\LIB\libCH57xBLE.a(gap.o)
                0x0000000000004a1c                gapSendLinkUpdateEvent
 .text.gapSendEstLinkEvent
                0x0000000000004aa0       0xb8 C:\Users\bc-win10server\Desktop\dice\CH573EVT\EVT\EXAM\BLE\LIB\libCH57xBLE.a(gap.o)
                0x0000000000004aa0                gapSendEstLinkEvent
 .text.gapProcessNewAddr
                0x0000000000004b58       0x3e C:\Users\bc-win10server\Desktop\dice\CH573EVT\EVT\EXAM\BLE\LIB\libCH57xBLE.a(gap.o)
                0x0000000000004b58                gapProcessNewAddr
 .text.gapProcessRandomAddrComplete
                0x0000000000004b96       0xb6 C:\Users\bc-win10server\Desktop\dice\CH573EVT\EVT\EXAM\BLE\LIB\libCH57xBLE.a(gap.o)
                0x0000000000004b96                gapProcessRandomAddrComplete
 .text.GAP_Authenticate
                0x0000000000004c4c       0xd2 C:\Users\bc-win10server\Desktop\dice\CH573EVT\EVT\EXAM\BLE\LIB\libCH57xBLE.a(gap.o)
                0x0000000000004c4c                GAP_Authenticate
 .text.GAP_Bond
                0x0000000000004d1e       0xa2 C:\Users\bc-win10server\Desktop\dice\CH573EVT\EVT\EXAM\BLE\LIB\libCH57xBLE.a(gap.o)
                0x0000000000004d1e                GAP_Bond
 .text.GAP_GetParamValue
                0x0000000000004dc0       0x1e C:\Users\bc-win10server\Desktop\dice\CH573EVT\EVT\EXAM\BLE\LIB\libCH57xBLE.a(gap.o)
                0x0000000000004dc0                GAP_GetParamValue
 .text.GAP_PasscodeUpdate
                0x0000000000004dde       0x50 C:\Users\bc-win10server\Desktop\dice\CH573EVT\EVT\EXAM\BLE\LIB\libCH57xBLE.a(gap.o)
                0x0000000000004dde                GAP_PasscodeUpdate
 .text.GAP_RegisterForMsgs
                0x0000000000004e2e        0x6 C:\Users\bc-win10server\Desktop\dice\CH573EVT\EVT\EXAM\BLE\LIB\libCH57xBLE.a(gap.o)
                0x0000000000004e2e                GAP_RegisterForMsgs
 .text.GAP_ResolvePrivateAddr
                0x0000000000004e34        0x4 C:\Users\bc-win10server\Desktop\dice\CH573EVT\EVT\EXAM\BLE\LIB\libCH57xBLE.a(gap.o)
                0x0000000000004e34                GAP_ResolvePrivateAddr
 .text.gapPairingCompleteCB
                0x0000000000004e38      0x188 C:\Users\bc-win10server\Desktop\dice\CH573EVT\EVT\EXAM\BLE\LIB\libCH57xBLE.a(gap.o)
                0x0000000000004e38                gapPairingCompleteCB
 .text.gapPasskeyNeededCB
                0x0000000000004fc0       0x8e C:\Users\bc-win10server\Desktop\dice\CH573EVT\EVT\EXAM\BLE\LIB\libCH57xBLE.a(gap.o)
                0x0000000000004fc0                gapPasskeyNeededCB
 .text.gapFreeEstLink
                0x000000000000504e       0x20 C:\Users\bc-win10server\Desktop\dice\CH573EVT\EVT\EXAM\BLE\LIB\libCH57xBLE.a(gap.o)
                0x000000000000504e                gapFreeEstLink
 .text.gapUpdateConnSignCounter
                0x000000000000506e       0x7a C:\Users\bc-win10server\Desktop\dice\CH573EVT\EVT\EXAM\BLE\LIB\libCH57xBLE.a(gap.o)
                0x000000000000506e                gapUpdateConnSignCounter
 .text.GAP_SendSlaveSecurityRequest
                0x00000000000050e8       0x4c C:\Users\bc-win10server\Desktop\dice\CH573EVT\EVT\EXAM\BLE\LIB\libCH57xBLE.a(gap.o)
                0x00000000000050e8                GAP_SendSlaveSecurityRequest
 .text.GAP_Signable
                0x0000000000005134       0x66 C:\Users\bc-win10server\Desktop\dice\CH573EVT\EVT\EXAM\BLE\LIB\libCH57xBLE.a(gap.o)
                0x0000000000005134                GAP_Signable
 .text.GAP_TerminateAuth
                0x000000000000519a       0x2a C:\Users\bc-win10server\Desktop\dice\CH573EVT\EVT\EXAM\BLE\LIB\libCH57xBLE.a(gap.o)
                0x000000000000519a                GAP_TerminateAuth
 .text.GAP_NumActiveConnections
                0x00000000000051c4        0x4 C:\Users\bc-win10server\Desktop\dice\CH573EVT\EVT\EXAM\BLE\LIB\libCH57xBLE.a(gap.o)
                0x00000000000051c4                GAP_NumActiveConnections
 .text.GAP_TerminateLinkReq
                0x00000000000051c8       0x8e C:\Users\bc-win10server\Desktop\dice\CH573EVT\EVT\EXAM\BLE\LIB\libCH57xBLE.a(gap.o)
                0x00000000000051c8                GAP_TerminateLinkReq
 .text.GAP_SetParamValue
                0x0000000000005256       0x4a C:\Users\bc-win10server\Desktop\dice\CH573EVT\EVT\EXAM\BLE\LIB\libCH57xBLE.a(gap.o)
                0x0000000000005256                GAP_SetParamValue
 .text.GAP_Init
                0x00000000000052a0       0x44 C:\Users\bc-win10server\Desktop\dice\CH573EVT\EVT\EXAM\BLE\LIB\libCH57xBLE.a(gap.o)
                0x00000000000052a0                GAP_Init
 .text.GAP_ProcessEvent
                0x00000000000052e4      0x578 C:\Users\bc-win10server\Desktop\dice\CH573EVT\EVT\EXAM\BLE\LIB\libCH57xBLE.a(gap.o)
                0x00000000000052e4                GAP_ProcessEvent
 .text.gapSendScanEnable
                0x000000000000585c       0x1e C:\Users\bc-win10server\Desktop\dice\CH573EVT\EVT\EXAM\BLE\LIB\libCH57xBLE.a(gap_central.o)
 .text.gapCentProcessConnEvt
                0x000000000000587a      0x148 C:\Users\bc-win10server\Desktop\dice\CH573EVT\EVT\EXAM\BLE\LIB\libCH57xBLE.a(gap_central.o)
                0x000000000000587a                gapCentProcessConnEvt
 .text.gapCancelLinkReq
                0x00000000000059c2       0x38 C:\Users\bc-win10server\Desktop\dice\CH573EVT\EVT\EXAM\BLE\LIB\libCH57xBLE.a(gap_central.o)
                0x00000000000059c2                gapCancelLinkReq
 .text.GAP_CentralParamInit
                0x00000000000059fa       0x4c C:\Users\bc-win10server\Desktop\dice\CH573EVT\EVT\EXAM\BLE\LIB\libCH57xBLE.a(gap_central.o)
                0x00000000000059fa                GAP_CentralParamInit
 .text.gapProcessAdvertDevInfo
                0x0000000000005a46      0x23a C:\Users\bc-win10server\Desktop\dice\CH573EVT\EVT\EXAM\BLE\LIB\libCH57xBLE.a(gap_central.o)
                0x0000000000005a46                gapProcessAdvertDevInfo
 .text.gapFreeScanRecs
                0x0000000000005c80       0xa2 C:\Users\bc-win10server\Desktop\dice\CH573EVT\EVT\EXAM\BLE\LIB\libCH57xBLE.a(gap_central.o)
                0x0000000000005c80                gapFreeScanRecs
 .text.gapSendDevDiscEvent
                0x0000000000005d22      0x124 C:\Users\bc-win10server\Desktop\dice\CH573EVT\EVT\EXAM\BLE\LIB\libCH57xBLE.a(gap_central.o)
                0x0000000000005d22                gapSendDevDiscEvent
 .text.gapSetScanParamStatus.part.2
                0x0000000000005e46       0x40 C:\Users\bc-win10server\Desktop\dice\CH573EVT\EVT\EXAM\BLE\LIB\libCH57xBLE.a(gap_central.o)
 .text.gapCentProcessHCICmdEvt
                0x0000000000005e86       0x3c C:\Users\bc-win10server\Desktop\dice\CH573EVT\EVT\EXAM\BLE\LIB\libCH57xBLE.a(gap_central.o)
                0x0000000000005e86                gapCentProcessHCICmdEvt
 .text.gapProcessScanningEvt
                0x0000000000005ec2      0x110 C:\Users\bc-win10server\Desktop\dice\CH573EVT\EVT\EXAM\BLE\LIB\libCH57xBLE.a(gap_central.o)
                0x0000000000005ec2                gapProcessScanningEvt
 .text.gapProcessScanningDirectEvt
                0x0000000000005fd2       0xfe C:\Users\bc-win10server\Desktop\dice\CH573EVT\EVT\EXAM\BLE\LIB\libCH57xBLE.a(gap_central.o)
                0x0000000000005fd2                gapProcessScanningDirectEvt
 .text.GAP_CentConnRegister
                0x00000000000060d0       0x12 C:\Users\bc-win10server\Desktop\dice\CH573EVT\EVT\EXAM\BLE\LIB\libCH57xBLE.a(gap_central.o)
                0x00000000000060d0                GAP_CentConnRegister
 .text.GAP_CentDevMgrInit
                0x00000000000060e2       0x94 C:\Users\bc-win10server\Desktop\dice\CH573EVT\EVT\EXAM\BLE\LIB\libCH57xBLE.a(gap_central.o)
                0x00000000000060e2                GAP_CentDevMgrInit
 .text.gapFreeAdvertState
                0x0000000000006176       0x20 C:\Users\bc-win10server\Desktop\dice\CH573EVT\EVT\EXAM\BLE\LIB\libCH57xBLE.a(gap_peripheral.o)
 .text.gapPeriProcessConnEvt
                0x0000000000006196       0xbc C:\Users\bc-win10server\Desktop\dice\CH573EVT\EVT\EXAM\BLE\LIB\libCH57xBLE.a(gap_peripheral.o)
 .text.gapSetAdvParams
                0x0000000000006252       0x7e C:\Users\bc-win10server\Desktop\dice\CH573EVT\EVT\EXAM\BLE\LIB\libCH57xBLE.a(gap_peripheral.o)
 .text.GAP_PeripheralParamInit
                0x00000000000062d0       0x4a C:\Users\bc-win10server\Desktop\dice\CH573EVT\EVT\EXAM\BLE\LIB\libCH57xBLE.a(gap_peripheral.o)
                0x00000000000062d0                GAP_PeripheralParamInit
 .text.gapSendMakeDiscEvent
                0x000000000000631a       0x50 C:\Users\bc-win10server\Desktop\dice\CH573EVT\EVT\EXAM\BLE\LIB\libCH57xBLE.a(gap_peripheral.o)
                0x000000000000631a                gapSendMakeDiscEvent
 .text.gapPeriProcessHCICmdCompleteEvt
                0x000000000000636a      0x192 C:\Users\bc-win10server\Desktop\dice\CH573EVT\EVT\EXAM\BLE\LIB\libCH57xBLE.a(gap_peripheral.o)
 .text.GAP_MakeDiscoverable
                0x00000000000064fc       0xf0 C:\Users\bc-win10server\Desktop\dice\CH573EVT\EVT\EXAM\BLE\LIB\libCH57xBLE.a(gap_peripheral.o)
                0x00000000000064fc                GAP_MakeDiscoverable
 .text.GAP_EndDiscoverable
                0x00000000000065ec       0x5c C:\Users\bc-win10server\Desktop\dice\CH573EVT\EVT\EXAM\BLE\LIB\libCH57xBLE.a(gap_peripheral.o)
                0x00000000000065ec                GAP_EndDiscoverable
 .text.gapProcessAdvertisingEvt
                0x0000000000006648       0x8e C:\Users\bc-win10server\Desktop\dice\CH573EVT\EVT\EXAM\BLE\LIB\libCH57xBLE.a(gap_peripheral.o)
 .text.GAP_UpdateAdvertisingData
                0x00000000000066d6       0xb8 C:\Users\bc-win10server\Desktop\dice\CH573EVT\EVT\EXAM\BLE\LIB\libCH57xBLE.a(gap_peripheral.o)
                0x00000000000066d6                GAP_UpdateAdvertisingData
 .text.GAP_PeriConnRegister
                0x000000000000678e       0x2a C:\Users\bc-win10server\Desktop\dice\CH573EVT\EVT\EXAM\BLE\LIB\libCH57xBLE.a(gap_peripheral.o)
                0x000000000000678e                GAP_PeriConnRegister
 .text.GAP_PeriDevMgrInit
                0x00000000000067b8       0xbc C:\Users\bc-win10server\Desktop\dice\CH573EVT\EVT\EXAM\BLE\LIB\libCH57xBLE.a(gap_peripheral.o)
                0x00000000000067b8                GAP_PeriDevMgrInit
 .text.ggs_SetAttrWPermit
                0x0000000000006874       0x68 C:\Users\bc-win10server\Desktop\dice\CH573EVT\EVT\EXAM\BLE\LIB\libCH57xBLE.a(gapgattserver.o)
 .text.ggs_ReadAttrCB
                0x00000000000068dc      0x152 C:\Users\bc-win10server\Desktop\dice\CH573EVT\EVT\EXAM\BLE\LIB\libCH57xBLE.a(gapgattserver.o)
 .text.ggs_WriteAttrCB
                0x0000000000006a2e      0x154 C:\Users\bc-win10server\Desktop\dice\CH573EVT\EVT\EXAM\BLE\LIB\libCH57xBLE.a(gapgattserver.o)
 .text.GGS_ParamInit
                0x0000000000006b82      0x23a C:\Users\bc-win10server\Desktop\dice\CH573EVT\EVT\EXAM\BLE\LIB\libCH57xBLE.a(gapgattserver.o)
                0x0000000000006b82                GGS_ParamInit
 .text.GGS_SetParameter
                0x0000000000006dbc       0xde C:\Users\bc-win10server\Desktop\dice\CH573EVT\EVT\EXAM\BLE\LIB\libCH57xBLE.a(gapgattserver.o)
                0x0000000000006dbc                GGS_SetParameter
 .text.GGS_AddService
                0x0000000000006e9a       0x2c C:\Users\bc-win10server\Desktop\dice\CH573EVT\EVT\EXAM\BLE\LIB\libCH57xBLE.a(gapgattserver.o)
                0x0000000000006e9a                GGS_AddService
 .text.GAP_DeviceInit
                0x0000000000006ec6       0xd8 C:\Users\bc-win10server\Desktop\dice\CH573EVT\EVT\EXAM\BLE\LIB\libCH57xBLE.a(gapgattserver.o)
                0x0000000000006ec6                GAP_DeviceInit
 .text.gattGetPayload
                0x0000000000006f9e       0x7e C:\Users\bc-win10server\Desktop\dice\CH573EVT\EVT\EXAM\BLE\LIB\libCH57xBLE.a(gatt.o)
                0x0000000000006f9e                gattGetPayload
 .text.gattNotifyEvent
                0x000000000000701c       0x80 C:\Users\bc-win10server\Desktop\dice\CH573EVT\EVT\EXAM\BLE\LIB\libCH57xBLE.a(gatt.o)
                0x000000000000701c                gattNotifyEvent
 .text.gattSendFlowCtrlEvt
                0x000000000000709c       0x48 C:\Users\bc-win10server\Desktop\dice\CH573EVT\EVT\EXAM\BLE\LIB\libCH57xBLE.a(gatt.o)
                0x000000000000709c                gattSendFlowCtrlEvt
 .text.gattStartTimer
                0x00000000000070e4        0xc C:\Users\bc-win10server\Desktop\dice\CH573EVT\EVT\EXAM\BLE\LIB\libCH57xBLE.a(gatt.o)
                0x00000000000070e4                gattStartTimer
 .text.gattStopTimer
                0x00000000000070f0       0x32 C:\Users\bc-win10server\Desktop\dice\CH573EVT\EVT\EXAM\BLE\LIB\libCH57xBLE.a(gatt.o)
                0x00000000000070f0                gattStopTimer
 .text.GATT_AppCompletedMsg
                0x0000000000007122       0x30 C:\Users\bc-win10server\Desktop\dice\CH573EVT\EVT\EXAM\BLE\LIB\libCH57xBLE.a(gatt.o)
                0x0000000000007122                GATT_AppCompletedMsg
 .text.GATT_NotifyEvent
                0x0000000000007152       0x4e C:\Users\bc-win10server\Desktop\dice\CH573EVT\EVT\EXAM\BLE\LIB\libCH57xBLE.a(gatt.o)
                0x0000000000007152                GATT_NotifyEvent
 .text.gattRegisterServer
                0x00000000000071a0        0x6 C:\Users\bc-win10server\Desktop\dice\CH573EVT\EVT\EXAM\BLE\LIB\libCH57xBLE.a(gatt.o)
                0x00000000000071a0                gattRegisterServer
 .text.GATT_UpdateMTU
                0x00000000000071a6       0x5c C:\Users\bc-win10server\Desktop\dice\CH573EVT\EVT\EXAM\BLE\LIB\libCH57xBLE.a(gatt.o)
                0x00000000000071a6                GATT_UpdateMTU
 .text.GATT_bm_alloc
                0x0000000000007202       0xe8 C:\Users\bc-win10server\Desktop\dice\CH573EVT\EVT\EXAM\BLE\LIB\libCH57xBLE.a(gatt.o)
                0x0000000000007202                GATT_bm_alloc
 .text.GATT_ServiceChangedInd
                0x00000000000072ea       0x94 C:\Users\bc-win10server\Desktop\dice\CH573EVT\EVT\EXAM\BLE\LIB\libCH57xBLE.a(gatt.o)
                0x00000000000072ea                GATT_ServiceChangedInd
 .text.GATT_bm_free
                0x000000000000737e       0x1c C:\Users\bc-win10server\Desktop\dice\CH573EVT\EVT\EXAM\BLE\LIB\libCH57xBLE.a(gatt.o)
                0x000000000000737e                GATT_bm_free
 .text.GATT_RegisterForPeriMsgs
                0x000000000000739a        0x6 C:\Users\bc-win10server\Desktop\dice\CH573EVT\EVT\EXAM\BLE\LIB\libCH57xBLE.a(gatt.o)
                0x000000000000739a                GATT_RegisterForPeriMsgs
 .text.GATT_Init
                0x00000000000073a0       0x30 C:\Users\bc-win10server\Desktop\dice\CH573EVT\EVT\EXAM\BLE\LIB\libCH57xBLE.a(gatt.o)
                0x00000000000073a0                GATT_Init
 .text.GATT_ProcessEvent
                0x00000000000073d0      0x136 C:\Users\bc-win10server\Desktop\dice\CH573EVT\EVT\EXAM\BLE\LIB\libCH57xBLE.a(gatt.o)
                0x00000000000073d0                GATT_ProcessEvent
 .text.gattProcessExchangeMTUReq
                0x0000000000007506        0x4 C:\Users\bc-win10server\Desktop\dice\CH573EVT\EVT\EXAM\BLE\LIB\libCH57xBLE.a(gattservapp.o)
 .text.gattServApp_FindCharCfgItem
                0x000000000000750a       0x20 C:\Users\bc-win10server\Desktop\dice\CH573EVT\EVT\EXAM\BLE\LIB\libCH57xBLE.a(gattservapp.o)
 .text.gattServerHandleTimerCB
                0x000000000000752a       0x3c C:\Users\bc-win10server\Desktop\dice\CH573EVT\EVT\EXAM\BLE\LIB\libCH57xBLE.a(gattservapp.o)
 .text.GATTServApp_InitCharCfg.part.12
                0x0000000000007566       0x1c C:\Users\bc-win10server\Desktop\dice\CH573EVT\EVT\EXAM\BLE\LIB\libCH57xBLE.a(gattservapp.o)
 .text.gattProcessExecuteWriteReq
                0x0000000000007582        0x4 C:\Users\bc-win10server\Desktop\dice\CH573EVT\EVT\EXAM\BLE\LIB\libCH57xBLE.a(gattservapp.o)
 .text.GATTServApp_ParamInit
                0x0000000000007586       0xd4 C:\Users\bc-win10server\Desktop\dice\CH573EVT\EVT\EXAM\BLE\LIB\libCH57xBLE.a(gattservapp.o)
                0x0000000000007586                GATTServApp_ParamInit
 .text.GATTServApp_ReadCharCfg
                0x000000000000765a       0x18 C:\Users\bc-win10server\Desktop\dice\CH573EVT\EVT\EXAM\BLE\LIB\libCH57xBLE.a(gattservapp.o)
                0x000000000000765a                GATTServApp_ReadCharCfg
 .text.GATTServApp_WriteCharCfg
                0x0000000000007672       0x3c C:\Users\bc-win10server\Desktop\dice\CH573EVT\EVT\EXAM\BLE\LIB\libCH57xBLE.a(gattservapp.o)
                0x0000000000007672                GATTServApp_WriteCharCfg
 .text.GATTServApp_ProcessCCCWriteReq
                0x00000000000076ae       0x60 C:\Users\bc-win10server\Desktop\dice\CH573EVT\EVT\EXAM\BLE\LIB\libCH57xBLE.a(gattservapp.o)
                0x00000000000076ae                GATTServApp_ProcessCCCWriteReq
 .text.gattServApp_WriteAttrCB
                0x000000000000770e       0x34 C:\Users\bc-win10server\Desktop\dice\CH573EVT\EVT\EXAM\BLE\LIB\libCH57xBLE.a(gattservapp.o)
                0x000000000000770e                gattServApp_WriteAttrCB
 .text.GATTServApp_SendCCCUpdatedEvent
                0x0000000000007742       0x5e C:\Users\bc-win10server\Desktop\dice\CH573EVT\EVT\EXAM\BLE\LIB\libCH57xBLE.a(gattservapp.o)
                0x0000000000007742                GATTServApp_SendCCCUpdatedEvent
 .text.GATTServApp_SendServiceChangedInd
                0x00000000000077a0       0x36 C:\Users\bc-win10server\Desktop\dice\CH573EVT\EVT\EXAM\BLE\LIB\libCH57xBLE.a(gattservapp.o)
                0x00000000000077a0                GATTServApp_SendServiceChangedInd
 .text.gattServApp_ClearPrepareWriteQ
                0x00000000000077d6       0x4c C:\Users\bc-win10server\Desktop\dice\CH573EVT\EVT\EXAM\BLE\LIB\libCH57xBLE.a(gattservapp.o)
                0x00000000000077d6                gattServApp_ClearPrepareWriteQ
 .text.gattServApp_FindPrepareWriteQ
                0x0000000000007822       0x2c C:\Users\bc-win10server\Desktop\dice\CH573EVT\EVT\EXAM\BLE\LIB\libCH57xBLE.a(gattservapp.o)
                0x0000000000007822                gattServApp_FindPrepareWriteQ
 .text.gattServApp_FindServiceCBs
                0x000000000000784e       0x18 C:\Users\bc-win10server\Desktop\dice\CH573EVT\EVT\EXAM\BLE\LIB\libCH57xBLE.a(gattservapp.o)
                0x000000000000784e                gattServApp_FindServiceCBs
 .text.gattServApp_FindAuthorizeAttrCB
                0x0000000000007866       0x14 C:\Users\bc-win10server\Desktop\dice\CH573EVT\EVT\EXAM\BLE\LIB\libCH57xBLE.a(gattservapp.o)
                0x0000000000007866                gattServApp_FindAuthorizeAttrCB
 .text.gattServApp_IsWriteLong
                0x000000000000787a       0xe6 C:\Users\bc-win10server\Desktop\dice\CH573EVT\EVT\EXAM\BLE\LIB\libCH57xBLE.a(gattservapp.o)
                0x000000000000787a                gattServApp_IsWriteLong
 .text.gattFindService
                0x0000000000007960       0x1c C:\Users\bc-win10server\Desktop\dice\CH573EVT\EVT\EXAM\BLE\LIB\libCH57xBLE.a(gattservapp.o)
                0x0000000000007960                gattFindService
 .text.GATT_ServiceNumAttrs
                0x000000000000797c       0x16 C:\Users\bc-win10server\Desktop\dice\CH573EVT\EVT\EXAM\BLE\LIB\libCH57xBLE.a(gattservapp.o)
                0x000000000000797c                GATT_ServiceNumAttrs
 .text.GATT_ServiceEncKeySize
                0x0000000000007992       0x18 C:\Users\bc-win10server\Desktop\dice\CH573EVT\EVT\EXAM\BLE\LIB\libCH57xBLE.a(gattservapp.o)
                0x0000000000007992                GATT_ServiceEncKeySize
 .text.GATT_VerifyWritePermissions.part.7
                0x00000000000079aa       0x2c C:\Users\bc-win10server\Desktop\dice\CH573EVT\EVT\EXAM\BLE\LIB\libCH57xBLE.a(gattservapp.o)
 .text.gattResetServerInfo
                0x00000000000079d6       0x1c C:\Users\bc-win10server\Desktop\dice\CH573EVT\EVT\EXAM\BLE\LIB\libCH57xBLE.a(gattservapp.o)
                0x00000000000079d6                gattResetServerInfo
 .text.gattFindServerInfo
                0x00000000000079f2       0x26 C:\Users\bc-win10server\Desktop\dice\CH573EVT\EVT\EXAM\BLE\LIB\libCH57xBLE.a(gattservapp.o)
                0x00000000000079f2                gattFindServerInfo
 .text.gattServerHandleConnStatusCB
                0x0000000000007a18       0x98 C:\Users\bc-win10server\Desktop\dice\CH573EVT\EVT\EXAM\BLE\LIB\libCH57xBLE.a(gattservapp.o)
                0x0000000000007a18                gattServerHandleConnStatusCB
 .text.gattServerProcessMsgCB
                0x0000000000007ab0      0x1c0 C:\Users\bc-win10server\Desktop\dice\CH573EVT\EVT\EXAM\BLE\LIB\libCH57xBLE.a(gattservapp.o)
                0x0000000000007ab0                gattServerProcessMsgCB
 .text.gattServerNotifyTxCB
                0x0000000000007c70       0x28 C:\Users\bc-win10server\Desktop\dice\CH573EVT\EVT\EXAM\BLE\LIB\libCH57xBLE.a(gattservapp.o)
 .text.GATT_FindHandle
                0x0000000000007c98       0x4a C:\Users\bc-win10server\Desktop\dice\CH573EVT\EVT\EXAM\BLE\LIB\libCH57xBLE.a(gattservapp.o)
                0x0000000000007c98                GATT_FindHandle
 .text.GATTServApp_WriteAttr
                0x0000000000007ce2       0xa8 C:\Users\bc-win10server\Desktop\dice\CH573EVT\EVT\EXAM\BLE\LIB\libCH57xBLE.a(gattservapp.o)
                0x0000000000007ce2                GATTServApp_WriteAttr
 .text.gattServApp_ProcessExecuteWriteReq
                0x0000000000007d8a      0x100 C:\Users\bc-win10server\Desktop\dice\CH573EVT\EVT\EXAM\BLE\LIB\libCH57xBLE.a(gattservapp.o)
                0x0000000000007d8a                gattServApp_ProcessExecuteWriteReq
 .text.GATTServApp_UpdateCharCfg
                0x0000000000007e8a       0x1e C:\Users\bc-win10server\Desktop\dice\CH573EVT\EVT\EXAM\BLE\LIB\libCH57xBLE.a(gattservapp.o)
                0x0000000000007e8a                GATTServApp_UpdateCharCfg
 .text.gattServApp_ProcessPrepareWriteReq
                0x0000000000007ea8      0x10e C:\Users\bc-win10server\Desktop\dice\CH573EVT\EVT\EXAM\BLE\LIB\libCH57xBLE.a(gattservapp.o)
                0x0000000000007ea8                gattServApp_ProcessPrepareWriteReq
 .text.gattServApp_ProcessWriteReq
                0x0000000000007fb6       0xb0 C:\Users\bc-win10server\Desktop\dice\CH573EVT\EVT\EXAM\BLE\LIB\libCH57xBLE.a(gattservapp.o)
                0x0000000000007fb6                gattServApp_ProcessWriteReq
 .text.GATT_Indication
                0x0000000000008066       0xa4 C:\Users\bc-win10server\Desktop\dice\CH573EVT\EVT\EXAM\BLE\LIB\libCH57xBLE.a(gattservapp.o)
                0x0000000000008066                GATT_Indication
 .text.GATT_FindHandleUUID
                0x000000000000810a       0x94 C:\Users\bc-win10server\Desktop\dice\CH573EVT\EVT\EXAM\BLE\LIB\libCH57xBLE.a(gattservapp.o)
                0x000000000000810a                GATT_FindHandleUUID
 .text.gattProcessReadByGrpTypeReq
                0x000000000000819e       0x60 C:\Users\bc-win10server\Desktop\dice\CH573EVT\EVT\EXAM\BLE\LIB\libCH57xBLE.a(gattservapp.o)
 .text.gattProcessReadByTypeReq
                0x00000000000081fe       0x34 C:\Users\bc-win10server\Desktop\dice\CH573EVT\EVT\EXAM\BLE\LIB\libCH57xBLE.a(gattservapp.o)
 .text.gattProcessFindByTypeValueReq
                0x0000000000008232       0x34 C:\Users\bc-win10server\Desktop\dice\CH573EVT\EVT\EXAM\BLE\LIB\libCH57xBLE.a(gattservapp.o)
 .text.gattProcessFindInfoReq
                0x0000000000008266      0x1aa C:\Users\bc-win10server\Desktop\dice\CH573EVT\EVT\EXAM\BLE\LIB\libCH57xBLE.a(gattservapp.o)
 .text.GATT_Notification
                0x0000000000008410       0x70 C:\Users\bc-win10server\Desktop\dice\CH573EVT\EVT\EXAM\BLE\LIB\libCH57xBLE.a(gattservapp.o)
                0x0000000000008410                GATT_Notification
 .text.GATT_VerifyWritePermissions
                0x0000000000008480       0x6a C:\Users\bc-win10server\Desktop\dice\CH573EVT\EVT\EXAM\BLE\LIB\libCH57xBLE.a(gattservapp.o)
                0x0000000000008480                GATT_VerifyWritePermissions
 .text.gattProcessWriteReq
                0x00000000000084ea       0x36 C:\Users\bc-win10server\Desktop\dice\CH573EVT\EVT\EXAM\BLE\LIB\libCH57xBLE.a(gattservapp.o)
 .text.GATT_VerifyPrepareWritePermissions
                0x0000000000008520       0x56 C:\Users\bc-win10server\Desktop\dice\CH573EVT\EVT\EXAM\BLE\LIB\libCH57xBLE.a(gattservapp.o)
                0x0000000000008520                GATT_VerifyPrepareWritePermissions
 .text.gattProcessPrepareWriteReq
                0x0000000000008576       0x36 C:\Users\bc-win10server\Desktop\dice\CH573EVT\EVT\EXAM\BLE\LIB\libCH57xBLE.a(gattservapp.o)
 .text.GATT_FindNextAttr
                0x00000000000085ac       0xc2 C:\Users\bc-win10server\Desktop\dice\CH573EVT\EVT\EXAM\BLE\LIB\libCH57xBLE.a(gattservapp.o)
                0x00000000000085ac                GATT_FindNextAttr
 .text.GATTServApp_ReadAttr
                0x000000000000866e      0x2e2 C:\Users\bc-win10server\Desktop\dice\CH573EVT\EVT\EXAM\BLE\LIB\libCH57xBLE.a(gattservapp.o)
                0x000000000000866e                GATTServApp_ReadAttr
 .text.gattServApp_ProcessReadMultiReq
                0x0000000000008950      0x16e C:\Users\bc-win10server\Desktop\dice\CH573EVT\EVT\EXAM\BLE\LIB\libCH57xBLE.a(gattservapp.o)
                0x0000000000008950                gattServApp_ProcessReadMultiReq
 .text.gattServApp_ProcessFindByTypeValueReq
                0x0000000000008abe      0x19c C:\Users\bc-win10server\Desktop\dice\CH573EVT\EVT\EXAM\BLE\LIB\libCH57xBLE.a(gattservapp.o)
                0x0000000000008abe                gattServApp_ProcessFindByTypeValueReq
 .text.GATT_VerifyReadPermissions
                0x0000000000008c5a       0x68 C:\Users\bc-win10server\Desktop\dice\CH573EVT\EVT\EXAM\BLE\LIB\libCH57xBLE.a(gattservapp.o)
                0x0000000000008c5a                GATT_VerifyReadPermissions
 .text.gattProcessReadMultiReq
                0x0000000000008cc2       0xae C:\Users\bc-win10server\Desktop\dice\CH573EVT\EVT\EXAM\BLE\LIB\libCH57xBLE.a(gattservapp.o)
 .text.gattProcessReadReq
                0x0000000000008d70       0x30 C:\Users\bc-win10server\Desktop\dice\CH573EVT\EVT\EXAM\BLE\LIB\libCH57xBLE.a(gattservapp.o)
 .text.gattServApp_ProcessReadByGrpTypeReq
                0x0000000000008da0      0x21c C:\Users\bc-win10server\Desktop\dice\CH573EVT\EVT\EXAM\BLE\LIB\libCH57xBLE.a(gattservapp.o)
                0x0000000000008da0                gattServApp_ProcessReadByGrpTypeReq
 .text.gattServApp_ProcessReadByTypeReq
                0x0000000000008fbc      0x1ae C:\Users\bc-win10server\Desktop\dice\CH573EVT\EVT\EXAM\BLE\LIB\libCH57xBLE.a(gattservapp.o)
                0x0000000000008fbc                gattServApp_ProcessReadByTypeReq
 .text.GATT_RegisterService
                0x000000000000916a       0xee C:\Users\bc-win10server\Desktop\dice\CH573EVT\EVT\EXAM\BLE\LIB\libCH57xBLE.a(gattservapp.o)
                0x000000000000916a                GATT_RegisterService
 .text.GATTServApp_RegisterService
                0x0000000000009258       0x7c C:\Users\bc-win10server\Desktop\dice\CH573EVT\EVT\EXAM\BLE\LIB\libCH57xBLE.a(gattservapp.o)
                0x0000000000009258                GATTServApp_RegisterService
 .text.GATTServApp_AddService
                0x00000000000092d4       0x2c C:\Users\bc-win10server\Desktop\dice\CH573EVT\EVT\EXAM\BLE\LIB\libCH57xBLE.a(gattservapp.o)
                0x00000000000092d4                GATTServApp_AddService
 .text.GATTServApp_RegisterForMsg
                0x0000000000009300        0x6 C:\Users\bc-win10server\Desktop\dice\CH573EVT\EVT\EXAM\BLE\LIB\libCH57xBLE.a(gattservapp.o)
                0x0000000000009300                GATTServApp_RegisterForMsg
 .text.GATTServApp_InitCharCfg
                0x0000000000009306       0x28 C:\Users\bc-win10server\Desktop\dice\CH573EVT\EVT\EXAM\BLE\LIB\libCH57xBLE.a(gattservapp.o)
                0x0000000000009306                GATTServApp_InitCharCfg
 .text.gattServApp_HandleConnStatusCB
                0x000000000000932e       0x74 C:\Users\bc-win10server\Desktop\dice\CH573EVT\EVT\EXAM\BLE\LIB\libCH57xBLE.a(gattservapp.o)
                0x000000000000932e                gattServApp_HandleConnStatusCB
 .text.GATT_InitServer
                0x00000000000093a2       0xf2 C:\Users\bc-win10server\Desktop\dice\CH573EVT\EVT\EXAM\BLE\LIB\libCH57xBLE.a(gattservapp.o)
                0x00000000000093a2                GATT_InitServer
 .text.GATTServApp_Init
                0x0000000000009494       0x34 C:\Users\bc-win10server\Desktop\dice\CH573EVT\EVT\EXAM\BLE\LIB\libCH57xBLE.a(gattservapp.o)
                0x0000000000009494                GATTServApp_Init
 .text.GATTServApp_ProcessEvent
                0x00000000000094c8      0x366 C:\Users\bc-win10server\Desktop\dice\CH573EVT\EVT\EXAM\BLE\LIB\libCH57xBLE.a(gattservapp.o)
                0x00000000000094c8                GATTServApp_ProcessEvent
 .text.l2capAllocConnChannel
                0x000000000000982e       0xd8 C:\Users\bc-win10server\Desktop\dice\CH573EVT\EVT\EXAM\BLE\LIB\libCH57xBLE.a(l2cap.o)
                0x000000000000982e                l2capAllocConnChannel
 .text.l2capFindLocalCID
                0x0000000000009906       0x2c C:\Users\bc-win10server\Desktop\dice\CH573EVT\EVT\EXAM\BLE\LIB\libCH57xBLE.a(l2cap.o)
                0x0000000000009906                l2capFindLocalCID
 .text.l2capFindLocalId
                0x0000000000009932       0x30 C:\Users\bc-win10server\Desktop\dice\CH573EVT\EVT\EXAM\BLE\LIB\libCH57xBLE.a(l2cap.o)
                0x0000000000009932                l2capFindLocalId
 .text.l2capFindPsm
                0x0000000000009962       0x2c C:\Users\bc-win10server\Desktop\dice\CH573EVT\EVT\EXAM\BLE\LIB\libCH57xBLE.a(l2cap.o)
                0x0000000000009962                l2capFindPsm
 .text.l2capFindRemoteCID
                0x000000000000998e       0x3c C:\Users\bc-win10server\Desktop\dice\CH573EVT\EVT\EXAM\BLE\LIB\libCH57xBLE.a(l2cap.o)
                0x000000000000998e                l2capFindRemoteCID
 .text.l2capFreeChannel
                0x00000000000099ca       0x4a C:\Users\bc-win10server\Desktop\dice\CH573EVT\EVT\EXAM\BLE\LIB\libCH57xBLE.a(l2cap.o)
                0x00000000000099ca                l2capFreeChannel
 .text.l2capDisconnectChannel
                0x0000000000009a14       0x28 C:\Users\bc-win10server\Desktop\dice\CH573EVT\EVT\EXAM\BLE\LIB\libCH57xBLE.a(l2cap.o)
                0x0000000000009a14                l2capDisconnectChannel
 .text.l2capHandleTimerCB
                0x0000000000009a3c       0x2c C:\Users\bc-win10server\Desktop\dice\CH573EVT\EVT\EXAM\BLE\LIB\libCH57xBLE.a(l2cap.o)
                0x0000000000009a3c                l2capHandleTimerCB
 .text.l2capFreePendingPkt
                0x0000000000009a68       0x58 C:\Users\bc-win10server\Desktop\dice\CH573EVT\EVT\EXAM\BLE\LIB\libCH57xBLE.a(l2cap.o)
                0x0000000000009a68                l2capFreePendingPkt
 .text.l2capGetCoChannelInfo
                0x0000000000009ac0       0x7e C:\Users\bc-win10server\Desktop\dice\CH573EVT\EVT\EXAM\BLE\LIB\libCH57xBLE.a(l2cap.o)
                0x0000000000009ac0                l2capGetCoChannelInfo
 .text.l2capNumActiveChannnels
                0x0000000000009b3e       0x44 C:\Users\bc-win10server\Desktop\dice\CH573EVT\EVT\EXAM\BLE\LIB\libCH57xBLE.a(l2cap.o)
                0x0000000000009b3e                l2capNumActiveChannnels
 .text.l2capStartTimer
                0x0000000000009b82       0x1a C:\Users\bc-win10server\Desktop\dice\CH573EVT\EVT\EXAM\BLE\LIB\libCH57xBLE.a(l2cap.o)
                0x0000000000009b82                l2capStartTimer
 .text.l2capStopTimer
                0x0000000000009b9c       0x1e C:\Users\bc-win10server\Desktop\dice\CH573EVT\EVT\EXAM\BLE\LIB\libCH57xBLE.a(l2cap.o)
                0x0000000000009b9c                l2capStopTimer
 .text.l2capDisconnectAllChannels
                0x0000000000009bba       0xdc C:\Users\bc-win10server\Desktop\dice\CH573EVT\EVT\EXAM\BLE\LIB\libCH57xBLE.a(l2cap.o)
                0x0000000000009bba                l2capDisconnectAllChannels
 .text.l2capHandleConnStatusCB
                0x0000000000009c96       0x3c C:\Users\bc-win10server\Desktop\dice\CH573EVT\EVT\EXAM\BLE\LIB\libCH57xBLE.a(l2cap.o)
                0x0000000000009c96                l2capHandleConnStatusCB
 .text.l2capHandleRxError
                0x0000000000009cd2        0x6 C:\Users\bc-win10server\Desktop\dice\CH573EVT\EVT\EXAM\BLE\LIB\libCH57xBLE.a(l2cap.o)
                0x0000000000009cd2                l2capHandleRxError
 .text.L2CAP_GetMTU
                0x0000000000009cd8        0x6 C:\Users\bc-win10server\Desktop\dice\CH573EVT\EVT\EXAM\BLE\LIB\libCH57xBLE.a(l2cap.o)
                0x0000000000009cd8                L2CAP_GetMTU
 .text.L2CAP_HostNumCompletedPkts
                0x0000000000009cde       0x28 C:\Users\bc-win10server\Desktop\dice\CH573EVT\EVT\EXAM\BLE\LIB\libCH57xBLE.a(l2cap.o)
                0x0000000000009cde                L2CAP_HostNumCompletedPkts
 .text.L2CAP_ParseConnectReq
                0x0000000000009d06       0x5e C:\Users\bc-win10server\Desktop\dice\CH573EVT\EVT\EXAM\BLE\LIB\libCH57xBLE.a(l2cap.o)
                0x0000000000009d06                L2CAP_ParseConnectReq
 .text.L2CAP_ParseFlowCtrlCredit
                0x0000000000009d64       0x2e C:\Users\bc-win10server\Desktop\dice\CH573EVT\EVT\EXAM\BLE\LIB\libCH57xBLE.a(l2cap.o)
                0x0000000000009d64                L2CAP_ParseFlowCtrlCredit
 .text.L2CAP_RegisterApp
                0x0000000000009d92       0x30 C:\Users\bc-win10server\Desktop\dice\CH573EVT\EVT\EXAM\BLE\LIB\libCH57xBLE.a(l2cap.o)
                0x0000000000009d92                L2CAP_RegisterApp
 .text.L2CAP_SetBufSize
                0x0000000000009dc2       0x1e C:\Users\bc-win10server\Desktop\dice\CH573EVT\EVT\EXAM\BLE\LIB\libCH57xBLE.a(l2cap.o)
                0x0000000000009dc2                L2CAP_SetBufSize
 .text.L2CAP_bm_alloc
                0x0000000000009de0       0x2a C:\Users\bc-win10server\Desktop\dice\CH573EVT\EVT\EXAM\BLE\LIB\libCH57xBLE.a(l2cap.o)
                0x0000000000009de0                L2CAP_bm_alloc
 .text.L2CAP_Init
                0x0000000000009e0a       0xf0 C:\Users\bc-win10server\Desktop\dice\CH573EVT\EVT\EXAM\BLE\LIB\libCH57xBLE.a(l2cap.o)
                0x0000000000009e0a                L2CAP_Init
 .text.L2CAP_ProcessEvent
                0x0000000000009efa       0xc8 C:\Users\bc-win10server\Desktop\dice\CH573EVT\EVT\EXAM\BLE\LIB\libCH57xBLE.a(l2cap.o)
                0x0000000000009efa                L2CAP_ProcessEvent
 .text.l2capParseCmdReject
                0x0000000000009fc2       0x5e C:\Users\bc-win10server\Desktop\dice\CH573EVT\EVT\EXAM\BLE\LIB\libCH57xBLE.a(l2cap_input.o)
                0x0000000000009fc2                l2capParseCmdReject
 .text.l2capParseDisconnectReq
                0x000000000000a020       0x2e C:\Users\bc-win10server\Desktop\dice\CH573EVT\EVT\EXAM\BLE\LIB\libCH57xBLE.a(l2cap_input.o)
                0x000000000000a020                l2capParseDisconnectReq
 .text.l2capParseDisconnectRsp
                0x000000000000a04e       0x2e C:\Users\bc-win10server\Desktop\dice\CH573EVT\EVT\EXAM\BLE\LIB\libCH57xBLE.a(l2cap_input.o)
                0x000000000000a04e                l2capParseDisconnectRsp
 .text.L2CAP_ParseParamUpdateReq
                0x000000000000a07c       0x4e C:\Users\bc-win10server\Desktop\dice\CH573EVT\EVT\EXAM\BLE\LIB\libCH57xBLE.a(l2cap_input.o)
                0x000000000000a07c                L2CAP_ParseParamUpdateReq
 .text.l2capParseParamUpdateRsp
                0x000000000000a0ca       0x1e C:\Users\bc-win10server\Desktop\dice\CH573EVT\EVT\EXAM\BLE\LIB\libCH57xBLE.a(l2cap_input.o)
                0x000000000000a0ca                l2capParseParamUpdateRsp
 .text.l2capProcessConnectReq
                0x000000000000a0e8       0xfc C:\Users\bc-win10server\Desktop\dice\CH573EVT\EVT\EXAM\BLE\LIB\libCH57xBLE.a(l2cap_input.o)
                0x000000000000a0e8                l2capProcessConnectReq
 .text.l2capParseConnectRsp
                0x000000000000a1e4       0x5e C:\Users\bc-win10server\Desktop\dice\CH573EVT\EVT\EXAM\BLE\LIB\libCH57xBLE.a(l2cap_input.o)
                0x000000000000a1e4                l2capParseConnectRsp
 .text.l2capParseSignalHdr
                0x000000000000a242       0x22 C:\Users\bc-win10server\Desktop\dice\CH573EVT\EVT\EXAM\BLE\LIB\libCH57xBLE.a(l2cap_input.o)
                0x000000000000a242                l2capParseSignalHdr
 .text.l2capParsePacket
                0x000000000000a264       0x8c C:\Users\bc-win10server\Desktop\dice\CH573EVT\EVT\EXAM\BLE\LIB\libCH57xBLE.a(l2cap_input.o)
                0x000000000000a264                l2capParsePacket
 .text.l2capProcessReq
                0x000000000000a2f0      0x15a C:\Users\bc-win10server\Desktop\dice\CH573EVT\EVT\EXAM\BLE\LIB\libCH57xBLE.a(l2cap_input.o)
                0x000000000000a2f0                l2capProcessReq
 .text.l2capProcessRsp
                0x000000000000a44a      0x150 C:\Users\bc-win10server\Desktop\dice\CH573EVT\EVT\EXAM\BLE\LIB\libCH57xBLE.a(l2cap_input.o)
                0x000000000000a44a                l2capProcessRsp
 .text.l2capProcessRxData
                0x000000000000a59a       0xf8 C:\Users\bc-win10server\Desktop\dice\CH573EVT\EVT\EXAM\BLE\LIB\libCH57xBLE.a(l2cap_input.o)
                0x000000000000a59a                l2capProcessRxData
 .text.l2capNotifyData
                0x000000000000a692       0x5a C:\Users\bc-win10server\Desktop\dice\CH573EVT\EVT\EXAM\BLE\LIB\libCH57xBLE.a(l2cap_output.o)
                0x000000000000a692                l2capNotifyData
 .text.l2capNotifySignal
                0x000000000000a6ec       0x76 C:\Users\bc-win10server\Desktop\dice\CH573EVT\EVT\EXAM\BLE\LIB\libCH57xBLE.a(l2cap_output.o)
                0x000000000000a6ec                l2capNotifySignal
 .text.l2capNotifyCreditEvt
                0x000000000000a762       0x9c C:\Users\bc-win10server\Desktop\dice\CH573EVT\EVT\EXAM\BLE\LIB\libCH57xBLE.a(l2cap_output.o)
                0x000000000000a762                l2capNotifyCreditEvt
 .text.l2capNotifyChannelEstEvt
                0x000000000000a7fe       0x58 C:\Users\bc-win10server\Desktop\dice\CH573EVT\EVT\EXAM\BLE\LIB\libCH57xBLE.a(l2cap_output.o)
                0x000000000000a7fe                l2capNotifyChannelEstEvt
 .text.l2capNotifyChannelTermEvt
                0x000000000000a856       0x3e C:\Users\bc-win10server\Desktop\dice\CH573EVT\EVT\EXAM\BLE\LIB\libCH57xBLE.a(l2cap_output.o)
                0x000000000000a856                l2capNotifyChannelTermEvt
 .text.l2capNotifyEvent
                0x000000000000a894       0x66 C:\Users\bc-win10server\Desktop\dice\CH573EVT\EVT\EXAM\BLE\LIB\libCH57xBLE.a(l2cap_output.o)
                0x000000000000a894                l2capNotifyEvent
 .text.l2capStoreFCPkt
                0x000000000000a8fa       0x32 C:\Users\bc-win10server\Desktop\dice\CH573EVT\EVT\EXAM\BLE\LIB\libCH57xBLE.a(l2cap_output.o)
                0x000000000000a8fa                l2capStoreFCPkt
 .text.l2capFreeTxSDU
                0x000000000000a92c       0x9a C:\Users\bc-win10server\Desktop\dice\CH573EVT\EVT\EXAM\BLE\LIB\libCH57xBLE.a(l2cap_output.o)
                0x000000000000a92c                l2capFreeTxSDU
 .text.l2capReassembleSegment
                0x000000000000a9c6      0x174 C:\Users\bc-win10server\Desktop\dice\CH573EVT\EVT\EXAM\BLE\LIB\libCH57xBLE.a(l2cap_output.o)
                0x000000000000a9c6                l2capReassembleSegment
 .text.l2capEncapSendData
                0x000000000000ab3a       0xec C:\Users\bc-win10server\Desktop\dice\CH573EVT\EVT\EXAM\BLE\LIB\libCH57xBLE.a(l2cap_output.o)
                0x000000000000ab3a                l2capEncapSendData
 .text.l2capSendFCPkt.part.3
                0x000000000000ac26       0x70 C:\Users\bc-win10server\Desktop\dice\CH573EVT\EVT\EXAM\BLE\LIB\libCH57xBLE.a(l2cap_output.o)
 .text.l2capSendSegment
                0x000000000000ac96      0x108 C:\Users\bc-win10server\Desktop\dice\CH573EVT\EVT\EXAM\BLE\LIB\libCH57xBLE.a(l2cap_output.o)
                0x000000000000ac96                l2capSendSegment
 .text.l2capSendNextSegment
                0x000000000000ad9e       0xb4 C:\Users\bc-win10server\Desktop\dice\CH573EVT\EVT\EXAM\BLE\LIB\libCH57xBLE.a(l2cap_output.o)
                0x000000000000ad9e                l2capSendNextSegment
 .text.l2capSendPkt
                0x000000000000ae52       0x3a C:\Users\bc-win10server\Desktop\dice\CH573EVT\EVT\EXAM\BLE\LIB\libCH57xBLE.a(l2cap_output.o)
                0x000000000000ae52                l2capSendPkt
 .text.L2CAP_SendData
                0x000000000000ae8c       0x82 C:\Users\bc-win10server\Desktop\dice\CH573EVT\EVT\EXAM\BLE\LIB\libCH57xBLE.a(l2cap_output.o)
                0x000000000000ae8c                L2CAP_SendData
 .text.l2capSendCmd
                0x000000000000af0e       0x8a C:\Users\bc-win10server\Desktop\dice\CH573EVT\EVT\EXAM\BLE\LIB\libCH57xBLE.a(l2cap_output.o)
                0x000000000000af0e                l2capSendCmd
 .text.l2capSendReq
                0x000000000000af98       0xbc C:\Users\bc-win10server\Desktop\dice\CH573EVT\EVT\EXAM\BLE\LIB\libCH57xBLE.a(l2cap_output.o)
                0x000000000000af98                l2capSendReq
 .text.l2capBuildDisconnectReq
                0x000000000000b054       0x28 C:\Users\bc-win10server\Desktop\dice\CH573EVT\EVT\EXAM\BLE\LIB\libCH57xBLE.a(l2cap_sdu.o)
 .text.l2capBuildParamUpdateReq
                0x000000000000b07c       0x4c C:\Users\bc-win10server\Desktop\dice\CH573EVT\EVT\EXAM\BLE\LIB\libCH57xBLE.a(l2cap_sdu.o)
 .text.l2capBuildParamUpdateRsp
                0x000000000000b0c8       0x16 C:\Users\bc-win10server\Desktop\dice\CH573EVT\EVT\EXAM\BLE\LIB\libCH57xBLE.a(l2cap_sdu.o)
 .text.l2capBuildConnectRsp
                0x000000000000b0de       0x5e C:\Users\bc-win10server\Desktop\dice\CH573EVT\EVT\EXAM\BLE\LIB\libCH57xBLE.a(l2cap_sdu.o)
 .text.l2capBuildCmdReject
                0x000000000000b13c       0x62 C:\Users\bc-win10server\Desktop\dice\CH573EVT\EVT\EXAM\BLE\LIB\libCH57xBLE.a(l2cap_sdu.o)
                0x000000000000b13c                l2capBuildCmdReject
 .text.l2capBuildDisconnectRsp
                0x000000000000b19e       0x28 C:\Users\bc-win10server\Desktop\dice\CH573EVT\EVT\EXAM\BLE\LIB\libCH57xBLE.a(l2cap_sdu.o)
                0x000000000000b19e                l2capBuildDisconnectRsp
 .text.l2capSendConnectRsp
                0x000000000000b1c6       0xa2 C:\Users\bc-win10server\Desktop\dice\CH573EVT\EVT\EXAM\BLE\LIB\libCH57xBLE.a(l2cap_sdu.o)
                0x000000000000b1c6                l2capSendConnectRsp
 .text.L2CAP_CmdReject
                0x000000000000b268       0x12 C:\Users\bc-win10server\Desktop\dice\CH573EVT\EVT\EXAM\BLE\LIB\libCH57xBLE.a(l2cap_sdu.o)
                0x000000000000b268                L2CAP_CmdReject
 .text.L2CAP_DisconnectReq
                0x000000000000b27a       0x2a C:\Users\bc-win10server\Desktop\dice\CH573EVT\EVT\EXAM\BLE\LIB\libCH57xBLE.a(l2cap_sdu.o)
                0x000000000000b27a                L2CAP_DisconnectReq
 .text.L2CAP_ConnParamUpdateReq
                0x000000000000b2a4       0x16 C:\Users\bc-win10server\Desktop\dice\CH573EVT\EVT\EXAM\BLE\LIB\libCH57xBLE.a(l2cap_sdu.o)
                0x000000000000b2a4                L2CAP_ConnParamUpdateReq
 .text.L2CAP_ConnParamUpdateRsp
                0x000000000000b2ba       0x12 C:\Users\bc-win10server\Desktop\dice\CH573EVT\EVT\EXAM\BLE\LIB\libCH57xBLE.a(l2cap_sdu.o)
                0x000000000000b2ba                L2CAP_ConnParamUpdateRsp
 .text.reportStatusChange
                0x000000000000b2cc       0x3e C:\Users\bc-win10server\Desktop\dice\CH573EVT\EVT\EXAM\BLE\LIB\libCH57xBLE.a(linkdb.o)
 .text.linkDB_Init
                0x000000000000b30a       0x8e C:\Users\bc-win10server\Desktop\dice\CH573EVT\EVT\EXAM\BLE\LIB\libCH57xBLE.a(linkdb.o)
                0x000000000000b30a                linkDB_Init
 .text.linkDB_Find
                0x000000000000b398       0x2c C:\Users\bc-win10server\Desktop\dice\CH573EVT\EVT\EXAM\BLE\LIB\libCH57xBLE.a(linkdb.o)
                0x000000000000b398                linkDB_Find
 .text.linkDB_Authen
                0x000000000000b3c4       0x5c C:\Users\bc-win10server\Desktop\dice\CH573EVT\EVT\EXAM\BLE\LIB\libCH57xBLE.a(linkdb.o)
                0x000000000000b3c4                linkDB_Authen
 .text.linkDB_FindByAddr
                0x000000000000b420       0x76 C:\Users\bc-win10server\Desktop\dice\CH573EVT\EVT\EXAM\BLE\LIB\libCH57xBLE.a(linkdb.o)
                0x000000000000b420                linkDB_FindByAddr
 .text.linkDB_FindFirst
                0x000000000000b496       0x38 C:\Users\bc-win10server\Desktop\dice\CH573EVT\EVT\EXAM\BLE\LIB\libCH57xBLE.a(linkdb.o)
                0x000000000000b496                linkDB_FindFirst
 .text.linkDB_MTU
                0x000000000000b4ce       0x18 C:\Users\bc-win10server\Desktop\dice\CH573EVT\EVT\EXAM\BLE\LIB\libCH57xBLE.a(linkdb.o)
                0x000000000000b4ce                linkDB_MTU
 .text.linkDB_NumActive
                0x000000000000b4e6       0x2e C:\Users\bc-win10server\Desktop\dice\CH573EVT\EVT\EXAM\BLE\LIB\libCH57xBLE.a(linkdb.o)
                0x000000000000b4e6                linkDB_NumActive
 .text.linkDB_NumConns
                0x000000000000b514        0x6 C:\Users\bc-win10server\Desktop\dice\CH573EVT\EVT\EXAM\BLE\LIB\libCH57xBLE.a(linkdb.o)
                0x000000000000b514                linkDB_NumConns
 .text.linkDB_Register
                0x000000000000b51a       0x28 C:\Users\bc-win10server\Desktop\dice\CH573EVT\EVT\EXAM\BLE\LIB\libCH57xBLE.a(linkdb.o)
                0x000000000000b51a                linkDB_Register
 .text.linkDB_Remove
                0x000000000000b542       0x48 C:\Users\bc-win10server\Desktop\dice\CH573EVT\EVT\EXAM\BLE\LIB\libCH57xBLE.a(linkdb.o)
                0x000000000000b542                linkDB_Remove
 .text.linkDB_Role
                0x000000000000b58a       0x18 C:\Users\bc-win10server\Desktop\dice\CH573EVT\EVT\EXAM\BLE\LIB\libCH57xBLE.a(linkdb.o)
                0x000000000000b58a                linkDB_Role
 .text.linkDB_State
                0x000000000000b5a2       0x30 C:\Users\bc-win10server\Desktop\dice\CH573EVT\EVT\EXAM\BLE\LIB\libCH57xBLE.a(linkdb.o)
                0x000000000000b5a2                linkDB_State
 .text.linkDB_UpdateMTU
                0x000000000000b5d2       0x28 C:\Users\bc-win10server\Desktop\dice\CH573EVT\EVT\EXAM\BLE\LIB\libCH57xBLE.a(linkdb.o)
                0x000000000000b5d2                linkDB_UpdateMTU
 .text.linkDB_PerformFunc
                0x000000000000b5fa       0x52 C:\Users\bc-win10server\Desktop\dice\CH573EVT\EVT\EXAM\BLE\LIB\libCH57xBLE.a(linkdb.o)
                0x000000000000b5fa                linkDB_PerformFunc
 .text.linkDB_PeripheralLinkNum
                0x000000000000b64c       0x3e C:\Users\bc-win10server\Desktop\dice\CH573EVT\EVT\EXAM\BLE\LIB\libCH57xBLE.a(linkdb.o)
                0x000000000000b64c                linkDB_PeripheralLinkNum
 .text.linkDB_GetSMEvtID
                0x000000000000b68a       0x58 C:\Users\bc-win10server\Desktop\dice\CH573EVT\EVT\EXAM\BLE\LIB\libCH57xBLE.a(linkdb.o)
                0x000000000000b68a                linkDB_GetSMEvtID
 .text.linkDB_Add
                0x000000000000b6e2       0xb2 C:\Users\bc-win10server\Desktop\dice\CH573EVT\EVT\EXAM\BLE\LIB\libCH57xBLE.a(linkdb.o)
                0x000000000000b6e2                linkDB_Add
 .text.linkDB_GetHandleFromSMEvtID
                0x000000000000b794       0x32 C:\Users\bc-win10server\Desktop\dice\CH573EVT\EVT\EXAM\BLE\LIB\libCH57xBLE.a(linkdb.o)
                0x000000000000b794                linkDB_GetHandleFromSMEvtID
 .text.linkDB_GetPairingParam
                0x000000000000b7c6       0x54 C:\Users\bc-win10server\Desktop\dice\CH573EVT\EVT\EXAM\BLE\LIB\libCH57xBLE.a(linkdb.o)
                0x000000000000b7c6                linkDB_GetPairingParam
 .text.linkDB_NeedSendKey
                0x000000000000b81a       0x42 C:\Users\bc-win10server\Desktop\dice\CH573EVT\EVT\EXAM\BLE\LIB\libCH57xBLE.a(linkdb.o)
                0x000000000000b81a                linkDB_NeedSendKey
 .text.smpBuildPairingFailed
                0x000000000000b85c       0x1a C:\Users\bc-win10server\Desktop\dice\CH573EVT\EVT\EXAM\BLE\LIB\libCH57xBLE.a(sm.o)
                0x000000000000b85c                smpBuildPairingFailed
 .text.SM_StartEncryption
                0x000000000000b876       0x98 C:\Users\bc-win10server\Desktop\dice\CH573EVT\EVT\EXAM\BLE\LIB\libCH57xBLE.a(sm.o)
                0x000000000000b876                SM_StartEncryption
 .text.smpBuildEncInfo
                0x000000000000b90e       0x30 C:\Users\bc-win10server\Desktop\dice\CH573EVT\EVT\EXAM\BLE\LIB\libCH57xBLE.a(sm.o)
                0x000000000000b90e                smpBuildEncInfo
 .text.smpBuildIdentityAddrInfo
                0x000000000000b93e       0x3a C:\Users\bc-win10server\Desktop\dice\CH573EVT\EVT\EXAM\BLE\LIB\libCH57xBLE.a(sm.o)
                0x000000000000b93e                smpBuildIdentityAddrInfo
 .text.smpBuildIdentityInfo
                0x000000000000b978       0x30 C:\Users\bc-win10server\Desktop\dice\CH573EVT\EVT\EXAM\BLE\LIB\libCH57xBLE.a(sm.o)
                0x000000000000b978                smpBuildIdentityInfo
 .text.smpBuildMasterID
                0x000000000000b9a8       0x44 C:\Users\bc-win10server\Desktop\dice\CH573EVT\EVT\EXAM\BLE\LIB\libCH57xBLE.a(sm.o)
                0x000000000000b9a8                smpBuildMasterID
 .text.smpBuildPairingConfirm
                0x000000000000b9ec       0x30 C:\Users\bc-win10server\Desktop\dice\CH573EVT\EVT\EXAM\BLE\LIB\libCH57xBLE.a(sm.o)
                0x000000000000b9ec                smpBuildPairingConfirm
 .text.smpBuildPairingRandom
                0x000000000000ba1c       0x30 C:\Users\bc-win10server\Desktop\dice\CH573EVT\EVT\EXAM\BLE\LIB\libCH57xBLE.a(sm.o)
                0x000000000000ba1c                smpBuildPairingRandom
 .text.smpBuildSigningInfo
                0x000000000000ba4c       0x30 C:\Users\bc-win10server\Desktop\dice\CH573EVT\EVT\EXAM\BLE\LIB\libCH57xBLE.a(sm.o)
                0x000000000000ba4c                smpBuildSigningInfo
 .text.SM_ParamInit
                0x000000000000ba7c       0x5a C:\Users\bc-win10server\Desktop\dice\CH573EVT\EVT\EXAM\BLE\LIB\libCH57xBLE.a(sm.o)
                0x000000000000ba7c                SM_ParamInit
 .text.smDetermineKeySize
                0x000000000000bad6       0x20 C:\Users\bc-win10server\Desktop\dice\CH573EVT\EVT\EXAM\BLE\LIB\libCH57xBLE.a(sm.o)
                0x000000000000bad6                smDetermineKeySize
 .text.smProcessRandComplete
                0x000000000000baf6       0x9e C:\Users\bc-win10server\Desktop\dice\CH573EVT\EVT\EXAM\BLE\LIB\libCH57xBLE.a(sm.o)
                0x000000000000baf6                smProcessRandComplete
 .text.smSavePairInfo
                0x000000000000bb94      0x186 C:\Users\bc-win10server\Desktop\dice\CH573EVT\EVT\EXAM\BLE\LIB\libCH57xBLE.a(sm.o)
                0x000000000000bb94                smSavePairInfo
 .text.smSetPairingReqRsp
                0x000000000000bd1a       0x38 C:\Users\bc-win10server\Desktop\dice\CH573EVT\EVT\EXAM\BLE\LIB\libCH57xBLE.a(sm.o)
                0x000000000000bd1a                smSetPairingReqRsp
 .text.smStartEncryption
                0x000000000000bd52       0x16 C:\Users\bc-win10server\Desktop\dice\CH573EVT\EVT\EXAM\BLE\LIB\libCH57xBLE.a(sm.o)
                0x000000000000bd52                smStartEncryption
 .text.smStartRspTimer
                0x000000000000bd68       0x36 C:\Users\bc-win10server\Desktop\dice\CH573EVT\EVT\EXAM\BLE\LIB\libCH57xBLE.a(sm.o)
                0x000000000000bd68                smStartRspTimer
 .text.smSendSMMsg
                0x000000000000bd9e       0x5c C:\Users\bc-win10server\Desktop\dice\CH573EVT\EVT\EXAM\BLE\LIB\libCH57xBLE.a(sm.o)
                0x000000000000bd9e                smSendSMMsg
 .text.smGenerateConfirm
                0x000000000000bdfa       0x34 C:\Users\bc-win10server\Desktop\dice\CH573EVT\EVT\EXAM\BLE\LIB\libCH57xBLE.a(sm.o)
                0x000000000000bdfa                smGenerateConfirm
 .text.smGenerateRandMsg
                0x000000000000be2e       0x34 C:\Users\bc-win10server\Desktop\dice\CH573EVT\EVT\EXAM\BLE\LIB\libCH57xBLE.a(sm.o)
                0x000000000000be2e                smGenerateRandMsg
 .text.smPairingSendEncInfo
                0x000000000000be62       0x10 C:\Users\bc-win10server\Desktop\dice\CH573EVT\EVT\EXAM\BLE\LIB\libCH57xBLE.a(sm.o)
                0x000000000000be62                smPairingSendEncInfo
 .text.smPairingSendIdentityAddrInfo
                0x000000000000be72       0x38 C:\Users\bc-win10server\Desktop\dice\CH573EVT\EVT\EXAM\BLE\LIB\libCH57xBLE.a(sm.o)
                0x000000000000be72                smPairingSendIdentityAddrInfo
 .text.smPairingSendIdentityInfo
                0x000000000000beaa       0x10 C:\Users\bc-win10server\Desktop\dice\CH573EVT\EVT\EXAM\BLE\LIB\libCH57xBLE.a(sm.o)
                0x000000000000beaa                smPairingSendIdentityInfo
 .text.smPairingSendMasterID
                0x000000000000beba       0x38 C:\Users\bc-win10server\Desktop\dice\CH573EVT\EVT\EXAM\BLE\LIB\libCH57xBLE.a(sm.o)
                0x000000000000beba                smPairingSendMasterID
 .text.smPairingSendSingingInfo
                0x000000000000bef2       0x10 C:\Users\bc-win10server\Desktop\dice\CH573EVT\EVT\EXAM\BLE\LIB\libCH57xBLE.a(sm.o)
                0x000000000000bef2                smPairingSendSingingInfo
 .text.smInitiatorSendNextKeyInfo
                0x000000000000bf02      0x1c2 C:\Users\bc-win10server\Desktop\dice\CH573EVT\EVT\EXAM\BLE\LIB\libCH57xBLE.a(sm.o)
                0x000000000000bf02                smInitiatorSendNextKeyInfo
 .text.smResponderSendNextKeyInfo
                0x000000000000c0c4      0x216 C:\Users\bc-win10server\Desktop\dice\CH573EVT\EVT\EXAM\BLE\LIB\libCH57xBLE.a(sm.o)
                0x000000000000c0c4                smResponderSendNextKeyInfo
 .text.smGeneratePairingReqRsp
                0x000000000000c2da       0x3e C:\Users\bc-win10server\Desktop\dice\CH573EVT\EVT\EXAM\BLE\LIB\libCH57xBLE.a(sm.o)
                0x000000000000c2da                smGeneratePairingReqRsp
 .text.smStopRspTimer
                0x000000000000c318        0xa C:\Users\bc-win10server\Desktop\dice\CH573EVT\EVT\EXAM\BLE\LIB\libCH57xBLE.a(sm.o)
                0x000000000000c318                smStopRspTimer
 .text.smFreePairingParams
                0x000000000000c322       0x68 C:\Users\bc-win10server\Desktop\dice\CH573EVT\EVT\EXAM\BLE\LIB\libCH57xBLE.a(sm.o)
                0x000000000000c322                smFreePairingParams
 .text.smEndPairing
                0x000000000000c38a       0x5c C:\Users\bc-win10server\Desktop\dice\CH573EVT\EVT\EXAM\BLE\LIB\libCH57xBLE.a(sm.o)
                0x000000000000c38a                smEndPairing
 .text.setupInitiatorKeys
                0x000000000000c3e6       0x82 C:\Users\bc-win10server\Desktop\dice\CH573EVT\EVT\EXAM\BLE\LIB\libCH57xBLE.a(sm.o)
                0x000000000000c3e6                setupInitiatorKeys
 .text.smNextPairingState
                0x000000000000c468       0x56 C:\Users\bc-win10server\Desktop\dice\CH573EVT\EVT\EXAM\BLE\LIB\libCH57xBLE.a(sm.o)
                0x000000000000c468                smNextPairingState
 .text.smProcessEncryptChange
                0x000000000000c4be       0xde C:\Users\bc-win10server\Desktop\dice\CH573EVT\EVT\EXAM\BLE\LIB\libCH57xBLE.a(sm.o)
                0x000000000000c4be                smProcessEncryptChange
 .text.smSendFailAndEnd
                0x000000000000c59c       0x38 C:\Users\bc-win10server\Desktop\dice\CH573EVT\EVT\EXAM\BLE\LIB\libCH57xBLE.a(sm.o)
                0x000000000000c59c                smSendFailAndEnd
 .text.smProcessPairingReq
                0x000000000000c5d4       0x3c C:\Users\bc-win10server\Desktop\dice\CH573EVT\EVT\EXAM\BLE\LIB\libCH57xBLE.a(sm.o)
                0x000000000000c5d4                smProcessPairingReq
 .text.smLinkCheck
                0x000000000000c610       0x34 C:\Users\bc-win10server\Desktop\dice\CH573EVT\EVT\EXAM\BLE\LIB\libCH57xBLE.a(sm.o)
                0x000000000000c610                smLinkCheck
 .text.smTimedOut
                0x000000000000c644       0x20 C:\Users\bc-win10server\Desktop\dice\CH573EVT\EVT\EXAM\BLE\LIB\libCH57xBLE.a(sm.o)
                0x000000000000c644                smTimedOut
 .text.smUint8ToAuthReq
                0x000000000000c664        0x6 C:\Users\bc-win10server\Desktop\dice\CH573EVT\EVT\EXAM\BLE\LIB\libCH57xBLE.a(sm.o)
                0x000000000000c664                smUint8ToAuthReq
 .text.sm_ah    0x000000000000c66a       0x80 C:\Users\bc-win10server\Desktop\dice\CH573EVT\EVT\EXAM\BLE\LIB\libCH57xBLE.a(sm.o)
                0x000000000000c66a                sm_ah
 .text.sm_xor   0x000000000000c6ea       0x24 C:\Users\bc-win10server\Desktop\dice\CH573EVT\EVT\EXAM\BLE\LIB\libCH57xBLE.a(sm.o)
                0x000000000000c6ea                sm_xor
 .text.sm_c1new
                0x000000000000c70e      0x11c C:\Users\bc-win10server\Desktop\dice\CH573EVT\EVT\EXAM\BLE\LIB\libCH57xBLE.a(sm.o)
                0x000000000000c70e                sm_c1new